Component: ARM Compiler 5.06 update 7 (build 960) Tool: armlink [4d3601]

==============================================================================

Section Cross References

    startup_stm32f103xb.o(STACK) refers (Special) to heapauxi.o(.text) for __use_two_region_memory
    startup_stm32f103xb.o(HEAP) refers (Special) to heapauxi.o(.text) for __use_two_region_memory
    startup_stm32f103xb.o(RESET) refers (Special) to heapauxi.o(.text) for __use_two_region_memory
    startup_stm32f103xb.o(RESET) refers to startup_stm32f103xb.o(STACK) for __initial_sp
    startup_stm32f103xb.o(RESET) refers to startup_stm32f103xb.o(.text) for Reset_Handler
    startup_stm32f103xb.o(RESET) refers to stm32f1xx_it.o(i.NMI_Handler) for NMI_Handler
    startup_stm32f103xb.o(RESET) refers to stm32f1xx_it.o(i.HardFault_Handler) for HardFault_Handler
    startup_stm32f103xb.o(RESET) refers to stm32f1xx_it.o(i.MemManage_Handler) for MemManage_Handler
    startup_stm32f103xb.o(RESET) refers to stm32f1xx_it.o(i.BusFault_Handler) for BusFault_Handler
    startup_stm32f103xb.o(RESET) refers to stm32f1xx_it.o(i.UsageFault_Handler) for UsageFault_Handler
    startup_stm32f103xb.o(RESET) refers to stm32f1xx_it.o(i.SVC_Handler) for SVC_Handler
    startup_stm32f103xb.o(RESET) refers to stm32f1xx_it.o(i.DebugMon_Handler) for DebugMon_Handler
    startup_stm32f103xb.o(RESET) refers to stm32f1xx_it.o(i.PendSV_Handler) for PendSV_Handler
    startup_stm32f103xb.o(RESET) refers to stm32f1xx_it.o(i.SysTick_Handler) for SysTick_Handler
    startup_stm32f103xb.o(RESET) refers to stm32f1xx_it.o(i.TIM4_IRQHandler) for TIM4_IRQHandler
    startup_stm32f103xb.o(RESET) refers to stm32f1xx_it.o(i.USART1_IRQHandler) for USART1_IRQHandler
    startup_stm32f103xb.o(.text) refers (Special) to heapauxi.o(.text) for __use_two_region_memory
    startup_stm32f103xb.o(.text) refers to system_stm32f1xx.o(i.SystemInit) for SystemInit
    startup_stm32f103xb.o(.text) refers to __main.o(!!!main) for __main
    startup_stm32f103xb.o(.text) refers to startup_stm32f103xb.o(HEAP) for Heap_Mem
    startup_stm32f103xb.o(.text) refers to startup_stm32f103xb.o(STACK) for Stack_Mem
    main.o(i.Body_hc) refers to hc-sr501.o(i.BODY_HW_GetData) for BODY_HW_GetData
    main.o(i.Body_hc) refers to oled.o(i.OLED_printf) for OLED_printf
    main.o(i.Body_hc) refers to stm32f1xx_hal_gpio.o(i.HAL_GPIO_WritePin) for HAL_GPIO_WritePin
    main.o(i.Body_hc) refers to main_program.o(i.send_json_data_t) for send_json_data_t
    main.o(i.Body_hc) refers to main.o(.data) for value
    main.o(i.SystemClock_Config) refers to rt_memclr_w.o(.text) for __aeabi_memclr4
    main.o(i.SystemClock_Config) refers to stm32f1xx_hal_rcc.o(i.HAL_RCC_OscConfig) for HAL_RCC_OscConfig
    main.o(i.SystemClock_Config) refers to main.o(i.Error_Handler) for Error_Handler
    main.o(i.SystemClock_Config) refers to stm32f1xx_hal_rcc.o(i.HAL_RCC_ClockConfig) for HAL_RCC_ClockConfig
    main.o(i.irmq2) refers to ir.o(i.IR_FireData) for IR_FireData
    main.o(i.irmq2) refers to mq2.o(i.MQ2_GetData) for MQ2_GetData
    main.o(i.irmq2) refers to oled.o(i.OLED_printf) for OLED_printf
    main.o(i.irmq2) refers to stm32f1xx_hal_gpio.o(i.HAL_GPIO_WritePin) for HAL_GPIO_WritePin
    main.o(i.irmq2) refers to main.o(.data) for ir
    main.o(i.main) refers to stm32f1xx_hal.o(i.HAL_Init) for HAL_Init
    main.o(i.main) refers to main.o(i.SystemClock_Config) for SystemClock_Config
    main.o(i.main) refers to gpio.o(i.MX_GPIO_Init) for MX_GPIO_Init
    main.o(i.main) refers to tim.o(i.MX_TIM1_Init) for MX_TIM1_Init
    main.o(i.main) refers to tim.o(i.MX_TIM2_Init) for MX_TIM2_Init
    main.o(i.main) refers to tim.o(i.MX_TIM3_Init) for MX_TIM3_Init
    main.o(i.main) refers to i2c.o(i.MX_I2C1_Init) for MX_I2C1_Init
    main.o(i.main) refers to usart.o(i.MX_USART1_UART_Init) for MX_USART1_UART_Init
    main.o(i.main) refers to tim.o(i.MX_TIM4_Init) for MX_TIM4_Init
    main.o(i.main) refers to stm32f1xx_hal_uart.o(i.HAL_UART_IRQHandler) for HAL_UART_IRQHandler
    main.o(i.main) refers to esp8266.o(i.esp8266_send_cmd) for esp8266_send_cmd
    main.o(i.main) refers to oled.o(i.OLED_init) for OLED_init
    main.o(i.main) refers to stm32f1xx_hal_tim.o(i.HAL_TIM_Base_Start) for HAL_TIM_Base_Start
    main.o(i.main) refers to jsq.o(i.JSQ_Init) for JSQ_Init
    main.o(i.main) refers to ptc.o(i.PTC_Init) for PTC_Init
    main.o(i.main) refers to l9110.o(i.L9110_Init) for L9110_Init
    main.o(i.main) refers to ir.o(i.IR_Init) for IR_Init
    main.o(i.main) refers to beep.o(i.BEEP_Init) for BEEP_Init
    main.o(i.main) refers to hc-sr501.o(i.BODY_HW_Init) for BODY_HW_Init
    main.o(i.main) refers to humi_balance.o(i.humi_pid_init) for humi_pid_init
    main.o(i.main) refers to tem_balance.o(i.temp_pid_init) for temp_pid_init
    main.o(i.main) refers to stm32f1xx_hal_uart.o(i.UART_Start_Receive_IT) for UART_Start_Receive_IT
    main.o(i.main) refers to esp8266.o(i.esp8266_connect_server) for esp8266_connect_server
[...]
    __user_heap_extent                        - Undefined Weak Reference
    _atexit_init                              - Undefined Weak Reference
    _call_atexit_fns                          - Undefined Weak Reference
    _clock_init                               - Undefined Weak Reference
    _fp_trap_init                             - Undefined Weak Reference
    _fp_trap_shutdown                         - Undefined Weak Reference
    _get_lc_collate                           - Undefined Weak Reference
    _get_lc_monetary                          - Undefined Weak Reference
    _get_lc_time                              - Undefined Weak Reference
    _getenv_init                              - Undefined Weak Reference
    _handle_redirection                       - Undefined Weak Reference
    _mutex_acquire                            - Undefined Weak Reference
    _mutex_free                               - Undefined Weak Reference
    _mutex_release                            - Undefined Weak Reference
    _printf_mbtowc                            - Undefined Weak Reference
    _printf_wc                                - Undefined Weak Reference
    _rand_init                                - Undefined Weak Reference
    _scanf_longlong                           - Undefined Weak Reference
    _scanf_mbtowc                             - Undefined Weak Reference
    _scanf_wctomb                             - Undefined Weak Reference
    _scanf_wstring                            - Undefined Weak Reference
    _signal_finish                            - Undefined Weak Reference
    _signal_init                              - Undefined Weak Reference
    __Vectors_Size                           0x000000ec   Number         0  startup_stm32f103xb.o ABSOLUTE
    __Vectors                                0x08000000   Data           4  startup_stm32f103xb.o(RESET)
    __Vectors_End                            0x080000ec   Data           0  startup_stm32f103xb.o(RESET)
    __main                                   0x080000ed   Thumb Code     8  __main.o(!!!main)
    __scatterload                            0x080000f5   Thumb Code     0  __scatter.o(!!!scatter)
    __scatterload_rt2                        0x080000f5   Thumb Code    44  __scatter.o(!!!scatter)
    __scatterload_rt2_thumb_only             0x080000f5   Thumb Code     0  __scatter.o(!!!scatter)
    __scatterload_null                       0x08000103   Thumb Code     0  __scatter.o(!!!scatter)
    __scatterload_copy                       0x08000129   Thumb Code    26  __scatter_copy.o(!!handler_copy)
    __scatterload_zeroinit                   0x08000145   Thumb Code    28  __scatter_zi.o(!!handler_zi)
    _printf_n                                0x08000161   Thumb Code     0  _printf_n.o(.ARM.Collect$$_printf_percent$$00000001)
    _printf_percent                          0x08000161   Thumb Code     0  _printf_percent.o(.ARM.Collect$$_printf_percent$$00000000)
    _printf_p                                0x08000167   Thumb Code     0  _printf_p.o(.ARM.Collect$$_printf_percent$$00000002)
    _printf_f                                0x0800016d   Thumb Code     0  _printf_f.o(.ARM.Collect$$_printf_percent$$00000003)
    _printf_e                                0x08000173   Thumb Code     0  _printf_e.o(.ARM.Collect$$_printf_percent$$00000004)
    _printf_g                                0x08000179   Thumb Code     0  _printf_g.o(.ARM.Collect$$_printf_percent$$00000005)
    _printf_a                                0x0800017f   Thumb Code     0  _printf_a.o(.ARM.Collect$$_printf_percent$$00000006)
    _printf_ll                               0x08000185   Thumb Code     0  _printf_ll.o(.ARM.Collect$$_printf_percent$$00000007)
    _printf_i                                0x0800018f   Thumb Code     0  _printf_i.o(.ARM.Collect$$_printf_percent$$00000008)
    _printf_d                                0x08000195   Thumb Code     0  _printf_d.o(.ARM.Collect$$_printf_percent$$00000009)
    _printf_u                                0x0800019b   Thumb Code     0  _printf_u.o(.ARM.Collect$$_printf_percent$$0000000A)
    _printf_o                                0x080001a1   Thumb Code     0  _printf_o.o(.ARM.Collect$$_printf_percent$$0000000B)
    _printf_x                                0x080001a7   Thumb Code     0  _printf_x.o(.ARM.Collect$$_printf_percent$$0000000C)
    _printf_lli                              0x080001ad   Thumb Code     0  _printf_lli.o(.ARM.Collect$$_printf_percent$$0000000D)
    _printf_lld                              0x080001b3   Thumb Code     0  _printf_lld.o(.ARM.Collect$$_printf_percent$$0000000E)
    _printf_llu                              0x080001b9   Thumb Code     0  _printf_llu.o(.ARM.Collect$$_printf_percent$$0000000F)
    _printf_llo                              0x080001bf   Thumb Code     0  _printf_llo.o(.ARM.Collect$$_printf_percent$$00000010)
    _printf_llx                              0x080001c5   Thumb Code     0  _printf_llx.o(.ARM.Collect$$_printf_percent$$00000011)
    _printf_l                                0x080001cb   Thumb Code     0  _printf_l.o(.ARM.Collect$$_printf_percent$$00000012)
    _printf_c                                0x080001d5   Thumb Code     0  _printf_c.o(.ARM.Collect$$_printf_percent$$00000013)
    _printf_s                                0x080001db   Thumb Code     0  _printf_s.o(.ARM.Collect$$_printf_percent$$00000014)
    _printf_lc                               0x080001e1   Thumb Code     0  _printf_lc.o(.ARM.Collect$$_printf_percent$$00000015)
    _printf_ls                               0x080001e7   Thumb Code     0  _printf_ls.o(.ARM.Collect$$_printf_percent$$00000016)
    _printf_percent_end                      0x080001ed   Thumb Code     0  _printf_percent_end.o(.ARM.Collect$$_printf_percent$$00000017)
    __rt_lib_init                            0x080001f1   Thumb Code     0  libinit.o(.ARM.Collect$$libinit$$00000000)
    __rt_lib_init_fp_1                       0x080001f3   Thumb Code     0  libinit2.o(.ARM.Collect$$libinit$$00000002)
    __rt_lib_init_heap_1                     0x080001f3   Thumb Code     0  libinit2.o(.ARM.Collect$$libinit$$0000000A)
    __rt_lib_init_lc_common                  0x080001f3   Thumb Code     0  libinit2.o(.ARM.Collect$$libinit$$0000000F)
    __rt_lib_init_preinit_1                  0x080001f3   Thumb Code     0  libinit2.o(.ARM.Collect$$libinit$$00000004)
    __rt_lib_init_rand_1                     0x080001f3   Thumb Code     0  libinit2.o(.ARM.Collect$$libinit$$0000000E)
    __rt_lib_init_user_alloc_1               0x080001f3   Thumb Code     0  libinit2.o(.ARM.Collect$$libinit$$0000000C)
    __rt_lib_init_lc_collate_1               0x080001f9   Thumb Code     0  libinit2.o(.ARM.Collect$$libinit$$00000011)
    __rt_lib_init_lc_ctype_2                 0x080001f9   Thumb Code     0  libinit2.o(.ARM.Collect$$libinit$$00000012)
    __rt_lib_init_lc_ctype_1                 0x08000205   Thumb Code     0  libinit2.o(.ARM.Collect$$libinit$$00000013)
    __rt_lib_init_lc_monetary_1              0x08000205   Thumb Code     0  libinit2.o(.ARM.Collect$$libinit$$00000015)
    __rt_lib_init_lc_numeric_2               0x08000205   Thumb Code     0  libinit2.o(.ARM.Collect$$libinit$$00000016)
    __rt_lib_init_alloca_1                   0x0800020f   Thumb Code     0  libinit2.o(.ARM.Collect$$libinit$$0000002E)
    __rt_lib_init_argv_1                     0x0800020f   Thumb Code     0  libinit2.o(.ARM.Collect$$libinit$$0000002C)
    __rt_lib_init_atexit_1                   0x0800020f   Thumb Code     0  libinit2.o(.ARM.Collect$$libinit$$0000001B)
    __rt_lib_init_clock_1                    0x0800020f   Thumb Code     0  libinit2.o(.ARM.Collect$$libinit$$00000021)
    __rt_lib_init_cpp_1                      0x0800020f   Thumb Code     0  libinit2.o(.ARM.Collect$$libinit$$00000032)
    __rt_lib_init_exceptions_1               0x0800020f   Thumb Code     0  libinit2.o(.ARM.Collect$$libinit$$00000030)
    __rt_lib_init_fp_trap_1                  0x0800020f   Thumb Code     0  libinit2.o(.ARM.Collect$$libinit$$0000001F)
    __rt_lib_init_getenv_1                   0x0800020f   Thumb Code     0  libinit2.o(.ARM.Collect$$libinit$$00000023)
    __rt_lib_init_lc_numeric_1               0x0800020f   Thumb Code     0  libinit2.o(.ARM.Collect$$libinit$$00000017)
    __rt_lib_init_lc_time_1                  0x0800020f   Thumb Code     0  libinit2.o(.ARM.Collect$$libinit$$00000019)
    __rt_lib_init_return                     0x0800020f   Thumb Code     0  libinit2.o(.ARM.Collect$$libinit$$00000033)
    __rt_lib_init_signal_1                   0x0800020f   Thumb Code     0  libinit2.o(.ARM.Collect$$libinit$$0000001D)
    __rt_lib_init_stdio_1                    0x0800020f   Thumb Code     0  libinit2.o(.ARM.Collect$$libinit$$00000025)
    __rt_lib_shutdown                        0x08000211   Thumb Code     0  libshutdown.o(.ARM.Collect$$libshutdown$$00000000)
    __rt_lib_shutdown_cpp_1                  0x08000213   Thumb Code     0  libshutdown2.o(.ARM.Collect$$libshutdown$$00000004)
    __rt_lib_shutdown_fini_1                 0x08000213   Thumb Code     0  libshutdown2.o(.ARM.Collect$$libshutdown$$00000002)
    __rt_lib_shutdown_fp_trap_1              0x08000213   Thumb Code     0  libshutdown2.o(.ARM.Collect$$libshutdown$$00000009)
    __rt_lib_shutdown_heap_1                 0x08000213   Thumb Code     0  libshutdown2.o(.ARM.Collect$$libshutdown$$00000011)
    __rt_lib_shutdown_return                 0x08000213   Thumb Code     0  libshutdown2.o(.ARM.Collect$$libshutdown$$00000012)
    __rt_lib_shutdown_signal_1               0x08000213   Thumb Code     0  libshutdown2.o(.ARM.Collect$$libshutdown$$0000000C)
    __rt_lib_shutdown_stdio_1                0x08000213   Thumb Code     0  libshutdown2.o(.ARM.Collect$$libshutdown$$00000006)
    __rt_lib_shutdown_user_alloc_1           0x08000213   Thumb Code     0  libshutdown2.o(.ARM.Collect$$libshutdown$$0000000E)
    __rt_entry                               0x08000215   Thumb Code     0  __rtentry.o(.ARM.Collect$$rtentry$$00000000)
    __rt_entry_presh_1                       0x08000215   Thumb Code     0  __rtentry2.o(.ARM.Collect$$rtentry$$00000002)
    __rt_entry_sh                            0x08000215   Thumb Code     0  __rtentry4.o(.ARM.Collect$$rtentry$$00000004)
    __rt_entry_li                            0x0800021b   Thumb Code     0  __rtentry2.o(.ARM.Collect$$rtentry$$0000000A)
    __rt_entry_postsh_1                      0x0800021b   Thumb Code     0  __rtentry2.o(.ARM.Collect$$rtentry$$00000009)
    __rt_entry_main                          0x0800021f   Thumb Code     0  __rtentry2.o(.ARM.Collect$$rtentry$$0000000D)
    __rt_entry_postli_1                      0x0800021f   Thumb Code     0  __rtentry2.o(.ARM.Collect$$rtentry$$0000000C)
    __rt_exit                                0x08000227   Thumb Code     0  rtexit.o(.ARM.Collect$$rtexit$$00000000)
    __rt_exit_ls                             0x08000229   Thumb Code     0  rtexit2.o(.ARM.Collect$$rtexit$$00000003)
    __rt_exit_prels_1                        0x08000229   Thumb Code     0  rtexit2.o(.ARM.Collect$$rtexit$$00000002)
    __rt_exit_exit                           0x0800022d   Thumb Code     0  rtexit2.o(.ARM.Collect$$rtexit$$00000004)
    Reset_Handler                            0x08000235   Thumb Code     8  startup_stm32f103xb.o(.text)
    ADC1_2_IRQHandler                        0x0800024f   Thumb Code     0  startup_stm32f103xb.o(.text)
    CAN1_RX1_IRQHandler                      0x0800024f   Thumb Code     0  startup_stm32f103xb.o(.text)
    CAN1_SCE_IRQHandler                      0x0800024f   Thumb Code     0  startup_stm32f103xb.o(.text)
    DMA1_Channel1_IRQHandler                 0x0800024f   Thumb Code     0  startup_stm32f103xb.o(.text)
    DMA1_Channel2_IRQHandler                 0x0800024f   Thumb Code     0  startup_stm32f103xb.o(.text)
    DMA1_Channel3_IRQHandler                 0x0800024f   Thumb Code     0  startup_stm32f103xb.o(.text)
    DMA1_Channel4_IRQHandler                 0x0800024f   Thumb Code     0  startup_stm32f103xb.o(.text)
    DMA1_Channel5_IRQHandler                 0x0800024f   Thumb Code     0  startup_stm32f103xb.o(.text)
    DMA1_Channel6_IRQHandler                 0x0800024f   Thumb Code     0  startup_stm32f103xb.o(.text)
    DMA1_Channel7_IRQHandler                 0x0800024f   Thumb Code     0  startup_stm32f103xb.o(.text)
    EXTI0_IRQHandler                         0x0800024f   Thumb Code     0  startup_stm32f103xb.o(.text)
    EXTI15_10_IRQHandler                     0x0800024f   Thumb Code     0  startup_stm32f103xb.o(.text)
    EXTI1_IRQHandler                         0x0800024f   Thumb Code     0  startup_stm32f103xb.o(.text)
    EXTI2_IRQHandler                         0x0800024f   Thumb Code     0  startup_stm32f103xb.o(.text)
    EXTI3_IRQHandler                         0x0800024f   Thumb Code     0  startup_stm32f103xb.o(.text)
    EXTI4_IRQHandler                         0x0800024f   Thumb Code     0  startup_stm32f103xb.o(.text)
    EXTI9_5_IRQHandler                       0x0800024f   Thumb Code     0  startup_stm32f103xb.o(.text)
    FLASH_IRQHandler                         0x0800024f   Thumb Code     0  startup_stm32f103xb.o(.text)
    I2C1_ER_IRQHandler                       0x0800024f   Thumb Code     0  startup_stm32f103xb.o(.text)
    I2C1_EV_IRQHandler                       0x0800024f   Thumb Code     0  startup_stm32f103xb.o(.text)
    I2C2_ER_IRQHandler                       0x0800024f   Thumb Code     0  startup_stm32f103xb.o(.text)
    I2C2_EV_IRQHandler                       0x0800024f   Thumb Code     0  startup_stm32f103xb.o(.text)
    PVD_IRQHandler                           0x0800024f   Thumb Code     0  startup_stm32f103xb.o(.text)
    RCC_IRQHandler                           0x0800024f   Thumb Code     0  startup_stm32f103xb.o(.text)
    RTC_Alarm_IRQHandler                     0x0800024f   Thumb Code     0  startup_stm32f103xb.o(.text)
    RTC_IRQHandler                           0x0800024f   Thumb Code     0  startup_stm32f103xb.o(.text)
    SPI1_IRQHandler                          0x0800024f   Thumb Code     0  startup_stm32f103xb.o(.text)
    SPI2_IRQHandler                          0x0800024f   Thumb Code     0  startup_stm32f103xb.o(.text)
    TAMPER_IRQHandler                        0x0800024f   Thumb Code     0  startup_stm32f103xb.o(.text)
    TIM1_BRK_IRQHandler                      0x0800024f   Thumb Code     0  startup_stm32f103xb.o(.text)
    TIM1_CC_IRQHandler                       0x0800024f   Thumb Code     0  startup_stm32f103xb.o(.text)
    TIM1_TRG_COM_IRQHandler                  0x0800024f   Thumb Code     0  startup_stm32f103xb.o(.text)
    TIM1_UP_IRQHandler                       0x0800024f   Thumb Code     0  startup_stm32f103xb.o(.text)
    TIM2_IRQHandler                          0x0800024f   Thumb Code     0  startup_stm32f103xb.o(.text)
    TIM3_IRQHandler                          0x0800024f   Thumb Code     0  startup_stm32f103xb.o(.text)
    USART2_IRQHandler                        0x0800024f   Thumb Code     0  startup_stm32f103xb.o(.text)
    USART3_IRQHandler                        0x0800024f   Thumb Code     0  startup_stm32f103xb.o(.text)
    USBWakeUp_IRQHandler                     0x0800024f   Thumb Code     0  startup_stm32f103xb.o(.text)
    USB_HP_CAN1_TX_IRQHandler                0x0800024f   Thumb Code     0  startup_stm32f103xb.o(.text)
    USB_LP_CAN1_RX0_IRQHandler               0x0800024f   Thumb Code     0  startup_stm32f103xb.o(.text)
    WWDG_IRQHandler                          0x0800024f   Thumb Code     0  startup_stm32f103xb.o(.text)
    __user_initial_stackheap                 0x08000251   Thumb Code     0  startup_stm32f103xb.o(.text)
    vsprintf                                 0x08000275   Thumb Code    32  vsprintf.o(.text)
    __2sprintf                               0x08000299   Thumb Code    38  __2sprintf.o(.text)
    _printf_pre_padding                      0x080002c5   Thumb Code    44  _printf_pad.o(.text)
    _printf_post_padding                     0x080002f1   Thumb Code    34  _printf_pad.o(.text)
    _printf_str                              0x08000313   Thumb Code    82  _printf_str.o(.text)
    _printf_int_dec                          0x08000365   Thumb Code   104  _printf_dec.o(.text)
    _printf_longlong_hex                     0x080003dd   Thumb Code    86  _printf_hex_int_ll_ptr.o(.text)
    _printf_int_hex                          0x08000433   Thumb Code    28  _printf_hex_int_ll_ptr.o(.text)
    _printf_ll_hex                           0x0800044f   Thumb Code    12  _printf_hex_int_ll_ptr.o(.text)
    _printf_hex_ptr                          0x0800045b   Thumb Code    18  _printf_hex_int_ll_ptr.o(.text)
    __printf                                 0x08000471   Thumb Code   388  __printf_flags_ss_wp.o(.text)
    strlen                                   0x080005f9   Thumb Code    62  strlen.o(.text)
    __aeabi_memclr                           0x08000637   Thumb Code     0  rt_memclr.o(.text)
    __rt_memclr                              0x08000637   Thumb Code    68  rt_memclr.o(.text)
    _memset                                  0x0800063b   Thumb Code     0  rt_memclr.o(.text)
    __aeabi_memclr4                          0x0800067b   Thumb Code     0  rt_memclr_w.o(.text)
    __aeabi_memclr8                          0x0800067b   Thumb Code     0  rt_memclr_w.o(.text)
    __rt_memclr_w                            0x0800067b   Thumb Code    78  rt_memclr_w.o(.text)
    _memset_w                                0x0800067f   Thumb Code     0  rt_memclr_w.o(.text)
    strcmp                                   0x080006c9   Thumb Code   128  strcmpv7m.o(.text)
    __use_two_region_memory                  0x08000749   Thumb Code     2  heapauxi.o(.text)
    __rt_heap_escrow                         0x0800074b   Thumb Code     2  heapauxi.o(.text)
    __rt_heap_expand                         0x0800074d   Thumb Code     2  heapauxi.o(.text)
    __rt_ctype_table                         0x08000751   Thumb Code    16  rt_ctype_table.o(.text)
    _printf_truncate_signed                  0x08000761   Thumb Code    18  _printf_truncate.o(.text)
    _printf_truncate_unsigned                0x08000773   Thumb Code    18  _printf_truncate.o(.text)
    _printf_int_common                       0x08000785   Thumb Code   178  _printf_intcommon.o(.text)
    _printf_charcount                        0x08000837   Thumb Code    40  _printf_charcount.o(.text)
    __lib_sel_fp_printf                      0x0800085f   Thumb Code     2  _printf_fp_dec.o(.text)
    _printf_fp_dec_real                      0x08000a11   Thumb Code   620  _printf_fp_dec.o(.text)
    _printf_char_common                      0x08000c87   Thumb Code    32  _printf_char_common.o(.text)
    _sputc                                   0x08000cad   Thumb Code    10  _sputc.o(.text)
    _printf_cs_common                        0x08000cb7   Thumb Code    20  _printf_char.o(.text)
    _printf_char                             0x08000ccb   Thumb Code    16  _printf_char.o(.text)
    _printf_string                           0x08000cdb   Thumb Code     8  _printf_char.o(.text)
    _printf_wctomb                           0x08000ce5   Thumb Code   182  _printf_wctomb.o(.text)
    _printf_longlong_dec                     0x08000da1   Thumb Code   108  _printf_longlong_dec.o(.text)
    _printf_longlong_oct                     0x08000e1d   Thumb Code    66  _printf_oct_int_ll.o(.text)
    _printf_int_oct                          0x08000e5f   Thumb Code    24  _printf_oct_int_ll.o(.text)
    _printf_ll_oct                           0x08000e77   Thumb Code    12  _printf_oct_int_ll.o(.text)
    __user_libspace                          0x08000e8d   Thumb Code     8  libspace.o(.text)
    __user_perproc_libspace                  0x08000e8d   Thumb Code     0  libspace.o(.text)
    __user_perthread_libspace                0x08000e8d   Thumb Code     0  libspace.o(.text)
    __rt_locale                              0x08000e95   Thumb Code     8  rt_locale_intlibspace.o(.text)
    _ll_udiv10                               0x08000e9d   Thumb Code   138  lludiv10.o(.text)
    _printf_fp_hex_real                      0x08000f29   Thumb Code   756  _printf_fp_hex.o(.text)
    _printf_fp_infnan                        0x08001225   Thumb Code   112  _printf_fp_infnan.o(.text)
    _printf_lcs_common                       0x080012a5   Thumb Code    20  _printf_wchar.o(.text)
    _printf_wchar                            0x080012b9   Thumb Code    16  _printf_wchar.o(.text)
    _printf_wstring                          0x080012c9   Thumb Code     8  _printf_wchar.o(.text)
    _btod_etento                             0x080012d1   Thumb Code   224  bigflt0.o(.text)
    _wcrtomb                                 0x080013b5   Thumb Code    64  _wcrtomb.o(.text)
    __I$use$semihosting                      0x080013f5   Thumb Code     0  use_no_semi.o(.text)
    __use_no_semihosting_swi                 0x080013f5   Thumb Code     2  use_no_semi.o(.text)
    __semihosting_library_function           0x080013f7   Thumb Code     0  indicate_semi.o(.text)
    __user_setup_stackheap                   0x080013f7   Thumb Code    74  sys_stackheap_outer.o(.text)
    exit                                     0x08001441   Thumb Code    18  exit.o(.text)
    _sys_exit                                0x08001455   Thumb Code     8  sys_exit.o(.text)
    _btod_d2e                                0x08001461   Thumb Code    62  btod.o(CL$$btod_d2e)
    _d2e_denorm_low                          0x0800149f   Thumb Code    70  btod.o(CL$$btod_d2e_denorm_low)
    _d2e_norm_op1                            0x080014e5   Thumb Code    96  btod.o(CL$$btod_d2e_norm_op1)
    __btod_div_common                        0x08001545   Thumb Code   696  btod.o(CL$$btod_div_common)
    _e2e                                     0x0800187d   Thumb Code   220  btod.o(CL$$btod_e2e)
    _btod_ediv                               0x08001959   Thumb Code    42  btod.o(CL$$btod_ediv)
    _btod_emul                               0x08001983   Thumb Code    42  btod.o(CL$$btod_emul)
    __btod_mult_common                       0x080019ad   Thumb Code   580  btod.o(CL$$btod_mult_common)
    BEEP_Init                                0x08001bf1   Thumb Code    48  beep.o(i.BEEP_Init)
    BODY_HW_GetData                          0x08001c25   Thumb Code    12  hc-sr501.o(i.BODY_HW_GetData)
    BODY_HW_Init                             0x08001c35   Thumb Code    66  hc-sr501.o(i.BODY_HW_Init)
    Body_hc                                  0x08001c81   Thumb Code    70  main.o(i.Body_hc)
    BusFault_Handler                         0x08001ce1   Thumb Code     4  stm32f1xx_it.o(i.BusFault_Handler)
    Check_Response                           0x08001ce5   Thumb Code    60  dht11.o(i.Check_Response)
    DHT11_Read                               0x08001d25   Thumb Code    86  dht11.o(i.DHT11_Read)
    DHT11_Read_Data                          0x08001d81   Thumb Code   108  dht11.o(i.DHT11_Read_Data)
    DHT11_Start                              0x08001e15   Thumb Code    38  dht11.o(i.DHT11_Start)
    DebugMon_Handler                         0x08001e41   Thumb Code     2  stm32f1xx_it.o(i.DebugMon_Handler)
    Error_Handler                            0x08001e43   Thumb Code     6  main.o(i.Error_Handler)
    HAL_DMA_Abort                            0x08001e49   Thumb Code    86  stm32f1xx_hal_dma.o(i.HAL_DMA_Abort)
    HAL_DMA_Abort_IT                         0x08001ea1   Thumb Code   172  stm32f1xx_hal_dma.o(i.HAL_DMA_Abort_IT)
    HAL_Delay                                0x08001f51   Thumb Code    36  stm32f1xx_hal.o(i.HAL_Delay)
    HAL_GPIO_Init                            0x08001f79   Thumb Code   766  stm32f1xx_hal_gpio.o(i.HAL_GPIO_Init)
    HAL_GPIO_ReadPin                         0x08002299   Thumb Code    16  stm32f1xx_hal_gpio.o(i.HAL_GPIO_ReadPin)
    HAL_GPIO_WritePin                        0x080022a9   Thumb Code    12  stm32f1xx_hal_gpio.o(i.HAL_GPIO_WritePin)
    HAL_GetTick                              0x080022b5   Thumb Code     6  stm32f1xx_hal.o(i.HAL_GetTick)
    HAL_I2C_Init                             0x080022c1   Thumb Code   446  stm32f1xx_hal_i2c.o(i.HAL_I2C_Init)
    HAL_I2C_Master_Transmit                  0x08002491   Thumb Code   360  stm32f1xx_hal_i2c.o(i.HAL_I2C_Master_Transmit)
    HAL_I2C_MspInit                          0x08002601   Thumb Code   104  i2c.o(i.HAL_I2C_MspInit)
    HAL_IncTick                              0x08002675   Thumb Code    16  stm32f1xx_hal.o(i.HAL_IncTick)
    HAL_Init                                 0x0800268d   Thumb Code    34  stm32f1xx_hal.o(i.HAL_Init)
    HAL_InitTick                             0x080026b5   Thumb Code    64  stm32f1xx_hal.o(i.HAL_InitTick)
    HAL_MspInit                              0x08002701   Thumb Code    76  stm32f1xx_hal_msp.o(i.HAL_MspInit)
    HAL_NVIC_EnableIRQ                       0x08002755   Thumb Code    32  stm32f1xx_hal_cortex.o(i.HAL_NVIC_EnableIRQ)
    HAL_NVIC_SetPriority                     0x08002775   Thumb Code   124  stm32f1xx_hal_cortex.o(i.HAL_NVIC_SetPriority)
    HAL_NVIC_SetPriorityGrouping             0x080027f1   Thumb Code    32  stm32f1xx_hal_cortex.o(i.HAL_NVIC_SetPriorityGrouping)
    HAL_RCC_ClockConfig                      0x08002819   Thumb Code   376  stm32f1xx_hal_rcc.o(i.HAL_RCC_ClockConfig)
    HAL_RCC_GetHCLKFreq                      0x080029a5   Thumb Code     6  stm32f1xx_hal_rcc.o(i.HAL_RCC_GetHCLKFreq)
    HAL_RCC_GetPCLK1Freq                     0x080029b1   Thumb Code    22  stm32f1xx_hal_rcc.o(i.HAL_RCC_GetPCLK1Freq)
    HAL_RCC_GetPCLK2Freq                     0x080029d1   Thumb Code    22  stm32f1xx_hal_rcc.o(i.HAL_RCC_GetPCLK2Freq)
    HAL_RCC_GetSysClockFreq                  0x080029f1   Thumb Code    92  stm32f1xx_hal_rcc.o(i.HAL_RCC_GetSysClockFreq)
    HAL_RCC_OscConfig                        0x08002a61   Thumb Code  1114  stm32f1xx_hal_rcc.o(i.HAL_RCC_OscConfig)
    HAL_SYSTICK_Config                       0x08002ec5   Thumb Code    52  stm32f1xx_hal_cortex.o(i.HAL_SYSTICK_Config)
    HAL_TIMEx_BreakCallback                  0x08002ef9   Thumb Code     2  stm32f1xx_hal_tim_ex.o(i.HAL_TIMEx_BreakCallback)
    HAL_TIMEx_CommutCallback                 0x08002efb   Thumb Code     2  stm32f1xx_hal_tim_ex.o(i.HAL_TIMEx_CommutCallback)
    HAL_TIMEx_MasterConfigSynchronization    0x08002efd   Thumb Code   118  stm32f1xx_hal_tim_ex.o(i.HAL_TIMEx_MasterConfigSynchronization)
    HAL_TIM_Base_Init                        0x08002f81   Thumb Code   102  stm32f1xx_hal_tim.o(i.HAL_TIM_Base_Init)
    HAL_TIM_Base_MspInit                     0x08002fe9   Thumb Code   166  tim.o(i.HAL_TIM_Base_MspInit)
    HAL_TIM_Base_Start                       0x080030a1   Thumb Code    94  stm32f1xx_hal_tim.o(i.HAL_TIM_Base_Start)
    HAL_TIM_ConfigClockSource                0x0800310d   Thumb Code   268  stm32f1xx_hal_tim.o(i.HAL_TIM_ConfigClockSource)
    HAL_TIM_IC_CaptureCallback               0x08003219   Thumb Code     2  stm32f1xx_hal_tim.o(i.HAL_TIM_IC_CaptureCallback)
    HAL_TIM_IRQHandler                       0x0800321b   Thumb Code   364  stm32f1xx_hal_tim.o(i.HAL_TIM_IRQHandler)
    HAL_TIM_MspPostInit                      0x08003389   Thumb Code    74  tim.o(i.HAL_TIM_MspPostInit)
    HAL_TIM_OC_DelayElapsedCallback          0x080033e1   Thumb Code     2  stm32f1xx_hal_tim.o(i.HAL_TIM_OC_DelayElapsedCallback)
    HAL_TIM_PWM_ConfigChannel                0x080033e3   Thumb Code   260  stm32f1xx_hal_tim.o(i.HAL_TIM_PWM_ConfigChannel)
    HAL_TIM_PWM_Init                         0x080034e7   Thumb Code   102  stm32f1xx_hal_tim.o(i.HAL_TIM_PWM_Init)
    HAL_TIM_PWM_MspInit                      0x0800354d   Thumb Code     2  stm32f1xx_hal_tim.o(i.HAL_TIM_PWM_MspInit)
    HAL_TIM_PWM_PulseFinishedCallback        0x0800354f   Thumb Code     2  stm32f1xx_hal_tim.o(i.HAL_TIM_PWM_PulseFinishedCallback)
    HAL_TIM_PWM_Start                        0x08003551   Thumb Code   198  stm32f1xx_hal_tim.o(i.HAL_TIM_PWM_Start)
    HAL_TIM_PeriodElapsedCallback            0x08003625   Thumb Code    22  time_handle.o(i.HAL_TIM_PeriodElapsedCallback)
    HAL_TIM_TriggerCallback                  0x08003645   Thumb Code     2  stm32f1xx_hal_tim.o(i.HAL_TIM_TriggerCallback)
    HAL_UARTEx_RxEventCallback               0x08003647   Thumb Code     2  stm32f1xx_hal_uart.o(i.HAL_UARTEx_RxEventCallback)
    HAL_UART_ErrorCallback                   0x08003649   Thumb Code     2  stm32f1xx_hal_uart.o(i.HAL_UART_ErrorCallback)
    HAL_UART_IRQHandler                      0x0800364d   Thumb Code   736  stm32f1xx_hal_uart.o(i.HAL_UART_IRQHandler)
    HAL_UART_Init                            0x08003931   Thumb Code   118  stm32f1xx_hal_uart.o(i.HAL_UART_Init)
    HAL_UART_MspInit                         0x080039a9   Thumb Code   138  usart.o(i.HAL_UART_MspInit)
    HAL_UART_Receive_IT                      0x08003a41   Thumb Code    44  stm32f1xx_hal_uart.o(i.HAL_UART_Receive_IT)
    HAL_UART_RxCpltCallback                  0x08003a6d   Thumb Code    68  esp8266.o(i.HAL_UART_RxCpltCallback)
    HAL_UART_Transmit                        0x08003ad1   Thumb Code   190  stm32f1xx_hal_uart.o(i.HAL_UART_Transmit)
    HAL_UART_TxCpltCallback                  0x08003b8f   Thumb Code     2  stm32f1xx_hal_uart.o(i.HAL_UART_TxCpltCallback)
    HardFault_Handler                        0x08003b91   Thumb Code     4  stm32f1xx_it.o(i.HardFault_Handler)
    IR_FireData                              0x08003f19   Thumb Code    22  ir.o(i.IR_FireData)
    IR_Init                                  0x08003f35   Thumb Code    68  ir.o(i.IR_Init)
    JSQ_Init                                 0x08003f81   Thumb Code    88  jsq.o(i.JSQ_Init)
    L9110_Init                               0x08003fe1   Thumb Code   168  l9110.o(i.L9110_Init)
    MQ2_GetData                              0x0800408d   Thumb Code    22  mq2.o(i.MQ2_GetData)
    MX_GPIO_Init                             0x080040a9   Thumb Code   260  gpio.o(i.MX_GPIO_Init)
    MX_I2C1_Init                             0x080041bd   Thumb Code    48  i2c.o(i.MX_I2C1_Init)
    MX_TIM1_Init                             0x080041f9   Thumb Code   102  tim.o(i.MX_TIM1_Init)
    MX_TIM2_Init                             0x08004269   Thumb Code   102  tim.o(i.MX_TIM2_Init)
    MX_TIM3_Init                             0x080042d5   Thumb Code   154  tim.o(i.MX_TIM3_Init)
    MX_TIM4_Init                             0x08004379   Thumb Code   100  tim.o(i.MX_TIM4_Init)
    MX_USART1_UART_Init                      0x080043e5   Thumb Code    46  usart.o(i.MX_USART1_UART_Init)
    MemManage_Handler                        0x0800441d   Thumb Code     4  stm32f1xx_it.o(i.MemManage_Handler)
    NMI_Handler                              0x08004421   Thumb Code     4  stm32f1xx_it.o(i.NMI_Handler)
    OLED_draw_point                          0x08004425   Thumb Code   134  oled.o(i.OLED_draw_point)
    OLED_init                                0x080044b1   Thumb Code   228  oled.o(i.OLED_init)
    OLED_printf                              0x08004595   Thumb Code    74  oled.o(i.OLED_printf)
    OLED_refresh_gram                        0x080045e9   Thumb Code    50  oled.o(i.OLED_refresh_gram)
    OLED_set_pos                             0x08004621   Thumb Code    42  oled.o(i.OLED_set_pos)
    OLED_show_char                           0x0800464d   Thumb Code   142  oled.o(i.OLED_show_char)
    OLED_show_string                         0x080046e1   Thumb Code    48  oled.o(i.OLED_show_string)
    PTC_Init                                 0x08004711   Thumb Code    90  ptc.o(i.PTC_Init)
    PendSV_Handler                           0x08004775   Thumb Code     2  stm32f1xx_it.o(i.PendSV_Handler)
    SVC_Handler                              0x080047a1   Thumb Code     2  stm32f1xx_it.o(i.SVC_Handler)
    Set_Pin_Input                            0x080047a3   Thumb Code    34  dht11.o(i.Set_Pin_Input)
    Set_Pin_Output                           0x080047c5   Thumb Code    36  dht11.o(i.Set_Pin_Output)
    SysTick_Handler                          0x080047e9   Thumb Code     8  stm32f1xx_it.o(i.SysTick_Handler)
    SystemClock_Config                       0x080047f1   Thumb Code   102  main.o(i.SystemClock_Config)
    SystemInit                               0x08004857   Thumb Code     2  system_stm32f1xx.o(i.SystemInit)
    TIM4_IRQHandler                          0x08004859   Thumb Code    10  stm32f1xx_it.o(i.TIM4_IRQHandler)
    TIM_Base_SetConfig                       0x08004869   Thumb Code   120  stm32f1xx_hal_tim.o(i.TIM_Base_SetConfig)
    TIM_CCxChannelCmd                        0x080048ed   Thumb Code    34  stm32f1xx_hal_tim.o(i.TIM_CCxChannelCmd)
    TIM_ETR_SetConfig                        0x0800490f   Thumb Code    22  stm32f1xx_hal_tim.o(i.TIM_ETR_SetConfig)
    TIM_OC2_SetConfig                        0x08004999   Thumb Code   100  stm32f1xx_hal_tim.o(i.TIM_OC2_SetConfig)
    UART_Start_Receive_IT                    0x08004d99   Thumb Code    64  stm32f1xx_hal_uart.o(i.UART_Start_Receive_IT)
    USART1_IRQHandler                        0x08004ec5   Thumb Code    10  stm32f1xx_it.o(i.USART1_IRQHandler)
    UsageFault_Handler                       0x08004ed5   Thumb Code     4  stm32f1xx_it.o(i.UsageFault_Handler)
    __ARM_fpclassify                         0x08004ed9   Thumb Code    40  fpclassify.o(i.__ARM_fpclassify)
    _is_digit                                0x08004f39   Thumb Code    14  __printf_wp.o(i._is_digit)
    delay                                    0x08004f49   Thumb Code    22  dht11.o(i.delay)
    esp8266_connect_server                   0x08004f65   Thumb Code    26  esp8266.o(i.esp8266_connect_server)
    esp8266_send_cmd                         0x08004fb5   Thumb Code    34  esp8266.o(i.esp8266_send_cmd)
    esp8266_send_msg                         0x08004fdd   Thumb Code    52  esp8266.o(i.esp8266_send_msg)
    humi_balance                             0x0800503d   Thumb Code    38  humi_balance.o(i.humi_balance)
    humi_pid_init                            0x0800506d   Thumb Code    32  humi_balance.o(i.humi_pid_init)
    humi_updata_cal                          0x080050a1   Thumb Code    56  humi_balance.o(i.humi_updata_cal)
    irmq2                                    0x080050f5   Thumb Code    76  main.o(i.irmq2)
    main                                     0x0800515d   Thumb Code   256  main.o(i.main)
    oled_write_byte                          0x08005291   Thumb Code    44  oled.o(i.oled_write_byte)
    pid_cal                                  0x080052c5   Thumb Code   226  pid.o(i.pid_cal)
    pid_set                                  0x080053a7   Thumb Code    18  pid.o(i.pid_set)
    revolve                                  0x080053b9   Thumb Code    40  l9110.o(i.revolve)
    send_json_data_f                         0x080053e9   Thumb Code    30  main_program.o(i.send_json_data_f)
    send_json_data_t                         0x0800541d   Thumb Code    30  main_program.o(i.send_json_data_t)
    send_json_data_th                        0x08005451   Thumb Code    38  main_program.o(i.send_json_data_th)
    stop                                     0x080054a9   Thumb Code    40  l9110.o(i.stop)
    tem_balance                              0x080054dd   Thumb Code    46  tem_balance.o(i.tem_balance)
    temp_pid_init                            0x08005515   Thumb Code    32  tem_balance.o(i.temp_pid_init)
    temp_updata_cal                          0x08005549   Thumb Code    34  tem_balance.o(i.temp_updata_cal)
    uart1_flag_clear                         0x08005581   Thumb Code    34  esp8266.o(i.uart1_flag_clear)
    _get_lc_ctype                            0x080055b5   Thumb Code    44  lc_ctype_c.o(locale$$code)
    _get_lc_numeric                          0x080055e1   Thumb Code    44  lc_numeric_c.o(locale$$code)
    __fpl_dcmp_Inf                           0x0800560d   Thumb Code    24  dcmpi.o(x$fpl$dcmpinf)
    __aeabi_cdcmple                          0x08005625   Thumb Code     0  dleqf.o(x$fpl$dleqf)
    _dcmple                                  0x08005625   Thumb Code   120  dleqf.o(x$fpl$dleqf)
    __fpl_dcmple_InfNaN                      0x08005687   Thumb Code     0  dleqf.o(x$fpl$dleqf)
    __fpl_dnaninf                            0x0800569d   Thumb Code   156  dnaninf.o(x$fpl$dnaninf)
    __fpl_dretinf                            0x08005739   Thumb Code    12  dretinf.o(x$fpl$dretinf)
    __aeabi_cdrcmple                         0x08005745   Thumb Code     0  drleqf.o(x$fpl$drleqf)
    _drcmple                                 0x08005745   Thumb Code   108  drleqf.o(x$fpl$drleqf)
    __aeabi_f2d                              0x080057b1   Thumb Code     0  f2d.o(x$fpl$f2d)
    _f2d                                     0x080057b1   Thumb Code    86  f2d.o(x$fpl$f2d)
    __aeabi_fadd                             0x08005809   Thumb Code     0  faddsub_clz.o(x$fpl$fadd)
    _fadd                                    0x08005809   Thumb Code   196  faddsub_clz.o(x$fpl$fadd)
    __fpl_fcmp_Inf                           0x080058cd   Thumb Code    24  fcmpi.o(x$fpl$fcmpinf)
    __aeabi_cfcmpeq                          0x080058e5   Thumb Code     0  feqf.o(x$fpl$feqf)
    _fcmpeq                                  0x080058e5   Thumb Code   104  feqf.o(x$fpl$feqf)
    __aeabi_f2iz                             0x0800594d   Thumb Code     0  ffix.o(x$fpl$ffix)
    _ffix                                    0x0800594d   Thumb Code    54  ffix.o(x$fpl$ffix)
    __aeabi_i2f                              0x08005985   Thumb Code     0  fflt_clz.o(x$fpl$fflt)
    _fflt                                    0x08005985   Thumb Code    48  fflt_clz.o(x$fpl$fflt)
    __aeabi_ui2f                             0x080059b5   Thumb Code     0  fflt_clz.o(x$fpl$ffltu)
    _ffltu                                   0x080059b5   Thumb Code    38  fflt_clz.o(x$fpl$ffltu)
    __aeabi_cfcmple                          0x080059dd   Thumb Code     0  fleqf.o(x$fpl$fleqf)
    _fcmple                                  0x080059dd   Thumb Code   104  fleqf.o(x$fpl$fleqf)
    __fpl_fcmple_InfNaN                      0x08005a2f   Thumb Code     0  fleqf.o(x$fpl$fleqf)
    __aeabi_fmul                             0x08005a45   Thumb Code     0  fmul.o(x$fpl$fmul)
    _fmul                                    0x08005a45   Thumb Code   258  fmul.o(x$fpl$fmul)
    __fpl_fnaninf                            0x08005b47   Thumb Code   140  fnaninf.o(x$fpl$fnaninf)
    __fpl_fretinf                            0x08005bd3   Thumb Code    10  fretinf.o(x$fpl$fretinf)
    __aeabi_cfrcmple                         0x08005bdd   Thumb Code     0  frleqf.o(x$fpl$frleqf)
    _frcmple                                 0x08005bdd   Thumb Code    98  frleqf.o(x$fpl$frleqf)
    __aeabi_fsub                             0x08005c41   Thumb Code     0  faddsub_clz.o(x$fpl$fsub)
    _fsub                                    0x08005c41   Thumb Code   234  faddsub_clz.o(x$fpl$fsub)
    _printf_fp_dec                           0x08005d2b   Thumb Code     4  printf1.o(x$fpl$printf1)
    _printf_fp_hex                           0x08005d2f   Thumb Code     4  printf2.o(x$fpl$printf2)
    __I$use$fp                               0x08005d32   Number         0  usenofp.o(x$fpl$usenofp)
    AHBPrescTable                            0x08005d44   Data          16  system_stm32f1xx.o(.constdata)
    APBPrescTable                            0x08005d54   Data           8  system_stm32f1xx.o(.constdata)
    Region$$Table$$Base                      0x08006730   Number         0  anon$$obj.o(Region$$Table)
    Region$$Table$$Limit                     0x08006750   Number         0  anon$$obj.o(Region$$Table)
    __ctype                                  0x0800675d   Data           0  lc_ctype_c.o(locale$$data)
    ir                                       0x20000000   Data           2  main.o(.data)
    mq2                                      0x20000002   Data           2  main.o(.data)
    value                                    0x20000004   Data           4  main.o(.data)
    asd                                      0x20000008   Data           4  main.o(.data)
    rec_buffer                               0x2000000c   Data           4  main.o(.data)
    uwTick                                   0x20000010   Data           4  stm32f1xx_hal.o(.data)
    uwTickPrio                               0x20000014   Data           4  stm32f1xx_hal.o(.data)
    uwTickFreq                               0x20000018   Data           1  stm32f1xx_hal.o(.data)
    SystemCoreClock                          0x2000001c   Data           4  system_stm32f1xx.o(.data)
    Rh_byte1                                 0x20000020   Data           1  dht11.o(.data)
    Rh_byte2                                 0x20000021   Data           1  dht11.o(.data)
    Temp_byte1                               0x20000022   Data           1  dht11.o(.data)
    Temp_byte2                               0x20000023   Data           1  dht11.o(.data)
    SUM                                      0x20000024   Data           2  dht11.o(.data)
    RH                                       0x20000026   Data           2  dht11.o(.data)
    TEMP                                     0x20000028   Data           2  dht11.o(.data)
    Temperature                              0x2000002c   Data           4  dht11.o(.data)
    Humidity                                 0x20000030   Data           4  dht11.o(.data)
    Presence                                 0x20000034   Data           1  dht11.o(.data)
    a                                        0x20000040   Data           4  esp8266.o(.data)
    b                                        0x20000044   Data           4  esp8266.o(.data)
    c                                        0x20000048   Data           4  esp8266.o(.data)
    d                                        0x2000004c   Data           4  esp8266.o(.data)
    e                                        0x20000050   Data           4  esp8266.o(.data)
    f                                        0x20000054   Data           4  esp8266.o(.data)
    g                                        0x20000058   Data           4  esp8266.o(.data)
    h                                        0x2000005c   Data           4  esp8266.o(.data)
    r                                        0x20000060   Data           4  esp8266.o(.data)
    j                                        0x20000064   Data           4  esp8266.o(.data)
    k                                        0x20000068   Data           4  esp8266.o(.data)
    count                                    0x2000006c   Data           4  esp8266.o(.data)
    uart1_data                               0x20000070   Data           1  esp8266.o(.data)
    uart1_start                              0x20000072   Data           2  esp8266.o(.data)
    uart1_count                              0x20000074   Data           2  esp8266.o(.data)
    uart1_finish                             0x20000076   Data           2  esp8266.o(.data)
    temp_target                              0x20000078   Data           4  tem_balance.o(.data)
    temp_now                                 0x2000007c   Data           4  tem_balance.o(.data)
    out_put_t                                0x20000080   Data           4  tem_balance.o(.data)
    humi_target                              0x20000084   Data           4  humi_balance.o(.data)
    humi_now                                 0x20000088   Data           4  humi_balance.o(.data)
    out_put                                  0x2000008c   Data           4  humi_balance.o(.data)
    hi2c1                                    0x20000098   Data          84  i2c.o(.bss)
    htim1                                    0x200000ec   Data          72  tim.o(.bss)
    htim2                                    0x20000134   Data          72  tim.o(.bss)
    htim3                                    0x2000017c   Data          72  tim.o(.bss)
    htim4                                    0x200001c4   Data          72  tim.o(.bss)
    huart1                                   0x2000020c   Data          72  usart.o(.bss)
    uart1_buf                                0x200006d4   Data         256  esp8266.o(.bss)
    temp_location_pid                        0x200007d4   Data          60  tem_balance.o(.bss)
    humi_location_pid                        0x20000810   Data          60  humi_balance.o(.bss)
    __libspace_start                         0x2000084c   Data          96  libspace.o(.bss)
    __temporary_stack_top$libspace           0x200008ac   Data           0  libspace.o(.bss)



==============================================================================

Memory Map of the image

  Image Entry point : 0x080000ed

  Load Region LR_IROM1 (Base: 0x08000000, Size: 0x00006914, Max: 0x00010000, ABSOLUTE)

    Execution Region ER_IROM1 (Exec base: 0x08000000, Load base: 0x08000000, Size: 0x0000687c, Max: 0x00010000, ABSOLUTE)

    Exec Addr    Load Addr    Size         Type   Attr      Idx    E Section Name        Object

    0x08000000   0x08000000   0x000000ec   Data   RO            3    RESET               startup_stm32f103xb.o
    0x080000ec   0x080000ec   0x00000008   Code   RO         5057  * !!!main             c_w.l(__main.o)
    0x080000f4   0x080000f4   0x00000034   Code   RO         5599    !!!scatter          c_w.l(__scatter.o)
    0x08000128   0x08000128   0x0000001a   Code   RO         5601    !!handler_copy      c_w.l(__scatter_copy.o)
    0x08000142   0x08000142   0x00000002   PAD
    0x08000144   0x08000144   0x0000001c   Code   RO         5603    !!handler_zi        c_w.l(__scatter_zi.o)
    0x08000160   0x08000160   0x00000000   Code   RO         5030    .ARM.Collect$$_printf_percent$$00000000  c_w.l(_printf_percent.o)
    0x08000160   0x08000160   0x00000006   Code   RO         5183    .ARM.Collect$$_printf_percent$$00000001  c_w.l(_printf_n.o)
    0x08000166   0x08000166   0x00000006   Code   RO         5184    .ARM.Collect$$_printf_percent$$00000002  c_w.l(_printf_p.o)
    0x0800016c   0x0800016c   0x00000006   Code   RO         5187    .ARM.Collect$$_printf_percent$$00000003  c_w.l(_printf_f.o)
    0x08000172   0x08000172   0x00000006   Code   RO         5188    .ARM.Collect$$_printf_percent$$00000004  c_w.l(_printf_e.o)
    0x08000178   0x08000178   0x00000006   Code   RO         5029    .ARM.Collect$$_printf_percent$$00000005  c_w.l(_printf_g.o)
    0x0800017e   0x0800017e   0x00000006   Code   RO         5189    .ARM.Collect$$_printf_percent$$00000006  c_w.l(_printf_a.o)
    0x08000184   0x08000184   0x0000000a   Code   RO         5194    .ARM.Collect$$_printf_percent$$00000007  c_w.l(_printf_ll.o)
    0x0800018e   0x0800018e   0x00000006   Code   RO         5027    .ARM.Collect$$_printf_percent$$00000008  c_w.l(_printf_i.o)
    0x08000194   0x08000194   0x00000006   Code   RO         5028    .ARM.Collect$$_printf_percent$$00000009  c_w.l(_printf_d.o)
    0x0800019a   0x0800019a   0x00000006   Code   RO         5186    .ARM.Collect$$_printf_percent$$0000000A  c_w.l(_printf_u.o)
    0x080001a0   0x080001a0   0x00000006   Code   RO         5185    .ARM.Collect$$_printf_percent$$0000000B  c_w.l(_printf_o.o)
    0x080001a6   0x080001a6   0x00000006   Code   RO         5026    .ARM.Collect$$_printf_percent$$0000000C  c_w.l(_printf_x.o)
    0x080001ac   0x080001ac   0x00000006   Code   RO         5191    .ARM.Collect$$_printf_percent$$0000000D  c_w.l(_printf_lli.o)
    0x080001b2   0x080001b2   0x00000006   Code   RO         5192    .ARM.Collect$$_printf_percent$$0000000E  c_w.l(_printf_lld.o)
    0x080001b8   0x080001b8   0x00000006   Code   RO         5193    .ARM.Collect$$_printf_percent$$0000000F  c_w.l(_printf_llu.o)
    0x080001be   0x080001be   0x00000006   Code   RO         5198    .ARM.Collect$$_printf_percent$$00000010  c_w.l(_printf_llo.o)
    0x080001c4   0x080001c4   0x00000006   Code   RO         5199    .ARM.Collect$$_printf_percent$$00000011  c_w.l(_printf_llx.o)
    0x080001ca   0x080001ca   0x0000000a   Code   RO         5195    .ARM.Collect$$_printf_percent$$00000012  c_w.l(_printf_l.o)
    0x080001d4   0x080001d4   0x00000006   Code   RO         5182    .ARM.Collect$$_printf_percent$$00000013  c_w.l(_printf_c.o)
    0x080001da   0x080001da   0x00000006   Code   RO         5025    .ARM.Collect$$_printf_percent$$00000014  c_w.l(_printf_s.o)
    0x080001e0   0x080001e0   0x00000006   Code   RO         5196    .ARM.Collect$$_printf_percent$$00000015  c_w.l(_printf_lc.o)
    0x080001e6   0x080001e6   0x00000006   Code   RO         5197    .ARM.Collect$$_printf_percent$$00000016  c_w.l(_printf_ls.o)
    0x080001ec   0x080001ec   0x00000004   Code   RO         5190    .ARM.Collect$$_printf_percent$$00000017  c_w.l(_printf_percent_end.o)
    0x080001f0   0x080001f0   0x00000002   Code   RO         5465    .ARM.Collect$$libinit$$00000000  c_w.l(libinit.o)
    0x080001f2   0x080001f2   0x00000000   Code   RO         5219    .ARM.Collect$$libinit$$00000002  c_w.l(libinit2.o)
    0x080001f2   0x080001f2   0x00000000   Code   RO         5221    .ARM.Collect$$libinit$$00000004  c_w.l(libinit2.o)
    0x080001f2   0x080001f2   0x00000000   Code   RO         5224    .ARM.Collect$$libinit$$0000000A  c_w.l(libinit2.o)
    0x080001f2   0x080001f2   0x00000000   Code   RO         5226    .ARM.Collect$$libinit$$0000000C  c_w.l(libinit2.o)
    0x080001f2   0x080001f2   0x00000000   Code   RO         5228    .ARM.Collect$$libinit$$0000000E  c_w.l(libinit2.o)
    0x080001f2   0x080001f2   0x00000006   Code   RO         5229    .ARM.Collect$$libinit$$0000000F  c_w.l(libinit2.o)
    0x080001f8   0x080001f8   0x00000000   Code   RO         5231    .ARM.Collect$$libinit$$00000011  c_w.l(libinit2.o)
    0x080001f8   0x080001f8   0x0000000c   Code   RO         5232    .ARM.Collect$$libinit$$00000012  c_w.l(libinit2.o)
    0x08000204   0x08000204   0x00000000   Code   RO         5233    .ARM.Collect$$libinit$$00000013  c_w.l(libinit2.o)
    0x08000204   0x08000204   0x00000000   Code   RO         5235    .ARM.Collect$$libinit$$00000015  c_w.l(libinit2.o)
    0x08000204   0x08000204   0x0000000a   Code   RO         5236    .ARM.Collect$$libinit$$00000016  c_w.l(libinit2.o)
    0x0800020e   0x0800020e   0x00000000   Code   RO         5237    .ARM.Collect$$libinit$$00000017  c_w.l(libinit2.o)
    0x0800020e   0x0800020e   0x00000000   Code   RO         5239    .ARM.Collect$$libinit$$00000019  c_w.l(libinit2.o)
    0x0800020e   0x0800020e   0x00000000   Code   RO         5241    .ARM.Collect$$libinit$$0000001B  c_w.l(libinit2.o)
    0x0800020e   0x0800020e   0x00000000   Code   RO         5243    .ARM.Collect$$libinit$$0000001D  c_w.l(libinit2.o)
    0x0800020e   0x0800020e   0x00000000   Code   RO         5245    .ARM.Collect$$libinit$$0000001F  c_w.l(libinit2.o)
    0x0800020e   0x0800020e   0x00000000   Code   RO         5247    .ARM.Collect$$libinit$$00000021  c_w.l(libinit2.o)
    0x0800020e   0x0800020e   0x00000000   Code   RO         5249    .ARM.Collect$$libinit$$00000023  c_w.l(libinit2.o)
    0x0800020e   0x0800020e   0x00000000   Code   RO         5251    .ARM.Collect$$libinit$$00000025  c_w.l(libinit2.o)
    0x0800020e   0x0800020e   0x00000000   Code   RO         5255    .ARM.Collect$$libinit$$0000002C  c_w.l(libinit2.o)
    0x0800020e   0x0800020e   0x00000000   Code   RO         5257    .ARM.Collect$$libinit$$0000002E  c_w.l(libinit2.o)
    0x0800020e   0x0800020e   0x00000000   Code   RO         5259    .ARM.Collect$$libinit$$00000030  c_w.l(libinit2.o)
    0x0800020e   0x0800020e   0x00000000   Code   RO         5261    .ARM.Collect$$libinit$$00000032  c_w.l(libinit2.o)
    0x0800020e   0x0800020e   0x00000002   Code   RO         5262    .ARM.Collect$$libinit$$00000033  c_w.l(libinit2.o)
    0x08000210   0x08000210   0x00000002   Code   RO         5588    .ARM.Collect$$libshutdown$$00000000  c_w.l(libshutdown.o)
    0x08000212   0x08000212   0x00000000   Code   RO         5467    .ARM.Collect$$libshutdown$$00000002  c_w.l(libshutdown2.o)
    0x08000212   0x08000212   0x00000000   Code   RO         5469    .ARM.Collect$$libshutdown$$00000004  c_w.l(libshutdown2.o)
    0x08000212   0x08000212   0x00000000   Code   RO         5471    .ARM.Collect$$libshutdown$$00000006  c_w.l(libshutdown2.o)
    0x08000212   0x08000212   0x00000000   Code   RO         5474    .ARM.Collect$$libshutdown$$00000009  c_w.l(libshutdown2.o)
    0x08000212   0x08000212   0x00000000   Code   RO         5477    .ARM.Collect$$libshutdown$$0000000C  c_w.l(libshutdown2.o)
    0x08000212   0x08000212   0x00000000   Code   RO         5479    .ARM.Collect$$libshutdown$$0000000E  c_w.l(libshutdown2.o)
    0x08000212   0x08000212   0x00000000   Code   RO         5482    .ARM.Collect$$libshutdown$$00000011  c_w.l(libshutdown2.o)
    0x08000212   0x08000212   0x00000002   Code   RO         5483    .ARM.Collect$$libshutdown$$00000012  c_w.l(libshutdown2.o)
    0x08000214   0x08000214   0x00000000   Code   RO         5127    .ARM.Collect$$rtentry$$00000000  c_w.l(__rtentry.o)
    0x08000214   0x08000214   0x00000000   Code   RO         5288    .ARM.Collect$$rtentry$$00000002  c_w.l(__rtentry2.o)
    0x08000214   0x08000214   0x00000006   Code   RO         5300    .ARM.Collect$$rtentry$$00000004  c_w.l(__rtentry4.o)
    0x0800021a   0x0800021a   0x00000000   Code   RO         5290    .ARM.Collect$$rtentry$$00000009  c_w.l(__rtentry2.o)
    0x0800021a   0x0800021a   0x00000004   Code   RO         5291    .ARM.Collect$$rtentry$$0000000A  c_w.l(__rtentry2.o)
    0x0800021e   0x0800021e   0x00000000   Code   RO         5293    .ARM.Collect$$rtentry$$0000000C  c_w.l(__rtentry2.o)
    0x0800021e   0x0800021e   0x00000008   Code   RO         5294    .ARM.Collect$$rtentry$$0000000D  c_w.l(__rtentry2.o)
    0x08000226   0x08000226   0x00000002   Code   RO         5494    .ARM.Collect$$rtexit$$00000000  c_w.l(rtexit.o)
    0x08000228   0x08000228   0x00000000   Code   RO         5537    .ARM.Collect$$rtexit$$00000002  c_w.l(rtexit2.o)
    0x08000228   0x08000228   0x00000004   Code   RO         5538    .ARM.Collect$$rtexit$$00000003  c_w.l(rtexit2.o)
    0x0800022c   0x0800022c   0x00000006   Code   RO         5539    .ARM.Collect$$rtexit$$00000004  c_w.l(rtexit2.o)
    0x08000232   0x08000232   0x00000002   PAD
    0x08000234   0x08000234   0x00000040   Code   RO            4    .text               startup_stm32f103xb.o
    0x08000274   0x08000274   0x00000024   Code   RO         4966    .text               c_w.l(vsprintf.o)
    0x08000298   0x08000298   0x0000002c   Code   RO         4970    .text               c_w.l(__2sprintf.o)
    0x080002c4   0x080002c4   0x0000004e   Code   RO         4978    .text               c_w.l(_printf_pad.o)
    0x08000312   0x08000312   0x00000052   Code   RO         4980    .text               c_w.l(_printf_str.o)
    0x08000364   0x08000364   0x00000078   Code   RO         4982    .text               c_w.l(_printf_dec.o)
    0x080003dc   0x080003dc   0x00000094   Code   RO         5002    .text               c_w.l(_printf_hex_int_ll_ptr.o)
    0x08000470   0x08000470   0x00000188   Code   RO         5022    .text               c_w.l(__printf_flags_ss_wp.o)
    0x080005f8   0x080005f8   0x0000003e   Code   RO         5041    .text               c_w.l(strlen.o)
    0x08000636   0x08000636   0x00000044   Code   RO         5049    .text               c_w.l(rt_memclr.o)
    0x0800067a   0x0800067a   0x0000004e   Code   RO         5051    .text               c_w.l(rt_memclr_w.o)
    0x080006c8   0x080006c8   0x00000080   Code   RO         5053    .text               c_w.l(strcmpv7m.o)
    0x08000748   0x08000748   0x00000006   Code   RO         5055    .text               c_w.l(heapauxi.o)
    0x0800074e   0x0800074e   0x00000002   PAD
    0x08000750   0x08000750   0x00000010   Code   RO         5128    .text               c_w.l(rt_ctype_table.o)
    0x08000760   0x08000760   0x00000024   Code   RO         5155    .text               c_w.l(_printf_truncate.o)
    0x08000784   0x08000784   0x000000b2   Code   RO         5157    .text               c_w.l(_printf_intcommon.o)
    0x08000836   0x08000836   0x00000028   Code   RO         5159    .text               c_w.l(_printf_charcount.o)
    0x0800085e   0x0800085e   0x0000041e   Code   RO         5161    .text               c_w.l(_printf_fp_dec.o)
    0x08000c7c   0x08000c7c   0x00000030   Code   RO         5163    .text               c_w.l(_printf_char_common.o)
    0x08000cac   0x08000cac   0x0000000a   Code   RO         5165    .text               c_w.l(_sputc.o)
    0x08000cb6   0x08000cb6   0x0000002c   Code   RO         5167    .text               c_w.l(_printf_char.o)
    0x08000ce2   0x08000ce2   0x00000002   PAD
    0x08000ce4   0x08000ce4   0x000000bc   Code   RO         5171    .text               c_w.l(_printf_wctomb.o)
    0x08000da0   0x08000da0   0x0000007c   Code   RO         5174    .text               c_w.l(_printf_longlong_dec.o)
    0x08000e1c   0x08000e1c   0x00000070   Code   RO         5180    .text               c_w.l(_printf_oct_int_ll.o)
    0x08000e8c   0x08000e8c   0x00000008   Code   RO         5284    .text               c_w.l(libspace.o)
    0x08000e94   0x08000e94   0x00000008   Code   RO         5305    .text               c_w.l(rt_locale_intlibspace.o)
    0x08000e9c   0x08000e9c   0x0000008a   Code   RO         5320    .text               c_w.l(lludiv10.o)
    0x08000f26   0x08000f26   0x00000002   PAD
    0x08000f28   0x08000f28   0x000002fc   Code   RO         5324    .text               c_w.l(_printf_fp_hex.o)
    0x08001224   0x08001224   0x00000080   Code   RO         5327    .text               c_w.l(_printf_fp_infnan.o)
    0x080012a4   0x080012a4   0x0000002c   Code   RO         5331    .text               c_w.l(_printf_wchar.o)
    0x080012d0   0x080012d0   0x000000e4   Code   RO         5335    .text               c_w.l(bigflt0.o)
    0x080013b4   0x080013b4   0x00000040   Code   RO         5374    .text               c_w.l(_wcrtomb.o)
    0x080013f4   0x080013f4   0x00000002   Code   RO         5418    .text               c_w.l(use_no_semi.o)
    0x080013f6   0x080013f6   0x00000000   Code   RO         5420    .text               c_w.l(indicate_semi.o)
    0x080013f6   0x080013f6   0x0000004a   Code   RO         5421    .text               c_w.l(sys_stackheap_outer.o)
    0x08001440   0x08001440   0x00000012   Code   RO         5446    .text               c_w.l(exit.o)
    0x08001452   0x08001452   0x00000002   PAD
    0x08001454   0x08001454   0x0000000c   Code   RO         5492    .text               c_w.l(sys_exit.o)
    0x08001460   0x08001460   0x0000003e   Code   RO         5338    CL$$btod_d2e        c_w.l(btod.o)
    0x0800149e   0x0800149e   0x00000046   Code   RO         5340    CL$$btod_d2e_denorm_low  c_w.l(btod.o)
    0x080014e4   0x080014e4   0x00000060   Code   RO         5339    CL$$btod_d2e_norm_op1  c_w.l(btod.o)
    0x08001544   0x08001544   0x00000338   Code   RO         5348    CL$$btod_div_common  c_w.l(btod.o)
    0x0800187c   0x0800187c   0x000000dc   Code   RO         5345    CL$$btod_e2e        c_w.l(btod.o)
    0x08001958   0x08001958   0x0000002a   Code   RO         5342    CL$$btod_ediv       c_w.l(btod.o)
    0x08001982   0x08001982   0x0000002a   Code   RO         5341    CL$$btod_emul       c_w.l(btod.o)
    0x080019ac   0x080019ac   0x00000244   Code   RO         5347    CL$$btod_mult_common  c_w.l(btod.o)
    0x08001bf0   0x08001bf0   0x00000034   Code   RO         3598    i.BEEP_Init         beep.o
    0x08001c24   0x08001c24   0x00000010   Code   RO         3625    i.BODY_HW_GetData   hc-sr501.o
    0x08001c34   0x08001c34   0x0000004c   Code   RO         3626    i.BODY_HW_Init      hc-sr501.o
    0x08001c80   0x08001c80   0x00000060   Code   RO           13    i.Body_hc           main.o
    0x08001ce0   0x08001ce0   0x00000004   Code   RO          406    i.BusFault_Handler  stm32f1xx_it.o
    0x08001ce4   0x08001ce4   0x00000040   Code   RO         3433    i.Check_Response    dht11.o
    0x08001d24   0x08001d24   0x0000005c   Code   RO         3434    i.DHT11_Read        dht11.o
    0x08001d80   0x08001d80   0x00000094   Code   RO         3435    i.DHT11_Read_Data   dht11.o
    0x08001e14   0x08001e14   0x0000002c   Code   RO         3436    i.DHT11_Start       dht11.o
    0x08001e40   0x08001e40   0x00000002   Code   RO          407    i.DebugMon_Handler  stm32f1xx_it.o
    0x08001e42   0x08001e42   0x00000006   Code   RO           14    i.Error_Handler     main.o
    0x08001e48   0x08001e48   0x00000056   Code   RO         1417    i.HAL_DMA_Abort     stm32f1xx_hal_dma.o
    0x08001e9e   0x08001e9e   0x00000002   PAD
    0x08001ea0   0x08001ea0   0x000000b0   Code   RO         1418    i.HAL_DMA_Abort_IT  stm32f1xx_hal_dma.o
    0x08001f50   0x08001f50   0x00000028   Code   RO         1038    i.HAL_Delay         stm32f1xx_hal.o
    0x08001f78   0x08001f78   0x00000320   Code   RO         1353    i.HAL_GPIO_Init     stm32f1xx_hal_gpio.o
    0x08002298   0x08002298   0x00000010   Code   RO         1355    i.HAL_GPIO_ReadPin  stm32f1xx_hal_gpio.o
    0x080022a8   0x080022a8   0x0000000c   Code   RO         1357    i.HAL_GPIO_WritePin  stm32f1xx_hal_gpio.o
    0x080022b4   0x080022b4   0x0000000c   Code   RO         1042    i.HAL_GetTick       stm32f1xx_hal.o
    0x080022c0   0x080022c0   0x000001d0   Code   RO          565    i.HAL_I2C_Init      stm32f1xx_hal_i2c.o
    0x08002490   0x08002490   0x00000170   Code   RO          578    i.HAL_I2C_Master_Transmit  stm32f1xx_hal_i2c.o
    0x08002600   0x08002600   0x00000074   Code   RO          257    i.HAL_I2C_MspInit   i2c.o
    0x08002674   0x08002674   0x00000018   Code   RO         1048    i.HAL_IncTick       stm32f1xx_hal.o
    0x0800268c   0x0800268c   0x00000028   Code   RO         1049    i.HAL_Init          stm32f1xx_hal.o
    0x080026b4   0x080026b4   0x0000004c   Code   RO         1050    i.HAL_InitTick      stm32f1xx_hal.o
    0x08002700   0x08002700   0x00000054   Code   RO          494    i.HAL_MspInit       stm32f1xx_hal_msp.o
    0x08002754   0x08002754   0x00000020   Code   RO         1513    i.HAL_NVIC_EnableIRQ  stm32f1xx_hal_cortex.o
    0x08002774   0x08002774   0x0000007c   Code   RO         1519    i.HAL_NVIC_SetPriority  stm32f1xx_hal_cortex.o
    0x080027f0   0x080027f0   0x00000028   Code   RO         1520    i.HAL_NVIC_SetPriorityGrouping  stm32f1xx_hal_cortex.o
    0x08002818   0x08002818   0x0000018c   Code   RO         1206    i.HAL_RCC_ClockConfig  stm32f1xx_hal_rcc.o
    0x080029a4   0x080029a4   0x0000000c   Code   RO         1211    i.HAL_RCC_GetHCLKFreq  stm32f1xx_hal_rcc.o
    0x080029b0   0x080029b0   0x00000020   Code   RO         1213    i.HAL_RCC_GetPCLK1Freq  stm32f1xx_hal_rcc.o
    0x080029d0   0x080029d0   0x00000020   Code   RO         1214    i.HAL_RCC_GetPCLK2Freq  stm32f1xx_hal_rcc.o
    0x080029f0   0x080029f0   0x00000070   Code   RO         1215    i.HAL_RCC_GetSysClockFreq  stm32f1xx_hal_rcc.o
    0x08002a60   0x08002a60   0x00000464   Code   RO         1218    i.HAL_RCC_OscConfig  stm32f1xx_hal_rcc.o
    0x08002ec4   0x08002ec4   0x00000034   Code   RO         1524    i.HAL_SYSTICK_Config  stm32f1xx_hal_cortex.o
    0x08002ef8   0x08002ef8   0x00000002   Code   RO         2756    i.HAL_TIMEx_BreakCallback  stm32f1xx_hal_tim_ex.o
    0x08002efa   0x08002efa   0x00000002   Code   RO         2757    i.HAL_TIMEx_CommutCallback  stm32f1xx_hal_tim_ex.o
    0x08002efc   0x08002efc   0x00000084   Code   RO         2775    i.HAL_TIMEx_MasterConfigSynchronization  stm32f1xx_hal_tim_ex.o
    0x08002f80   0x08002f80   0x00000066   Code   RO         2041    i.HAL_TIM_Base_Init  stm32f1xx_hal_tim.o
    0x08002fe6   0x08002fe6   0x00000002   PAD
    0x08002fe8   0x08002fe8   0x000000b8   Code   RO          299    i.HAL_TIM_Base_MspInit  tim.o
    0x080030a0   0x080030a0   0x0000006c   Code   RO         2044    i.HAL_TIM_Base_Start  stm32f1xx_hal_tim.o
    0x0800310c   0x0800310c   0x0000010c   Code   RO         2050    i.HAL_TIM_ConfigClockSource  stm32f1xx_hal_tim.o
    0x08003218   0x08003218   0x00000002   Code   RO         2075    i.HAL_TIM_IC_CaptureCallback  stm32f1xx_hal_tim.o
    0x0800321a   0x0800321a   0x0000016c   Code   RO         2089    i.HAL_TIM_IRQHandler  stm32f1xx_hal_tim.o
    0x08003386   0x08003386   0x00000002   PAD
    0x08003388   0x08003388   0x00000058   Code   RO          300    i.HAL_TIM_MspPostInit  tim.o
    0x080033e0   0x080033e0   0x00000002   Code   RO         2092    i.HAL_TIM_OC_DelayElapsedCallback  stm32f1xx_hal_tim.o
    0x080033e2   0x080033e2   0x00000104   Code   RO         2113    i.HAL_TIM_PWM_ConfigChannel  stm32f1xx_hal_tim.o
    0x080034e6   0x080034e6   0x00000066   Code   RO         2116    i.HAL_TIM_PWM_Init  stm32f1xx_hal_tim.o
    0x0800354c   0x0800354c   0x00000002   Code   RO         2118    i.HAL_TIM_PWM_MspInit  stm32f1xx_hal_tim.o
    0x0800354e   0x0800354e   0x00000002   Code   RO         2119    i.HAL_TIM_PWM_PulseFinishedCallback  stm32f1xx_hal_tim.o
    0x08003550   0x08003550   0x000000d4   Code   RO         2121    i.HAL_TIM_PWM_Start  stm32f1xx_hal_tim.o
    0x08003624   0x08003624   0x00000020   Code   RO         4839    i.HAL_TIM_PeriodElapsedCallback  time_handle.o
    0x08003644   0x08003644   0x00000002   Code   RO         2132    i.HAL_TIM_TriggerCallback  stm32f1xx_hal_tim.o
    0x08003646   0x08003646   0x00000002   Code   RO         3035    i.HAL_UARTEx_RxEventCallback  stm32f1xx_hal_uart.o
    0x08003648   0x08003648   0x00000002   Code   RO         3049    i.HAL_UART_ErrorCallback  stm32f1xx_hal_uart.o
    0x0800364a   0x0800364a   0x00000002   PAD
    0x0800364c   0x0800364c   0x000002e4   Code   RO         3052    i.HAL_UART_IRQHandler  stm32f1xx_hal_uart.o
    0x08003930   0x08003930   0x00000076   Code   RO         3053    i.HAL_UART_Init     stm32f1xx_hal_uart.o
    0x080039a6   0x080039a6   0x00000002   PAD
    0x080039a8   0x080039a8   0x00000098   Code   RO          365    i.HAL_UART_MspInit  usart.o
    0x08003a40   0x08003a40   0x0000002c   Code   RO         3058    i.HAL_UART_Receive_IT  stm32f1xx_hal_uart.o
    0x08003a6c   0x08003a6c   0x00000064   Code   RO         3892    i.HAL_UART_RxCpltCallback  esp8266.o
    0x08003ad0   0x08003ad0   0x000000be   Code   RO         3061    i.HAL_UART_Transmit  stm32f1xx_hal_uart.o
    0x08003b8e   0x08003b8e   0x00000002   Code   RO         3064    i.HAL_UART_TxCpltCallback  stm32f1xx_hal_uart.o
    0x08003b90   0x08003b90   0x00000004   Code   RO          408    i.HardFault_Handler  stm32f1xx_it.o
    0x08003b94   0x08003b94   0x0000003e   Code   RO          609    i.I2C_IsAcknowledgeFailed  stm32f1xx_hal_i2c.o
    0x08003bd2   0x08003bd2   0x00000002   PAD
    0x08003bd4   0x08003bd4   0x000000c0   Code   RO          613    i.I2C_MasterRequestWrite  stm32f1xx_hal_i2c.o
    0x08003c94   0x08003c94   0x00000066   Code   RO          629    i.I2C_WaitOnBTFFlagUntilTimeout  stm32f1xx_hal_i2c.o
    0x08003cfa   0x08003cfa   0x000000be   Code   RO          630    i.I2C_WaitOnFlagUntilTimeout  stm32f1xx_hal_i2c.o
    0x08003db8   0x08003db8   0x000000fa   Code   RO          631    i.I2C_WaitOnMasterAddressFlagUntilTimeout  stm32f1xx_hal_i2c.o
    0x08003eb2   0x08003eb2   0x00000066   Code   RO          635    i.I2C_WaitOnTXEFlagUntilTimeout  stm32f1xx_hal_i2c.o
    0x08003f18   0x08003f18   0x0000001c   Code   RO         3658    i.IR_FireData       ir.o
    0x08003f34   0x08003f34   0x0000004c   Code   RO         3659    i.IR_Init           ir.o
    0x08003f80   0x08003f80   0x00000060   Code   RO         3499    i.JSQ_Init          jsq.o
    0x08003fe0   0x08003fe0   0x000000ac   Code   RO         3553    i.L9110_Init        l9110.o
    0x0800408c   0x0800408c   0x0000001c   Code   RO         3691    i.MQ2_GetData       mq2.o
    0x080040a8   0x080040a8   0x00000114   Code   RO          232    i.MX_GPIO_Init      gpio.o
    0x080041bc   0x080041bc   0x0000003c   Code   RO          258    i.MX_I2C1_Init      i2c.o
    0x080041f8   0x080041f8   0x00000070   Code   RO          301    i.MX_TIM1_Init      tim.o
    0x08004268   0x08004268   0x0000006c   Code   RO          302    i.MX_TIM2_Init      tim.o
    0x080042d4   0x080042d4   0x000000a4   Code   RO          303    i.MX_TIM3_Init      tim.o
    0x08004378   0x08004378   0x0000006c   Code   RO          304    i.MX_TIM4_Init      tim.o
    0x080043e4   0x080043e4   0x00000038   Code   RO          366    i.MX_USART1_UART_Init  usart.o
    0x0800441c   0x0800441c   0x00000004   Code   RO          409    i.MemManage_Handler  stm32f1xx_it.o
    0x08004420   0x08004420   0x00000004   Code   RO          410    i.NMI_Handler       stm32f1xx_it.o
    0x08004424   0x08004424   0x0000008c   Code   RO         3727    i.OLED_draw_point   oled.o
    0x080044b0   0x080044b0   0x000000e4   Code   RO         3728    i.OLED_init         oled.o
    0x08004594   0x08004594   0x00000054   Code   RO         3730    i.OLED_printf       oled.o
    0x080045e8   0x080045e8   0x00000038   Code   RO         3731    i.OLED_refresh_gram  oled.o
    0x08004620   0x08004620   0x0000002a   Code   RO         3732    i.OLED_set_pos      oled.o
    0x0800464a   0x0800464a   0x00000002   PAD
    0x0800464c   0x0800464c   0x00000094   Code   RO         3733    i.OLED_show_char    oled.o
    0x080046e0   0x080046e0   0x00000030   Code   RO         3734    i.OLED_show_string  oled.o
    0x08004710   0x08004710   0x00000064   Code   RO         3526    i.PTC_Init          ptc.o
    0x08004774   0x08004774   0x00000002   Code   RO          411    i.PendSV_Handler    stm32f1xx_it.o
    0x08004776   0x08004776   0x00000002   PAD
    0x08004778   0x08004778   0x00000028   Code   RO         1219    i.RCC_Delay         stm32f1xx_hal_rcc.o
    0x080047a0   0x080047a0   0x00000002   Code   RO          412    i.SVC_Handler       stm32f1xx_it.o
    0x080047a2   0x080047a2   0x00000022   Code   RO         3437    i.Set_Pin_Input     dht11.o
    0x080047c4   0x080047c4   0x00000024   Code   RO         3438    i.Set_Pin_Output    dht11.o
    0x080047e8   0x080047e8   0x00000008   Code   RO          413    i.SysTick_Handler   stm32f1xx_it.o
    0x080047f0   0x080047f0   0x00000066   Code   RO           15    i.SystemClock_Config  main.o
    0x08004856   0x08004856   0x00000002   Code   RO         3397    i.SystemInit        system_stm32f1xx.o
    0x08004858   0x08004858   0x00000010   Code   RO          414    i.TIM4_IRQHandler   stm32f1xx_it.o
    0x08004868   0x08004868   0x00000084   Code   RO         2134    i.TIM_Base_SetConfig  stm32f1xx_hal_tim.o
    0x080048ec   0x080048ec   0x00000022   Code   RO         2135    i.TIM_CCxChannelCmd  stm32f1xx_hal_tim.o
    0x0800490e   0x0800490e   0x00000016   Code   RO         2145    i.TIM_ETR_SetConfig  stm32f1xx_hal_tim.o
    0x08004924   0x08004924   0x00000012   Code   RO         2146    i.TIM_ITRx_SetConfig  stm32f1xx_hal_tim.o
    0x08004936   0x08004936   0x00000002   PAD
    0x08004938   0x08004938   0x00000060   Code   RO         2147    i.TIM_OC1_SetConfig  stm32f1xx_hal_tim.o
    0x08004998   0x08004998   0x00000068   Code   RO         2148    i.TIM_OC2_SetConfig  stm32f1xx_hal_tim.o
    0x08004a00   0x08004a00   0x00000068   Code   RO         2149    i.TIM_OC3_SetConfig  stm32f1xx_hal_tim.o
    0x08004a68   0x08004a68   0x00000048   Code   RO         2150    i.TIM_OC4_SetConfig  stm32f1xx_hal_tim.o
    0x08004ab0   0x08004ab0   0x00000026   Code   RO         2152    i.TIM_TI1_ConfigInputStage  stm32f1xx_hal_tim.o
    0x08004ad6   0x08004ad6   0x00000028   Code   RO         2154    i.TIM_TI2_ConfigInputStage  stm32f1xx_hal_tim.o
    0x08004afe   0x08004afe   0x00000014   Code   RO         3066    i.UART_DMAAbortOnError  stm32f1xx_hal_uart.o
    0x08004b12   0x08004b12   0x0000006c   Code   RO         3076    i.UART_EndRxTransfer  stm32f1xx_hal_uart.o
    0x08004b7e   0x08004b7e   0x00000020   Code   RO         3077    i.UART_EndTransmit_IT  stm32f1xx_hal_uart.o
    0x08004b9e   0x08004b9e   0x000000fc   Code   RO         3079    i.UART_Receive_IT   stm32f1xx_hal_uart.o
    0x08004c9a   0x08004c9a   0x00000002   PAD
    0x08004c9c   0x08004c9c   0x000000fc   Code   RO         3080    i.UART_SetConfig    stm32f1xx_hal_uart.o
    0x08004d98   0x08004d98   0x00000040   Code   RO         3082    i.UART_Start_Receive_IT  stm32f1xx_hal_uart.o
    0x08004dd8   0x08004dd8   0x00000060   Code   RO         3083    i.UART_Transmit_IT  stm32f1xx_hal_uart.o
    0x08004e38   0x08004e38   0x0000008c   Code   RO         3084    i.UART_WaitOnFlagUntilTimeout  stm32f1xx_hal_uart.o
    0x08004ec4   0x08004ec4   0x00000010   Code   RO          415    i.USART1_IRQHandler  stm32f1xx_it.o
    0x08004ed4   0x08004ed4   0x00000004   Code   RO          416    i.UsageFault_Handler  stm32f1xx_it.o
    0x08004ed8   0x08004ed8   0x00000028   Code   RO         5405    i.__ARM_fpclassify  m_ws.l(fpclassify.o)
    0x08004f00   0x08004f00   0x00000010   Code   RO         1526    i.__NVIC_GetPriorityGrouping  stm32f1xx_hal_cortex.o
    0x08004f10   0x08004f10   0x00000028   Code   RO         1527    i.__NVIC_SetPriority  stm32f1xx_hal_cortex.o
    0x08004f38   0x08004f38   0x0000000e   Code   RO         5015    i._is_digit         c_w.l(__printf_wp.o)
    0x08004f46   0x08004f46   0x00000002   PAD
    0x08004f48   0x08004f48   0x0000001c   Code   RO         3439    i.delay             dht11.o
    0x08004f64   0x08004f64   0x00000050   Code   RO         3893    i.esp8266_connect_server  esp8266.o
    0x08004fb4   0x08004fb4   0x00000028   Code   RO         3897    i.esp8266_send_cmd  esp8266.o
    0x08004fdc   0x08004fdc   0x00000060   Code   RO         3898    i.esp8266_send_msg  esp8266.o
    0x0800503c   0x0800503c   0x00000030   Code   RO         4041    i.humi_balance      humi_balance.o
    0x0800506c   0x0800506c   0x00000034   Code   RO         4042    i.humi_pid_init     humi_balance.o
    0x080050a0   0x080050a0   0x00000054   Code   RO         4043    i.humi_updata_cal   humi_balance.o
    0x080050f4   0x080050f4   0x00000068   Code   RO           16    i.irmq2             main.o
    0x0800515c   0x0800515c   0x00000134   Code   RO           17    i.main              main.o
    0x08005290   0x08005290   0x00000034   Code   RO         3735    i.oled_write_byte   oled.o
    0x080052c4   0x080052c4   0x000000e2   Code   RO         3975    i.pid_cal           pid.o
    0x080053a6   0x080053a6   0x00000012   Code   RO         3976    i.pid_set           pid.o
    0x080053b8   0x080053b8   0x00000030   Code   RO         3555    i.revolve           l9110.o
    0x080053e8   0x080053e8   0x00000034   Code   RO         4764    i.send_json_data_f  main_program.o
    0x0800541c   0x0800541c   0x00000034   Code   RO         4765    i.send_json_data_t  main_program.o
    0x08005450   0x08005450   0x00000058   Code   RO         4766    i.send_json_data_th  main_program.o
    0x080054a8   0x080054a8   0x00000034   Code   RO         3556    i.stop              l9110.o
    0x080054dc   0x080054dc   0x00000038   Code   RO         3998    i.tem_balance       tem_balance.o
    0x08005514   0x08005514   0x00000034   Code   RO         3999    i.temp_pid_init     tem_balance.o
    0x08005548   0x08005548   0x00000038   Code   RO         4000    i.temp_updata_cal   tem_balance.o
    0x08005580   0x08005580   0x00000034   Code   RO         3900    i.uart1_flag_clear  esp8266.o
    0x080055b4   0x080055b4   0x0000002c   Code   RO         5377    locale$$code        c_w.l(lc_ctype_c.o)
    0x080055e0   0x080055e0   0x0000002c   Code   RO         5380    locale$$code        c_w.l(lc_numeric_c.o)
    0x0800560c   0x0800560c   0x00000018   Code   RO         5263    x$fpl$dcmpinf       fz_ws.l(dcmpi.o)
    0x08005624   0x08005624   0x00000078   Code   RO         5077    x$fpl$dleqf         fz_ws.l(dleqf.o)
    0x0800569c   0x0800569c   0x0000009c   Code   RO         5265    x$fpl$dnaninf       fz_ws.l(dnaninf.o)
    0x08005738   0x08005738   0x0000000c   Code   RO         5267    x$fpl$dretinf       fz_ws.l(dretinf.o)
    0x08005744   0x08005744   0x0000006c   Code   RO         5081    x$fpl$drleqf        fz_ws.l(drleqf.o)
    0x080057b0   0x080057b0   0x00000056   Code   RO         5083    x$fpl$f2d           fz_ws.l(f2d.o)
    0x08005806   0x08005806   0x00000002   PAD
    0x08005808   0x08005808   0x000000c4   Code   RO         5085    x$fpl$fadd          fz_ws.l(faddsub_clz.o)
    0x080058cc   0x080058cc   0x00000018   Code   RO         5269    x$fpl$fcmpinf       fz_ws.l(fcmpi.o)
    0x080058e4   0x080058e4   0x00000068   Code   RO         5095    x$fpl$feqf          fz_ws.l(feqf.o)
    0x0800594c   0x0800594c   0x00000036   Code   RO         5097    x$fpl$ffix          fz_ws.l(ffix.o)
    0x08005982   0x08005982   0x00000002   PAD
    0x08005984   0x08005984   0x00000030   Code   RO         5106    x$fpl$fflt          fz_ws.l(fflt_clz.o)
    0x080059b4   0x080059b4   0x00000026   Code   RO         5105    x$fpl$ffltu         fz_ws.l(fflt_clz.o)
    0x080059da   0x080059da   0x00000002   PAD
    0x080059dc   0x080059dc   0x00000068   Code   RO         5111    x$fpl$fleqf         fz_ws.l(fleqf.o)
    0x08005a44   0x08005a44   0x00000102   Code   RO         5113    x$fpl$fmul          fz_ws.l(fmul.o)
    0x08005b46   0x08005b46   0x0000008c   Code   RO         5271    x$fpl$fnaninf       fz_ws.l(fnaninf.o)
    0x08005bd2   0x08005bd2   0x0000000a   Code   RO         5273    x$fpl$fretinf       fz_ws.l(fretinf.o)
    0x08005bdc   0x08005bdc   0x00000062   Code   RO         5115    x$fpl$frleqf        fz_ws.l(frleqf.o)
    0x08005c3e   0x08005c3e   0x00000002   PAD
    0x08005c40   0x08005c40   0x000000ea   Code   RO         5087    x$fpl$fsub          fz_ws.l(faddsub_clz.o)
    0x08005d2a   0x08005d2a   0x00000004   Code   RO         5117    x$fpl$printf1       fz_ws.l(printf1.o)
    0x08005d2e   0x08005d2e   0x00000004   Code   RO         5275    x$fpl$printf2       fz_ws.l(printf2.o)
    0x08005d32   0x08005d32   0x00000000   Code   RO         5281    x$fpl$usenofp       fz_ws.l(usenofp.o)
    0x08005d32   0x08005d32   0x00000012   Data   RO         1220    .constdata          stm32f1xx_hal_rcc.o
    0x08005d44   0x08005d44   0x00000018   Data   RO         3398    .constdata          system_stm32f1xx.o
    0x08005d5c   0x08005d5c   0x00000874   Data   RO         3737    .constdata          oled.o
    0x080065d0   0x080065d0   0x00000028   Data   RO         5003    .constdata          c_w.l(_printf_hex_int_ll_ptr.o)
    0x080065f8   0x080065f8   0x00000011   Data   RO         5023    .constdata          c_w.l(__printf_flags_ss_wp.o)
    0x08006609   0x08006609   0x00000003   PAD
    0x0800660c   0x0800660c   0x00000008   Data   RO         5172    .constdata          c_w.l(_printf_wctomb.o)
    0x08006614   0x08006614   0x00000026   Data   RO         5325    .constdata          c_w.l(_printf_fp_hex.o)
    0x0800663a   0x0800663a   0x00000002   PAD
    0x0800663c   0x0800663c   0x00000094   Data   RO         5336    .constdata          c_w.l(bigflt0.o)
    0x080066d0   0x080066d0   0x0000005f   Data   RO           19    .conststring        main.o
    0x0800672f   0x0800672f   0x00000001   PAD
    0x08006730   0x08006730   0x00000020   Data   RO         5597    Region$$Table       anon$$obj.o
    0x08006750   0x08006750   0x00000110   Data   RO         5376    locale$$data        c_w.l(lc_ctype_c.o)
    0x08006860   0x08006860   0x0000001c   Data   RO         5379    locale$$data        c_w.l(lc_numeric_c.o)


    Execution Region RW_IRAM1 (Exec base: 0x20000000, Load base: 0x0800687c, Size: 0x00000eb0, Max: 0x00005000, ABSOLUTE)

    Exec Addr    Load Addr    Size         Type   Attr      Idx    E Section Name        Object

    0x20000000   0x0800687c   0x00000010   Data   RW           20    .data               main.o
    0x20000010   0x0800688c   0x00000009   Data   RW         1056    .data               stm32f1xx_hal.o
    0x20000019   0x08006895   0x00000003   PAD
    0x2000001c   0x08006898   0x00000004   Data   RW         3399    .data               system_stm32f1xx.o
    0x20000020   0x0800689c   0x00000015   Data   RW         3440    .data               dht11.o
    0x20000035   0x080068b1   0x00000003   PAD
    0x20000038   0x080068b4   0x00000008   Data   RW         3738    .data               oled.o
    0x20000040   0x080068bc   0x00000038   Data   RW         3904    .data               esp8266.o
    0x20000078   0x080068f4   0x0000000c   Data   RW         4002    .data               tem_balance.o
    0x20000084   0x08006900   0x0000000c   Data   RW         4045    .data               humi_balance.o
    0x20000090   0x0800690c   0x00000008   Data   RW         4845    .data               time_handle.o
    0x20000098        -       0x00000054   Zero   RW          259    .bss                i2c.o
    0x200000ec        -       0x00000120   Zero   RW          305    .bss                tim.o
    0x2000020c        -       0x00000048   Zero   RW          367    .bss                usart.o
    0x20000254        -       0x00000480   Zero   RW         3736    .bss                oled.o
    0x200006d4        -       0x00000100   Zero   RW         3902    .bss                esp8266.o
    0x200007d4        -       0x0000003c   Zero   RW         4001    .bss                tem_balance.o
    0x20000810        -       0x0000003c   Zero   RW         4044    .bss                humi_balance.o
    0x2000084c        -       0x00000060   Zero   RW         5285    .bss                c_w.l(libspace.o)
    0x200008ac   0x08006914   0x00000004   PAD
    0x200008b0        -       0x00000200   Zero   RW            2    HEAP                startup_stm32f103xb.o
    0x20000ab0        -       0x00000400   Zero   RW            1    STACK               startup_stm32f103xb.o


==============================================================================

Image component sizes


      Code (inc. data)   RO Data    RW Data    ZI Data      Debug   Object Name

        52          4          0          0          0        480   beep.o
       446         62          0         21          0       4403   dht11.o
       368        154          0         56        256       3944   esp8266.o
       276         16          0          0          0       1007   gpio.o
        92         14          0          0          0       1309   hc-sr501.o
       184         58          0         12         60       1742   humi_balance.o
       176         24          0          0         84       1601   i2c.o
       104         14          0          0          0       1276   ir.o
        96          8          0          0          0        871   jsq.o
       272         24          0          0          0       1590   l9110.o
       616        106         95         16          0     437213   main.o
       192         94          0          0          0       2002   main_program.o
        28          6          0          0          0        486   mq2.o
       798         36       2164          8       1152     357417   oled.o
       244          0          0          0          0       2132   pid.o
       100         10          0          0          0        875   ptc.o
        64         26        236          0       1536        808   startup_stm32f103xb.o
       192         36          0          9          0       5873   stm32f1xx_hal.o
       304         22          0          0          0      29407   stm32f1xx_hal_cortex.o
       262          4          0          0          0       1747   stm32f1xx_hal_dma.o
       828         34          0          0          0       3307   stm32f1xx_hal_gpio.o
      1730         32          0          0          0       8053   stm32f1xx_hal_i2c.o
        84          8          0          0          0        890   stm32f1xx_hal_msp.o
      1748         98         18          0          0       5952   stm32f1xx_hal_rcc.o
      2086         60          0          0          0      15709   stm32f1xx_hal_tim.o
       136         14          0          0          0       2421   stm32f1xx_hal_tim_ex.o
      2062          8          0          0          0      11948   stm32f1xx_hal_uart.o
        66         12          0          0          0       4832   stm32f1xx_it.o
         2          0         24          4          0       1115   system_stm32f1xx.o
       164         52          0         12         60       1735   tem_balance.o
       764         66          0          0        288       4327   tim.o
        32         10          0          8          0       1060   time_handle.o
       208         24          0          0         72       1658   usart.o

    ----------------------------------------------------------------------
     14796       1136       2570        152       3508     919190   Object Totals
         0          0         32          0          0          0   (incl. Generated)
        20          0          1          6          0          0   (incl. Padding)

    ----------------------------------------------------------------------

      Code (inc. data)   RO Data    RW Data    ZI Data      Debug   Library Member Name

        44          6          0          0          0         84   __2sprintf.o
         8          0          0          0          0         68   __main.o
       392          4         17          0          0         92   __printf_flags_ss_wp.o
        14          0          0          0          0         68   __printf_wp.o
         0          0          0          0          0          0   __rtentry.o
        12          0          0          0          0          0   __rtentry2.o
         6          0          0          0          0          0   __rtentry4.o
        52          8          0          0          0          0   __scatter.o
        26          0          0          0          0          0   __scatter_copy.o
        28          0          0          0          0          0   __scatter_zi.o
         6          0          0          0          0          0   _printf_a.o
         6          0          0          0          0          0   _printf_c.o
        44          0          0          0          0        108   _printf_char.o
        48          6          0          0          0         96   _printf_char_common.o
        40          0          0          0          0         68   _printf_charcount.o
         6          0          0          0          0          0   _printf_d.o
       120         16          0          0          0         92   _printf_dec.o
         6          0          0          0          0          0   _printf_e.o
         6          0          0          0          0          0   _printf_f.o
      1054          0          0          0          0        216   _printf_fp_dec.o
       764          8         38          0          0        100   _printf_fp_hex.o
       128         16          0          0          0         84   _printf_fp_infnan.o
         6          0          0          0          0          0   _printf_g.o
       148          4         40          0          0        160   _printf_hex_int_ll_ptr.o
         6          0          0          0          0          0   _printf_i.o
       178          0          0          0          0         88   _printf_intcommon.o
        10          0          0          0          0          0   _printf_l.o
         6          0          0          0          0          0   _printf_lc.o
        10          0          0          0          0          0   _printf_ll.o
         6          0          0          0          0          0   _printf_lld.o
         6          0          0          0          0          0   _printf_lli.o
         6          0          0          0          0          0   _printf_llo.o
         6          0          0          0          0          0   _printf_llu.o
         6          0          0          0          0          0   _printf_llx.o
       124         16          0          0          0         92   _printf_longlong_dec.o
         6          0          0          0          0          0   _printf_ls.o
         6          0          0          0          0          0   _printf_n.o
         6          0          0          0          0          0   _printf_o.o
       112         10          0          0          0        124   _printf_oct_int_ll.o
         6          0          0          0          0          0   _printf_p.o
        78          0          0          0          0        108   _printf_pad.o
         0          0          0          0          0          0   _printf_percent.o
         4          0          0          0          0          0   _printf_percent_end.o
         6          0          0          0          0          0   _printf_s.o
        82          0          0          0          0         80   _printf_str.o
        36          0          0          0          0         84   _printf_truncate.o
         6          0          0          0          0          0   _printf_u.o
        44          0          0          0          0        108   _printf_wchar.o
       188          6          8          0          0         92   _printf_wctomb.o
         6          0          0          0          0          0   _printf_x.o
        10          0          0          0          0         68   _sputc.o
        64          0          0          0          0         92   _wcrtomb.o
       228          4        148          0          0         96   bigflt0.o
      1936        128          0          0          0        672   btod.o
        18          0          0          0          0         80   exit.o
         6          0          0          0          0        152   heapauxi.o
         0          0          0          0          0          0   indicate_semi.o
        44         10        272          0          0         76   lc_ctype_c.o
        44         10         28          0          0         76   lc_numeric_c.o
         2          0          0          0          0          0   libinit.o
        30          0          0          0          0          0   libinit2.o
         2          0          0          0          0          0   libshutdown.o
         2          0          0          0          0          0   libshutdown2.o
         8          4          0          0         96         68   libspace.o
       138          0          0          0          0         80   lludiv10.o
        16          4          0          0          0         76   rt_ctype_table.o
         8          4          0          0          0         68   rt_locale_intlibspace.o
        68          0          0          0          0         68   rt_memclr.o
        78          0          0          0          0         80   rt_memclr_w.o
         2          0          0          0          0          0   rtexit.o
        10          0          0          0          0          0   rtexit2.o
       128          0          0          0          0         68   strcmpv7m.o
        62          0          0          0          0         76   strlen.o
        12          4          0          0          0         68   sys_exit.o
        74          0          0          0          0         80   sys_stackheap_outer.o
         2          0          0          0          0         68   use_no_semi.o
        36          4          0          0          0         76   vsprintf.o
        24          0          0          0          0         68   dcmpi.o
       120          4          0          0          0         92   dleqf.o
       156          4          0          0          0         92   dnaninf.o
        12          0          0          0          0         68   dretinf.o
       108          0          0          0          0         80   drleqf.o
        86          4          0          0          0         84   f2d.o
       430          8          0          0          0        168   faddsub_clz.o
        24          0          0          0          0         68   fcmpi.o
       104          4          0          0          0         84   feqf.o
        54          4          0          0          0         84   ffix.o
        86          0          0          0          0        136   fflt_clz.o
       104          4          0          0          0         84   fleqf.o
       258          4          0          0          0         84   fmul.o
       140          4          0          0          0         84   fnaninf.o
        10          0          0          0          0         68   fretinf.o
        98          0          0          0          0         68   frleqf.o
         4          0          0          0          0         68   printf1.o
         4          0          0          0          0         68   printf2.o
         0          0          0          0          0          0   usenofp.o
        40          0          0          0          0         68   fpclassify.o

    ----------------------------------------------------------------------
      8826        312        556          0        100       5816   Library Totals
        22          0          5          0          4          0   (incl. Padding)

    ----------------------------------------------------------------------

      Code (inc. data)   RO Data    RW Data    ZI Data      Debug   Library Name

      6942        272        551          0         96       4200   c_w.l
      1822         40          0          0          0       1548   fz_ws.l
        40          0          0          0          0         68   m_ws.l

    ----------------------------------------------------------------------
      8826        312        556          0        100       5816   Library Totals

    ----------------------------------------------------------------------

==============================================================================


      Code (inc. data)   RO Data    RW Data    ZI Data      Debug   

     23622       1448       3126        152       3608     914446   Grand Totals
     23622       1448       3126        152       3608     914446   ELF Image Totals
     23622       1448       3126        152          0          0   ROM Totals

==============================================================================

    Total RO  Size (Code + RO Data)                26748 (  26.12kB)
    Total RW  Size (RW Data + ZI Data)              3760 (   3.67kB)
    Total ROM Size (Code + RO Data + RW Data)      26900 (  26.27kB)

==============================================================================

