<html>
<body>
<pre>
<h1>礦ision Build Log</h1>
<h2>Tool Versions:</h2>
IDE-Version: μVision V5.35.0.0
Copyright (C) 2021 ARM Ltd and ARM Germany GmbH. All rights reserved.
License Information: R YJ, Adam, LIC=PE7DL-0VSD0-9UH4U-SQYP5-N30TQ-QZM0N
 
Tool Versions:
Toolchain:       MDK-ARM Plus  Version: 5.35.0.2
Toolchain Path:  D:\Keil5 535\ARM\ARMCC\Bin
C Compiler:      Armcc.exe V5.06 update 7 (build 960)
Assembler:       Armasm.exe V5.06 update 7 (build 960)
Linker/Locator:  ArmLink.exe V5.06 update 7 (build 960)
Library Manager: ArmAr.exe V5.06 update 7 (build 960)
Hex Converter:   FromElf.exe V5.06 update 7 (build 960)
CPU DLL:         SARMCM3.DLL V5.35.0.2
Dialog DLL:      DCM.DLL V1.17.3.0
Target DLL:      STLink\ST-LINKIII-KEIL_SWO.dll V3.0.9.0
Dialog DLL:      TCM.DLL V1.53.0.0
 
<h2>Project:</h2>
C:\Users\RYJ\Desktop\closet_git\closet\Closet_0427\MDK-ARM\closet.uvprojx
Project File Date:  04/27/2025

<h2>Output:</h2>
*** Using Compiler 'V5.06 update 7 (build 960)', folder: 'D:\Keil5 535\ARM\ARMCC\Bin'
Build target 'closet'
assembling startup_stm32f103xb.s...
compiling DHT11.c...
..\Hardware\DHT11.c(44): warning:  #68-D: integer conversion resulted in a change of sign
  		else Response = -1;
..\Hardware\DHT11.c(54): warning:  #188-D: enumerated type mixed with another type
  	HAL_GPIO_WritePin (DHT11_PORT, DHT11_PIN, 0);   // pull the pin low
..\Hardware\DHT11.c(91): warning:  #1-D: last line of file ends without a newline
  }
..\Hardware\DHT11.c: 3 warnings, 0 errors
compiling tem_balance.c...
..\Software\tem_balance.h(7): warning:  #1-D: last line of file ends without a newline
  #endif 
../Hardware/L9110.h(4): warning:  #1295-D: Deprecated declaration L9110_Init - give arg types
  void L9110_Init();
../Hardware/L9110.h(5): warning:  #1295-D: Deprecated declaration revolve - give arg types
  void revolve();
../Hardware/L9110.h(6): warning:  #1295-D: Deprecated declaration stop - give arg types
  void stop();
../Hardware/L9110.h(7): warning:  #1295-D: Deprecated declaration in_revolve - give arg types
  void in_revolve();  // 反转（半速）
..\Software\tem_balance.c(38): warning:  #1-D: last line of file ends without a newline
  }
..\Software\tem_balance.c: 6 warnings, 0 errors
compiling humi_balance.c...
..\Software\humi_balance.h(8): warning:  #1-D: last line of file ends without a newline
  #endif 
..\Software\humi_balance.c: 1 warning, 0 errors
compiling stm32f1xx_it.c...
compiling L9110.c...
..\Hardware\L9110.h(4): warning:  #1295-D: Deprecated declaration L9110_Init - give arg types
  void L9110_Init();
..\Hardware\L9110.h(5): warning:  #1295-D: Deprecated declaration revolve - give arg types
  void revolve();
..\Hardware\L9110.h(6): warning:  #1295-D: Deprecated declaration stop - give arg types
  void stop();
..\Hardware\L9110.h(7): warning:  #1295-D: Deprecated declaration in_revolve - give arg types
  void in_revolve();  // 反转（半速）
..\Hardware\L9110.c(10): warning:  #177-D: variable "sBreakDeadTimeConfig"  was declared but never referenced
      TIM_BreakDeadTimeConfigTypeDef sBreakDeadTimeConfig = {0};
..\Hardware\L9110.c: 5 warnings, 0 errors
compiling main.c...
../Software/humi_balance.h(8): warning:  #1-D: last line of file ends without a newline
  #endif 
../Software/tem_balance.h(7): warning:  #1-D: last line of file ends without a newline
  #endif 
../Hardware/L9110.h(4): warning:  #1295-D: Deprecated declaration L9110_Init - give arg types
  void L9110_Init();
../Hardware/L9110.h(5): warning:  #1295-D: Deprecated declaration revolve - give arg types
  void revolve();
../Hardware/L9110.h(6): warning:  #1295-D: Deprecated declaration stop - give arg types
  void stop();
../Hardware/L9110.h(7): warning:  #1295-D: Deprecated declaration in_revolve - give arg types
  void in_revolve();  // 反转（半速）
../Hardware/IR.H(14): warning:  #1-D: last line of file ends without a newline
  #endif /* __LDR_H */
../Hardware/MQ2.h(20): warning:  #1-D: last line of file ends without a newline
  #endif /* __MQ2_H */
../Hardware/Beep.h(18): warning:  #1-D: last line of file ends without a newline
  #endif /* __BEEP_H */
../Hardware/HC-SR501.h(16): warning:  #1-D: last line of file ends without a newline
  #endif /* __BODY_HW_H */
../Core/Src/main.c: 10 warnings, 0 errors
compiling tim.c...
linking...
Program Size: Code=17650 RO-data=2002 RW-data=76 ZI-data=3348  
FromELF: creating hex file...
"closet\closet.axf" - 0 Error(s), 25 Warning(s).

<h2>Software Packages used:</h2>

Package Vendor: ARM
                http://www.keil.com/pack/ARM.CMSIS.5.8.0.pack
                ARM.CMSIS.5.8.0
                CMSIS (Common Microcontroller Software Interface Standard)
   * Component: CORE Version: 5.5.0

Package Vendor: Keil
                http://www.keil.com/pack/Keil.STM32F1xx_DFP.2.4.0.pack
                Keil.STM32F1xx_DFP.2.4.0
                STMicroelectronics STM32F1 Series Device Support, Drivers and Examples

<h2>Collection of Component include folders:</h2>
  .\RTE\_closet
  D:\Keil5 535\ARM\CMSIS\5.8.0\CMSIS\Core\Include
  D:\Keil5 535\Keil\STM32F1xx_DFP\2.4.0\Device\Include

<h2>Collection of Component Files used:</h2>

   * Component: ARM::CMSIS:CORE:5.5.0
      Include file:  CMSIS\Core\Include\tz_context.h
Build Time Elapsed:  00:00:02
</pre>
</body>
</html>
