Component: ARM Compiler 5.06 update 7 (build 960) Tool: armlink [4d3601]

==============================================================================

Section Cross References

    startup_stm32f103xb.o(STACK) refers (Special) to heapauxi.o(.text) for __use_two_region_memory
    startup_stm32f103xb.o(HEAP) refers (Special) to heapauxi.o(.text) for __use_two_region_memory
    startup_stm32f103xb.o(RESET) refers (Special) to heapauxi.o(.text) for __use_two_region_memory
    startup_stm32f103xb.o(RESET) refers to startup_stm32f103xb.o(STACK) for __initial_sp
    startup_stm32f103xb.o(RESET) refers to startup_stm32f103xb.o(.text) for Reset_Handler
    startup_stm32f103xb.o(RESET) refers to stm32f1xx_it.o(i.NMI_Handler) for NMI_Handler
    startup_stm32f103xb.o(RESET) refers to stm32f1xx_it.o(i.HardFault_Handler) for HardFault_Handler
    startup_stm32f103xb.o(RESET) refers to stm32f1xx_it.o(i.MemManage_Handler) for MemManage_Handler
    startup_stm32f103xb.o(RESET) refers to stm32f1xx_it.o(i.BusFault_Handler) for BusFault_Handler
    startup_stm32f103xb.o(RESET) refers to stm32f1xx_it.o(i.UsageFault_Handler) for UsageFault_Handler
    startup_stm32f103xb.o(RESET) refers to stm32f1xx_it.o(i.SVC_Handler) for SVC_Handler
    startup_stm32f103xb.o(RESET) refers to stm32f1xx_it.o(i.DebugMon_Handler) for DebugMon_Handler
    startup_stm32f103xb.o(RESET) refers to stm32f1xx_it.o(i.PendSV_Handler) for PendSV_Handler
    startup_stm32f103xb.o(RESET) refers to stm32f1xx_it.o(i.SysTick_Handler) for SysTick_Handler
    startup_stm32f103xb.o(RESET) refers to stm32f1xx_it.o(i.TIM4_IRQHandler) for TIM4_IRQHandler
    startup_stm32f103xb.o(.text) refers (Special) to heapauxi.o(.text) for __use_two_region_memory
    startup_stm32f103xb.o(.text) refers to system_stm32f1xx.o(i.SystemInit) for SystemInit
    startup_stm32f103xb.o(.text) refers to __main.o(!!!main) for __main
    startup_stm32f103xb.o(.text) refers to startup_stm32f103xb.o(HEAP) for Heap_Mem
    startup_stm32f103xb.o(.text) refers to startup_stm32f103xb.o(STACK) for Stack_Mem
    main.o(i.Body_hc) refers to hc-sr501.o(i.BODY_HW_GetData) for BODY_HW_GetData
    main.o(i.Body_hc) refers to oled.o(i.OLED_printf) for OLED_printf
    main.o(i.Body_hc) refers to stm32f1xx_hal_gpio.o(i.HAL_GPIO_WritePin) for HAL_GPIO_WritePin
    main.o(i.Body_hc) refers to main.o(.data) for .data
    main.o(i.SystemClock_Config) refers to rt_memclr_w.o(.text) for __aeabi_memclr4
    main.o(i.SystemClock_Config) refers to stm32f1xx_hal_rcc.o(i.HAL_RCC_OscConfig) for HAL_RCC_OscConfig
    main.o(i.SystemClock_Config) refers to stm32f1xx_hal_rcc.o(i.HAL_RCC_ClockConfig) for HAL_RCC_ClockConfig
    main.o(i.irmq2) refers to ir.o(i.IR_FireData) for IR_FireData
    main.o(i.irmq2) refers to mq2.o(i.MQ2_GetData) for MQ2_GetData
    main.o(i.irmq2) refers to oled.o(i.OLED_printf) for OLED_printf
    main.o(i.irmq2) refers to stm32f1xx_hal_gpio.o(i.HAL_GPIO_WritePin) for HAL_GPIO_WritePin
    main.o(i.irmq2) refers to main.o(.data) for .data
    main.o(i.main) refers to stm32f1xx_hal.o(i.HAL_Init) for HAL_Init
    main.o(i.main) refers to main.o(i.SystemClock_Config) for SystemClock_Config
    main.o(i.main) refers to gpio.o(i.MX_GPIO_Init) for MX_GPIO_Init
    main.o(i.main) refers to tim.o(i.MX_TIM1_Init) for MX_TIM1_Init
    main.o(i.main) refers to tim.o(i.MX_TIM2_Init) for MX_TIM2_Init
    main.o(i.main) refers to tim.o(i.MX_TIM3_Init) for MX_TIM3_Init
    main.o(i.main) refers to i2c.o(i.MX_I2C1_Init) for MX_I2C1_Init
    main.o(i.main) refers to usart.o(i.MX_USART1_UART_Init) for MX_USART1_UART_Init
    main.o(i.main) refers to tim.o(i.MX_TIM4_Init) for MX_TIM4_Init
    main.o(i.main) refers to oled.o(i.OLED_init) for OLED_init
    main.o(i.main) refers to stm32f1xx_hal_tim.o(i.HAL_TIM_Base_Start) for HAL_TIM_Base_Start
    main.o(i.main) refers to jsq.o(i.JSQ_Init) for JSQ_Init
    main.o(i.main) refers to ptc.o(i.PTC_Init) for PTC_Init
    main.o(i.main) refers to l9110.o(i.L9110_Init) for L9110_Init
    main.o(i.main) refers to ir.o(i.IR_Init) for IR_Init
    main.o(i.main) refers to beep.o(i.BEEP_Init) for BEEP_Init
    main.o(i.main) refers to hc-sr501.o(i.BODY_HW_Init) for BODY_HW_Init
    main.o(i.main) refers to humi_balance.o(i.humi_pid_init) for humi_pid_init
    main.o(i.main) refers to tem_balance.o(i.temp_pid_init) for temp_pid_init
    main.o(i.main) refers to dht11.o(i.DHT11_Read_Data) for DHT11_Read_Data
    main.o(i.main) refers to humi_balance.o(i.humi_balance) for humi_balance
    main.o(i.main) refers to tem_balance.o(i.tem_balance) for tem_balance
    main.o(i.main) refers to humi_balance.o(i.humi_updata_cal) for humi_updata_cal
    main.o(i.main) refers to tem_balance.o(i.temp_updata_cal) for temp_updata_cal
    main.o(i.main) refers to main.o(i.irmq2) for irmq2
    main.o(i.main) refers to main.o(i.Body_hc) for Body_hc
    main.o(i.main) refers to f2d.o(x$fpl$f2d) for __aeabi_f2d
    main.o(i.main) refers to oled.o(i.OLED_printf) for OLED_printf
[...]
    i.TIM_TI1_ConfigInputStage               0x08003bec   Section        0  stm32f1xx_hal_tim.o(i.TIM_TI1_ConfigInputStage)
    TIM_TI1_ConfigInputStage                 0x08003bed   Thumb Code    34  stm32f1xx_hal_tim.o(i.TIM_TI1_ConfigInputStage)
    i.TIM_TI2_ConfigInputStage               0x08003c0e   Section        0  stm32f1xx_hal_tim.o(i.TIM_TI2_ConfigInputStage)
    TIM_TI2_ConfigInputStage                 0x08003c0f   Thumb Code    36  stm32f1xx_hal_tim.o(i.TIM_TI2_ConfigInputStage)
    i.UART_SetConfig                         0x08003c34   Section        0  stm32f1xx_hal_uart.o(i.UART_SetConfig)
    UART_SetConfig                           0x08003c35   Thumb Code   178  stm32f1xx_hal_uart.o(i.UART_SetConfig)
    i.UsageFault_Handler                     0x08003cec   Section        0  stm32f1xx_it.o(i.UsageFault_Handler)
    i.__ARM_fpclassify                       0x08003cee   Section        0  fpclassify.o(i.__ARM_fpclassify)
    i.__NVIC_SetPriority                     0x08003d16   Section        0  stm32f1xx_hal_cortex.o(i.__NVIC_SetPriority)
    __NVIC_SetPriority                       0x08003d17   Thumb Code    32  stm32f1xx_hal_cortex.o(i.__NVIC_SetPriority)
    i._is_digit                              0x08003d36   Section        0  __printf_wp.o(i._is_digit)
    i.delay                                  0x08003d44   Section        0  dht11.o(i.delay)
    i.humi_balance                           0x08003d5c   Section        0  humi_balance.o(i.humi_balance)
    i.humi_pid_init                          0x08003d7c   Section        0  humi_balance.o(i.humi_pid_init)
    i.humi_updata_cal                        0x08003db0   Section        0  humi_balance.o(i.humi_updata_cal)
    i.irmq2                                  0x08003dd4   Section        0  main.o(i.irmq2)
    i.main                                   0x08003e2c   Section        0  main.o(i.main)
    i.oled_write_byte                        0x08003ef4   Section        0  oled.o(i.oled_write_byte)
    i.pid_cal                                0x08003f1c   Section        0  pid.o(i.pid_cal)
    i.pid_set                                0x08003fbc   Section        0  pid.o(i.pid_set)
    i.revolve                                0x08003fcc   Section        0  l9110.o(i.revolve)
    i.stop                                   0x08004000   Section        0  l9110.o(i.stop)
    i.tem_balance                            0x08004038   Section        0  tem_balance.o(i.tem_balance)
    i.temp_pid_init                          0x08004070   Section        0  tem_balance.o(i.temp_pid_init)
    i.temp_updata_cal                        0x080040a4   Section        0  tem_balance.o(i.temp_updata_cal)
    locale$$code                             0x080040c8   Section       44  lc_numeric_c.o(locale$$code)
    locale$$code                             0x080040f4   Section       44  lc_ctype_c.o(locale$$code)
    x$fpl$dretinf                            0x08004120   Section       12  dretinf.o(x$fpl$dretinf)
    x$fpl$f2d                                0x0800412c   Section       86  f2d.o(x$fpl$f2d)
    x$fpl$fadd                               0x08004184   Section      196  faddsub_clz.o(x$fpl$fadd)
    _fadd1                                   0x08004193   Thumb Code     0  faddsub_clz.o(x$fpl$fadd)
    x$fpl$fcmpinf                            0x08004248   Section       24  fcmpi.o(x$fpl$fcmpinf)
    x$fpl$ffltu                              0x08004260   Section       38  fflt_clz.o(x$fpl$ffltu)
    x$fpl$fleqf                              0x08004288   Section      104  fleqf.o(x$fpl$fleqf)
    x$fpl$fmul                               0x080042f0   Section      258  fmul.o(x$fpl$fmul)
    x$fpl$fnaninf                            0x080043f2   Section      140  fnaninf.o(x$fpl$fnaninf)
    x$fpl$fretinf                            0x0800447e   Section       10  fretinf.o(x$fpl$fretinf)
    x$fpl$frleqf                             0x08004488   Section       98  frleqf.o(x$fpl$frleqf)
    x$fpl$fsub                               0x080044ec   Section      234  faddsub_clz.o(x$fpl$fsub)
    _fsub1                                   0x080044fb   Thumb Code     0  faddsub_clz.o(x$fpl$fsub)
    x$fpl$printf1                            0x080045d6   Section        4  printf1.o(x$fpl$printf1)
    x$fpl$printf2                            0x080045da   Section        4  printf2.o(x$fpl$printf2)
    .constdata                               0x080045de   Section       18  stm32f1xx_hal_rcc.o(.constdata)
    x$fpl$usenofp                            0x080045de   Section        0  usenofp.o(x$fpl$usenofp)
    aPredivFactorTable                       0x080045de   Data           2  stm32f1xx_hal_rcc.o(.constdata)
    aPLLMULFactorTable                       0x080045e0   Data          16  stm32f1xx_hal_rcc.o(.constdata)
    .constdata                               0x080045f0   Section       16  system_stm32f1xx.o(.constdata)
    .constdata                               0x08004600   Section        8  system_stm32f1xx.o(.constdata)
    .constdata                               0x08004608   Section     1140  oled.o(.constdata)
    asc2_1206                                0x08004608   Data        1140  oled.o(.constdata)
    .constdata                               0x08004a7c   Section        8  _printf_wctomb.o(.constdata)
    initial_mbstate                          0x08004a7c   Data           8  _printf_wctomb.o(.constdata)
    .constdata                               0x08004a84   Section       40  _printf_hex_int_ll_ptr.o(.constdata)
    uc_hextab                                0x08004a84   Data          20  _printf_hex_int_ll_ptr.o(.constdata)
    lc_hextab                                0x08004a98   Data          20  _printf_hex_int_ll_ptr.o(.constdata)
    .constdata                               0x08004aac   Section       17  __printf_flags_ss_wp.o(.constdata)
    maptable                                 0x08004aac   Data          17  __printf_flags_ss_wp.o(.constdata)
    .constdata                               0x08004abd   Section       38  _printf_fp_hex.o(.constdata)
    lc_hextab                                0x08004abd   Data          19  _printf_fp_hex.o(.constdata)
    uc_hextab                                0x08004ad0   Data          19  _printf_fp_hex.o(.constdata)
    .constdata                               0x08004ae4   Section      148  bigflt0.o(.constdata)
    tenpwrs_x                                0x08004ae4   Data          60  bigflt0.o(.constdata)
    tenpwrs_i                                0x08004b20   Data          64  bigflt0.o(.constdata)
    locale$$data                             0x08004b98   Section       28  lc_numeric_c.o(locale$$data)
    __lcnum_c_name                           0x08004b9c   Data           2  lc_numeric_c.o(locale$$data)
    __lcnum_c_start                          0x08004ba4   Data           0  lc_numeric_c.o(locale$$data)
    __lcnum_c_point                          0x08004bb0   Data           0  lc_numeric_c.o(locale$$data)
    __lcnum_c_thousands                      0x08004bb2   Data           0  lc_numeric_c.o(locale$$data)
    __lcnum_c_grouping                       0x08004bb3   Data           0  lc_numeric_c.o(locale$$data)
    locale$$data                             0x08004bb4   Section      272  lc_ctype_c.o(locale$$data)
    __lcnum_c_end                            0x08004bb4   Data           0  lc_numeric_c.o(locale$$data)
    __lcctype_c_name                         0x08004bb8   Data           2  lc_ctype_c.o(locale$$data)
    __lcctype_c_start                        0x08004bc0   Data           0  lc_ctype_c.o(locale$$data)
    __lcctype_c_end                          0x08004cc4   Data           0  lc_ctype_c.o(locale$$data)
    .data                                    0x20000000   Section        8  main.o(.data)
    .data                                    0x20000008   Section       12  stm32f1xx_hal.o(.data)
    .data                                    0x20000014   Section        4  system_stm32f1xx.o(.data)
    .data                                    0x20000018   Section       20  dht11.o(.data)
    .data                                    0x2000002c   Section        8  oled.o(.data)
    cmd_data                                 0x2000002c   Data           2  oled.o(.data)
    ap                                       0x20000030   Data           4  oled.o(.data)
    .data                                    0x20000034   Section       12  tem_balance.o(.data)
    .data                                    0x20000040   Section       12  humi_balance.o(.data)
    .bss                                     0x2000004c   Section       84  i2c.o(.bss)
    .bss                                     0x200000a0   Section      288  tim.o(.bss)
    .bss                                     0x200001c0   Section       72  usart.o(.bss)
    .bss                                     0x20000208   Section     1152  oled.o(.bss)
    LCD_BUF                                  0x20000208   Data         128  oled.o(.bss)
    OLED_GRAM                                0x20000288   Data        1024  oled.o(.bss)
    .bss                                     0x20000688   Section       60  tem_balance.o(.bss)
    .bss                                     0x200006c4   Section       60  humi_balance.o(.bss)
    .bss                                     0x20000700   Section       96  libspace.o(.bss)
    HEAP                                     0x20000760   Section      512  startup_stm32f103xb.o(HEAP)
    Heap_Mem                                 0x20000760   Data         512  startup_stm32f103xb.o(HEAP)
    STACK                                    0x20000960   Section     1024  startup_stm32f103xb.o(STACK)
    Stack_Mem                                0x20000960   Data        1024  startup_stm32f103xb.o(STACK)
    __initial_sp                             0x20000d60   Data           0  startup_stm32f103xb.o(STACK)

    Global Symbols

    Symbol Name                              Value     Ov Type        Size  Object(Section)

    BuildAttributes$$THM_ISAv4$P$D$K$B$S$PE$A:L22UL41UL21$X:L11$S22US41US21$IEEE1$IW$USESV6$~STKCKD$USESV7$~SHL$OTIME$ROPI$IEEEJ$EBA8$UX$STANDARDLIB$REQ8$PRES8$EABIv2 0x00000000   Number         0  anon$$obj.o ABSOLUTE
    __ARM_use_no_argv                        0x00000000   Number         0  main.o ABSOLUTE
    _printf_flags                            0x00000000   Number         0  printf_stubs.o ABSOLUTE
    _printf_return_value                     0x00000000   Number         0  printf_stubs.o ABSOLUTE
    _printf_sizespec                         0x00000000   Number         0  printf_stubs.o ABSOLUTE
    _printf_widthprec                        0x00000000   Number         0  printf_stubs.o ABSOLUTE
    __ARM_exceptions_init                     - Undefined Weak Reference
    __alloca_initialize                       - Undefined Weak Reference
    __arm_fini_                               - Undefined Weak Reference
    __arm_preinit_                            - Undefined Weak Reference
    __cpp_initialize__aeabi_                  - Undefined Weak Reference
    __cxa_finalize                            - Undefined Weak Reference
    __sigvec_lookup                           - Undefined Weak Reference
    _atexit_init                              - Undefined Weak Reference
    _call_atexit_fns                          - Undefined Weak Reference
    _clock_init                               - Undefined Weak Reference
    _fp_trap_init                             - Undefined Weak Reference
    _fp_trap_shutdown                         - Undefined Weak Reference
    _get_lc_collate                           - Undefined Weak Reference
    _get_lc_monetary                          - Undefined Weak Reference
    _get_lc_time                              - Undefined Weak Reference
    _getenv_init                              - Undefined Weak Reference
    _handle_redirection                       - Undefined Weak Reference
    _init_alloc                               - Undefined Weak Reference
    _init_user_alloc                          - Undefined Weak Reference
    _initio                                   - Undefined Weak Reference
    _printf_mbtowc                            - Undefined Weak Reference
    _printf_wc                                - Undefined Weak Reference
    _rand_init                                - Undefined Weak Reference
    _signal_finish                            - Undefined Weak Reference
    _signal_init                              - Undefined Weak Reference
    _terminate_alloc                          - Undefined Weak Reference
    _terminate_user_alloc                     - Undefined Weak Reference
    _terminateio                              - Undefined Weak Reference
    __Vectors_Size                           0x000000ec   Number         0  startup_stm32f103xb.o ABSOLUTE
    __Vectors                                0x08000000   Data           4  startup_stm32f103xb.o(RESET)
    __Vectors_End                            0x080000ec   Data           0  startup_stm32f103xb.o(RESET)
    __main                                   0x080000ed   Thumb Code     8  __main.o(!!!main)
    __scatterload                            0x080000f5   Thumb Code     0  __scatter.o(!!!scatter)
    __scatterload_rt2                        0x080000f5   Thumb Code    44  __scatter.o(!!!scatter)
    __scatterload_rt2_thumb_only             0x080000f5   Thumb Code     0  __scatter.o(!!!scatter)
    __scatterload_null                       0x08000103   Thumb Code     0  __scatter.o(!!!scatter)
    __scatterload_copy                       0x08000129   Thumb Code    26  __scatter_copy.o(!!handler_copy)
    __scatterload_zeroinit                   0x08000145   Thumb Code    28  __scatter_zi.o(!!handler_zi)
    _printf_n                                0x08000161   Thumb Code     0  _printf_n.o(.ARM.Collect$$_printf_percent$$00000001)
    _printf_percent                          0x08000161   Thumb Code     0  _printf_percent.o(.ARM.Collect$$_printf_percent$$00000000)
    _printf_p                                0x08000167   Thumb Code     0  _printf_p.o(.ARM.Collect$$_printf_percent$$00000002)
    _printf_f                                0x0800016d   Thumb Code     0  _printf_f.o(.ARM.Collect$$_printf_percent$$00000003)
    _printf_e                                0x08000173   Thumb Code     0  _printf_e.o(.ARM.Collect$$_printf_percent$$00000004)
    _printf_g                                0x08000179   Thumb Code     0  _printf_g.o(.ARM.Collect$$_printf_percent$$00000005)
    _printf_a                                0x0800017f   Thumb Code     0  _printf_a.o(.ARM.Collect$$_printf_percent$$00000006)
    _printf_ll                               0x08000185   Thumb Code     0  _printf_ll.o(.ARM.Collect$$_printf_percent$$00000007)
    _printf_i                                0x0800018f   Thumb Code     0  _printf_i.o(.ARM.Collect$$_printf_percent$$00000008)
    _printf_d                                0x08000195   Thumb Code     0  _printf_d.o(.ARM.Collect$$_printf_percent$$00000009)
    _printf_u                                0x0800019b   Thumb Code     0  _printf_u.o(.ARM.Collect$$_printf_percent$$0000000A)
    _printf_o                                0x080001a1   Thumb Code     0  _printf_o.o(.ARM.Collect$$_printf_percent$$0000000B)
    _printf_x                                0x080001a7   Thumb Code     0  _printf_x.o(.ARM.Collect$$_printf_percent$$0000000C)
    _printf_lli                              0x080001ad   Thumb Code     0  _printf_lli.o(.ARM.Collect$$_printf_percent$$0000000D)
    _printf_lld                              0x080001b3   Thumb Code     0  _printf_lld.o(.ARM.Collect$$_printf_percent$$0000000E)
    _printf_llu                              0x080001b9   Thumb Code     0  _printf_llu.o(.ARM.Collect$$_printf_percent$$0000000F)
    _printf_llo                              0x080001bf   Thumb Code     0  _printf_llo.o(.ARM.Collect$$_printf_percent$$00000010)
    _printf_llx                              0x080001c5   Thumb Code     0  _printf_llx.o(.ARM.Collect$$_printf_percent$$00000011)
    _printf_l                                0x080001cb   Thumb Code     0  _printf_l.o(.ARM.Collect$$_printf_percent$$00000012)
    _printf_c                                0x080001d5   Thumb Code     0  _printf_c.o(.ARM.Collect$$_printf_percent$$00000013)
    _printf_s                                0x080001db   Thumb Code     0  _printf_s.o(.ARM.Collect$$_printf_percent$$00000014)
    _printf_lc                               0x080001e1   Thumb Code     0  _printf_lc.o(.ARM.Collect$$_printf_percent$$00000015)
    _printf_ls                               0x080001e7   Thumb Code     0  _printf_ls.o(.ARM.Collect$$_printf_percent$$00000016)
    _printf_percent_end                      0x080001ed   Thumb Code     0  _printf_percent_end.o(.ARM.Collect$$_printf_percent$$00000017)
    __rt_lib_init                            0x080001f1   Thumb Code     0  libinit.o(.ARM.Collect$$libinit$$00000000)
    __rt_lib_init_fp_1                       0x080001f3   Thumb Code     0  libinit2.o(.ARM.Collect$$libinit$$00000002)
    __rt_lib_init_heap_1                     0x080001f3   Thumb Code     0  libinit2.o(.ARM.Collect$$libinit$$0000000A)
    __rt_lib_init_lc_common                  0x080001f3   Thumb Code     0  libinit2.o(.ARM.Collect$$libinit$$0000000F)
    __rt_lib_init_preinit_1                  0x080001f3   Thumb Code     0  libinit2.o(.ARM.Collect$$libinit$$00000004)
    __rt_lib_init_rand_1                     0x080001f3   Thumb Code     0  libinit2.o(.ARM.Collect$$libinit$$0000000E)
    __rt_lib_init_user_alloc_1               0x080001f3   Thumb Code     0  libinit2.o(.ARM.Collect$$libinit$$0000000C)
    __rt_lib_init_lc_collate_1               0x080001f9   Thumb Code     0  libinit2.o(.ARM.Collect$$libinit$$00000011)
    __rt_lib_init_lc_ctype_2                 0x080001f9   Thumb Code     0  libinit2.o(.ARM.Collect$$libinit$$00000012)
    __rt_lib_init_lc_ctype_1                 0x08000205   Thumb Code     0  libinit2.o(.ARM.Collect$$libinit$$00000013)
    __rt_lib_init_lc_monetary_1              0x08000205   Thumb Code     0  libinit2.o(.ARM.Collect$$libinit$$00000015)
    __rt_lib_init_lc_numeric_2               0x08000205   Thumb Code     0  libinit2.o(.ARM.Collect$$libinit$$00000016)
    __rt_lib_init_alloca_1                   0x0800020f   Thumb Code     0  libinit2.o(.ARM.Collect$$libinit$$0000002E)
    __rt_lib_init_argv_1                     0x0800020f   Thumb Code     0  libinit2.o(.ARM.Collect$$libinit$$0000002C)
    __rt_lib_init_atexit_1                   0x0800020f   Thumb Code     0  libinit2.o(.ARM.Collect$$libinit$$0000001B)
    __rt_lib_init_clock_1                    0x0800020f   Thumb Code     0  libinit2.o(.ARM.Collect$$libinit$$00000021)
    __rt_lib_init_cpp_1                      0x0800020f   Thumb Code     0  libinit2.o(.ARM.Collect$$libinit$$00000032)
    __rt_lib_init_exceptions_1               0x0800020f   Thumb Code     0  libinit2.o(.ARM.Collect$$libinit$$00000030)
    __rt_lib_init_fp_trap_1                  0x0800020f   Thumb Code     0  libinit2.o(.ARM.Collect$$libinit$$0000001F)
    __rt_lib_init_getenv_1                   0x0800020f   Thumb Code     0  libinit2.o(.ARM.Collect$$libinit$$00000023)
    __rt_lib_init_lc_numeric_1               0x0800020f   Thumb Code     0  libinit2.o(.ARM.Collect$$libinit$$00000017)
    __rt_lib_init_lc_time_1                  0x0800020f   Thumb Code     0  libinit2.o(.ARM.Collect$$libinit$$00000019)
    __rt_lib_init_return                     0x0800020f   Thumb Code     0  libinit2.o(.ARM.Collect$$libinit$$00000033)
    __rt_lib_init_signal_1                   0x0800020f   Thumb Code     0  libinit2.o(.ARM.Collect$$libinit$$0000001D)
    __rt_lib_init_stdio_1                    0x0800020f   Thumb Code     0  libinit2.o(.ARM.Collect$$libinit$$00000025)
    __rt_lib_shutdown                        0x08000211   Thumb Code     0  libshutdown.o(.ARM.Collect$$libshutdown$$00000000)
    __rt_lib_shutdown_cpp_1                  0x08000213   Thumb Code     0  libshutdown2.o(.ARM.Collect$$libshutdown$$00000004)
    __rt_lib_shutdown_fini_1                 0x08000213   Thumb Code     0  libshutdown2.o(.ARM.Collect$$libshutdown$$00000002)
    __rt_lib_shutdown_fp_trap_1              0x08000213   Thumb Code     0  libshutdown2.o(.ARM.Collect$$libshutdown$$00000009)
    __rt_lib_shutdown_heap_1                 0x08000213   Thumb Code     0  libshutdown2.o(.ARM.Collect$$libshutdown$$00000011)
    __rt_lib_shutdown_return                 0x08000213   Thumb Code     0  libshutdown2.o(.ARM.Collect$$libshutdown$$00000012)
    __rt_lib_shutdown_signal_1               0x08000213   Thumb Code     0  libshutdown2.o(.ARM.Collect$$libshutdown$$0000000C)
    __rt_lib_shutdown_stdio_1                0x08000213   Thumb Code     0  libshutdown2.o(.ARM.Collect$$libshutdown$$00000006)
    __rt_lib_shutdown_user_alloc_1           0x08000213   Thumb Code     0  libshutdown2.o(.ARM.Collect$$libshutdown$$0000000E)
    __rt_entry                               0x08000215   Thumb Code     0  __rtentry.o(.ARM.Collect$$rtentry$$00000000)
    __rt_entry_presh_1                       0x08000215   Thumb Code     0  __rtentry2.o(.ARM.Collect$$rtentry$$00000002)
    __rt_entry_sh                            0x08000215   Thumb Code     0  __rtentry4.o(.ARM.Collect$$rtentry$$00000004)
    __rt_entry_li                            0x0800021b   Thumb Code     0  __rtentry2.o(.ARM.Collect$$rtentry$$0000000A)
    __rt_entry_postsh_1                      0x0800021b   Thumb Code     0  __rtentry2.o(.ARM.Collect$$rtentry$$00000009)
    __rt_entry_main                          0x0800021f   Thumb Code     0  __rtentry2.o(.ARM.Collect$$rtentry$$0000000D)
    __rt_entry_postli_1                      0x0800021f   Thumb Code     0  __rtentry2.o(.ARM.Collect$$rtentry$$0000000C)
    __rt_exit                                0x08000227   Thumb Code     0  rtexit.o(.ARM.Collect$$rtexit$$00000000)
    __rt_exit_ls                             0x08000229   Thumb Code     0  rtexit2.o(.ARM.Collect$$rtexit$$00000003)
    __rt_exit_prels_1                        0x08000229   Thumb Code     0  rtexit2.o(.ARM.Collect$$rtexit$$00000002)
    __rt_exit_exit                           0x0800022d   Thumb Code     0  rtexit2.o(.ARM.Collect$$rtexit$$00000004)
    Reset_Handler                            0x08000235   Thumb Code     8  startup_stm32f103xb.o(.text)
    ADC1_2_IRQHandler                        0x0800024f   Thumb Code     0  startup_stm32f103xb.o(.text)
    CAN1_RX1_IRQHandler                      0x0800024f   Thumb Code     0  startup_stm32f103xb.o(.text)
    CAN1_SCE_IRQHandler                      0x0800024f   Thumb Code     0  startup_stm32f103xb.o(.text)
    DMA1_Channel1_IRQHandler                 0x0800024f   Thumb Code     0  startup_stm32f103xb.o(.text)
    DMA1_Channel2_IRQHandler                 0x0800024f   Thumb Code     0  startup_stm32f103xb.o(.text)
    DMA1_Channel3_IRQHandler                 0x0800024f   Thumb Code     0  startup_stm32f103xb.o(.text)
    DMA1_Channel4_IRQHandler                 0x0800024f   Thumb Code     0  startup_stm32f103xb.o(.text)
    DMA1_Channel5_IRQHandler                 0x0800024f   Thumb Code     0  startup_stm32f103xb.o(.text)
    DMA1_Channel6_IRQHandler                 0x0800024f   Thumb Code     0  startup_stm32f103xb.o(.text)
    DMA1_Channel7_IRQHandler                 0x0800024f   Thumb Code     0  startup_stm32f103xb.o(.text)
    EXTI0_IRQHandler                         0x0800024f   Thumb Code     0  startup_stm32f103xb.o(.text)
    EXTI15_10_IRQHandler                     0x0800024f   Thumb Code     0  startup_stm32f103xb.o(.text)
    EXTI1_IRQHandler                         0x0800024f   Thumb Code     0  startup_stm32f103xb.o(.text)
    EXTI2_IRQHandler                         0x0800024f   Thumb Code     0  startup_stm32f103xb.o(.text)
    EXTI3_IRQHandler                         0x0800024f   Thumb Code     0  startup_stm32f103xb.o(.text)
    EXTI4_IRQHandler                         0x0800024f   Thumb Code     0  startup_stm32f103xb.o(.text)
    EXTI9_5_IRQHandler                       0x0800024f   Thumb Code     0  startup_stm32f103xb.o(.text)
    FLASH_IRQHandler                         0x0800024f   Thumb Code     0  startup_stm32f103xb.o(.text)
    I2C1_ER_IRQHandler                       0x0800024f   Thumb Code     0  startup_stm32f103xb.o(.text)
    I2C1_EV_IRQHandler                       0x0800024f   Thumb Code     0  startup_stm32f103xb.o(.text)
    I2C2_ER_IRQHandler                       0x0800024f   Thumb Code     0  startup_stm32f103xb.o(.text)
    I2C2_EV_IRQHandler                       0x0800024f   Thumb Code     0  startup_stm32f103xb.o(.text)
    PVD_IRQHandler                           0x0800024f   Thumb Code     0  startup_stm32f103xb.o(.text)
    RCC_IRQHandler                           0x0800024f   Thumb Code     0  startup_stm32f103xb.o(.text)
    RTC_Alarm_IRQHandler                     0x0800024f   Thumb Code     0  startup_stm32f103xb.o(.text)
    RTC_IRQHandler                           0x0800024f   Thumb Code     0  startup_stm32f103xb.o(.text)
    SPI1_IRQHandler                          0x0800024f   Thumb Code     0  startup_stm32f103xb.o(.text)
    SPI2_IRQHandler                          0x0800024f   Thumb Code     0  startup_stm32f103xb.o(.text)
    TAMPER_IRQHandler                        0x0800024f   Thumb Code     0  startup_stm32f103xb.o(.text)
    TIM1_BRK_IRQHandler                      0x0800024f   Thumb Code     0  startup_stm32f103xb.o(.text)
    TIM1_CC_IRQHandler                       0x0800024f   Thumb Code     0  startup_stm32f103xb.o(.text)
    TIM1_TRG_COM_IRQHandler                  0x0800024f   Thumb Code     0  startup_stm32f103xb.o(.text)
    TIM1_UP_IRQHandler                       0x0800024f   Thumb Code     0  startup_stm32f103xb.o(.text)
    TIM2_IRQHandler                          0x0800024f   Thumb Code     0  startup_stm32f103xb.o(.text)
    TIM3_IRQHandler                          0x0800024f   Thumb Code     0  startup_stm32f103xb.o(.text)
    USART1_IRQHandler                        0x0800024f   Thumb Code     0  startup_stm32f103xb.o(.text)
    USART2_IRQHandler                        0x0800024f   Thumb Code     0  startup_stm32f103xb.o(.text)
    USART3_IRQHandler                        0x0800024f   Thumb Code     0  startup_stm32f103xb.o(.text)
    USBWakeUp_IRQHandler                     0x0800024f   Thumb Code     0  startup_stm32f103xb.o(.text)
    USB_HP_CAN1_TX_IRQHandler                0x0800024f   Thumb Code     0  startup_stm32f103xb.o(.text)
    USB_LP_CAN1_RX0_IRQHandler               0x0800024f   Thumb Code     0  startup_stm32f103xb.o(.text)
    WWDG_IRQHandler                          0x0800024f   Thumb Code     0  startup_stm32f103xb.o(.text)
    __user_initial_stackheap                 0x08000251   Thumb Code     0  startup_stm32f103xb.o(.text)
    vsprintf                                 0x08000275   Thumb Code    32  vsprintf.o(.text)
    __aeabi_memclr4                          0x08000299   Thumb Code     0  rt_memclr_w.o(.text)
    __aeabi_memclr8                          0x08000299   Thumb Code     0  rt_memclr_w.o(.text)
    __rt_memclr_w                            0x08000299   Thumb Code    78  rt_memclr_w.o(.text)
    _memset_w                                0x0800029d   Thumb Code     0  rt_memclr_w.o(.text)
    __use_two_region_memory                  0x080002e7   Thumb Code     2  heapauxi.o(.text)
    __rt_heap_escrow$2region                 0x080002e9   Thumb Code     2  heapauxi.o(.text)
    __rt_heap_expand$2region                 0x080002eb   Thumb Code     2  heapauxi.o(.text)
    _printf_pre_padding                      0x080002ed   Thumb Code    44  _printf_pad.o(.text)
    _printf_post_padding                     0x08000319   Thumb Code    34  _printf_pad.o(.text)
    _printf_truncate_signed                  0x0800033b   Thumb Code    18  _printf_truncate.o(.text)
    _printf_truncate_unsigned                0x0800034d   Thumb Code    18  _printf_truncate.o(.text)
    _printf_str                              0x0800035f   Thumb Code    82  _printf_str.o(.text)
    _printf_int_dec                          0x080003b1   Thumb Code   104  _printf_dec.o(.text)
    _printf_charcount                        0x08000429   Thumb Code    40  _printf_charcount.o(.text)
    _printf_char_common                      0x0800045b   Thumb Code    32  _printf_char_common.o(.text)
    _sputc                                   0x08000481   Thumb Code    10  _sputc.o(.text)
    _printf_wctomb                           0x0800048d   Thumb Code   182  _printf_wctomb.o(.text)
    _printf_longlong_dec                     0x08000549   Thumb Code   108  _printf_longlong_dec.o(.text)
    _printf_longlong_oct                     0x080005c5   Thumb Code    66  _printf_oct_int_ll.o(.text)
    _printf_int_oct                          0x08000607   Thumb Code    24  _printf_oct_int_ll.o(.text)
    _printf_ll_oct                           0x0800061f   Thumb Code    12  _printf_oct_int_ll.o(.text)
    _printf_longlong_hex                     0x08000635   Thumb Code    86  _printf_hex_int_ll_ptr.o(.text)
    _printf_int_hex                          0x0800068b   Thumb Code    28  _printf_hex_int_ll_ptr.o(.text)
    _printf_ll_hex                           0x080006a7   Thumb Code    12  _printf_hex_int_ll_ptr.o(.text)
    _printf_hex_ptr                          0x080006b3   Thumb Code    18  _printf_hex_int_ll_ptr.o(.text)
    __printf                                 0x080006c9   Thumb Code   388  __printf_flags_ss_wp.o(.text)
    _ll_udiv10                               0x08000851   Thumb Code   138  lludiv10.o(.text)
    _printf_int_common                       0x080008db   Thumb Code   178  _printf_intcommon.o(.text)
    __lib_sel_fp_printf                      0x0800098d   Thumb Code     2  _printf_fp_dec.o(.text)
    _printf_fp_dec_real                      0x08000b3f   Thumb Code   620  _printf_fp_dec.o(.text)
    _printf_fp_hex_real                      0x08000dad   Thumb Code   756  _printf_fp_hex.o(.text)
    _printf_cs_common                        0x080010a9   Thumb Code    20  _printf_char.o(.text)
    _printf_char                             0x080010bd   Thumb Code    16  _printf_char.o(.text)
    _printf_string                           0x080010cd   Thumb Code     8  _printf_char.o(.text)
    _printf_lcs_common                       0x080010d5   Thumb Code    20  _printf_wchar.o(.text)
    _printf_wchar                            0x080010e9   Thumb Code    16  _printf_wchar.o(.text)
    _printf_wstring                          0x080010f9   Thumb Code     8  _printf_wchar.o(.text)
    _wcrtomb                                 0x08001101   Thumb Code    64  _wcrtomb.o(.text)
    __user_setup_stackheap                   0x08001141   Thumb Code    74  sys_stackheap_outer.o(.text)
    __rt_ctype_table                         0x0800118d   Thumb Code    16  rt_ctype_table.o(.text)
    __rt_locale                              0x0800119d   Thumb Code     8  rt_locale_intlibspace.o(.text)
    _printf_fp_infnan                        0x080011a5   Thumb Code   112  _printf_fp_infnan.o(.text)
    _btod_etento                             0x08001225   Thumb Code   224  bigflt0.o(.text)
    exit                                     0x08001309   Thumb Code    18  exit.o(.text)
    __user_libspace                          0x0800131d   Thumb Code     8  libspace.o(.text)
    __user_perproc_libspace                  0x0800131d   Thumb Code     0  libspace.o(.text)
    __user_perthread_libspace                0x0800131d   Thumb Code     0  libspace.o(.text)
    strcmp                                   0x08001325   Thumb Code   128  strcmpv7m.o(.text)
    _sys_exit                                0x080013a5   Thumb Code     8  sys_exit.o(.text)
    __I$use$semihosting                      0x080013b1   Thumb Code     0  use_no_semi.o(.text)
    __use_no_semihosting_swi                 0x080013b1   Thumb Code     2  use_no_semi.o(.text)
    __semihosting_library_function           0x080013b3   Thumb Code     0  indicate_semi.o(.text)
    _btod_d2e                                0x080013b3   Thumb Code    62  btod.o(CL$$btod_d2e)
    _d2e_denorm_low                          0x080013f1   Thumb Code    70  btod.o(CL$$btod_d2e_denorm_low)
    _d2e_norm_op1                            0x08001437   Thumb Code    96  btod.o(CL$$btod_d2e_norm_op1)
    __btod_div_common                        0x08001497   Thumb Code   696  btod.o(CL$$btod_div_common)
    _e2e                                     0x080017cf   Thumb Code   220  btod.o(CL$$btod_e2e)
    _btod_ediv                               0x080018ab   Thumb Code    42  btod.o(CL$$btod_ediv)
    _btod_emul                               0x080018d5   Thumb Code    42  btod.o(CL$$btod_emul)
    __btod_mult_common                       0x080018ff   Thumb Code   580  btod.o(CL$$btod_mult_common)
    BEEP_Init                                0x08001b45   Thumb Code    40  beep.o(i.BEEP_Init)
    BODY_HW_GetData                          0x08001b71   Thumb Code     8  hc-sr501.o(i.BODY_HW_GetData)
    BODY_HW_Init                             0x08001b7d   Thumb Code    48  hc-sr501.o(i.BODY_HW_Init)
    Body_hc                                  0x08001bb5   Thumb Code    54  main.o(i.Body_hc)
    BusFault_Handler                         0x08001c05   Thumb Code     2  stm32f1xx_it.o(i.BusFault_Handler)
    Check_Response                           0x08001c09   Thumb Code    60  dht11.o(i.Check_Response)
    DHT11_Read                               0x08001c49   Thumb Code    88  dht11.o(i.DHT11_Read)
    DHT11_Read_Data                          0x08001ca5   Thumb Code    68  dht11.o(i.DHT11_Read_Data)
    DHT11_Start                              0x08001ced   Thumb Code    42  dht11.o(i.DHT11_Start)
    DebugMon_Handler                         0x08001d1d   Thumb Code     2  stm32f1xx_it.o(i.DebugMon_Handler)
    Error_Handler                            0x08001d1f   Thumb Code     4  main.o(i.Error_Handler)
    HAL_Delay                                0x08001d25   Thumb Code    32  stm32f1xx_hal.o(i.HAL_Delay)
    HAL_GPIO_Init                            0x08001d49   Thumb Code   446  stm32f1xx_hal_gpio.o(i.HAL_GPIO_Init)
    HAL_GPIO_ReadPin                         0x08001f29   Thumb Code    10  stm32f1xx_hal_gpio.o(i.HAL_GPIO_ReadPin)
    HAL_GPIO_WritePin                        0x08001f33   Thumb Code    10  stm32f1xx_hal_gpio.o(i.HAL_GPIO_WritePin)
    HAL_GetTick                              0x08001f3d   Thumb Code     6  stm32f1xx_hal.o(i.HAL_GetTick)
    HAL_I2C_Init                             0x08001f49   Thumb Code   376  stm32f1xx_hal_i2c.o(i.HAL_I2C_Init)
    HAL_I2C_Master_Transmit                  0x080020d1   Thumb Code   290  stm32f1xx_hal_i2c.o(i.HAL_I2C_Master_Transmit)
    HAL_I2C_MspInit                          0x080021fd   Thumb Code    80  i2c.o(i.HAL_I2C_MspInit)
    HAL_IncTick                              0x08002259   Thumb Code    12  stm32f1xx_hal.o(i.HAL_IncTick)
    HAL_Init                                 0x08002269   Thumb Code    32  stm32f1xx_hal.o(i.HAL_Init)
    HAL_InitTick                             0x0800228d   Thumb Code    54  stm32f1xx_hal.o(i.HAL_InitTick)
    HAL_MspInit                              0x080022cd   Thumb Code    52  stm32f1xx_hal_msp.o(i.HAL_MspInit)
    HAL_NVIC_EnableIRQ                       0x08002309   Thumb Code    26  stm32f1xx_hal_cortex.o(i.HAL_NVIC_EnableIRQ)
    HAL_NVIC_SetPriority                     0x08002325   Thumb Code    60  stm32f1xx_hal_cortex.o(i.HAL_NVIC_SetPriority)
    HAL_NVIC_SetPriorityGrouping             0x08002365   Thumb Code    26  stm32f1xx_hal_cortex.o(i.HAL_NVIC_SetPriorityGrouping)
    HAL_RCC_ClockConfig                      0x08002389   Thumb Code   280  stm32f1xx_hal_rcc.o(i.HAL_RCC_ClockConfig)
    HAL_RCC_GetPCLK1Freq                     0x080024b5   Thumb Code    20  stm32f1xx_hal_rcc.o(i.HAL_RCC_GetPCLK1Freq)
    HAL_RCC_GetPCLK2Freq                     0x080024d5   Thumb Code    20  stm32f1xx_hal_rcc.o(i.HAL_RCC_GetPCLK2Freq)
    HAL_RCC_GetSysClockFreq                  0x080024f5   Thumb Code    58  stm32f1xx_hal_rcc.o(i.HAL_RCC_GetSysClockFreq)
    HAL_RCC_OscConfig                        0x08002541   Thumb Code   778  stm32f1xx_hal_rcc.o(i.HAL_RCC_OscConfig)
    HAL_SYSTICK_Config                       0x08002861   Thumb Code    40  stm32f1xx_hal_cortex.o(i.HAL_SYSTICK_Config)
    HAL_TIMEx_BreakCallback                  0x08002889   Thumb Code     2  stm32f1xx_hal_tim_ex.o(i.HAL_TIMEx_BreakCallback)
    HAL_TIMEx_CommutCallback                 0x0800288b   Thumb Code     2  stm32f1xx_hal_tim_ex.o(i.HAL_TIMEx_CommutCallback)
    HAL_TIMEx_MasterConfigSynchronization    0x0800288d   Thumb Code    92  stm32f1xx_hal_tim_ex.o(i.HAL_TIMEx_MasterConfigSynchronization)
    HAL_TIM_Base_Init                        0x080028f5   Thumb Code    90  stm32f1xx_hal_tim.o(i.HAL_TIM_Base_Init)
    HAL_TIM_Base_MspInit                     0x08002951   Thumb Code   116  tim.o(i.HAL_TIM_Base_MspInit)
    HAL_TIM_Base_Start                       0x080029d5   Thumb Code    66  stm32f1xx_hal_tim.o(i.HAL_TIM_Base_Start)
    HAL_TIM_ConfigClockSource                0x08002a25   Thumb Code   220  stm32f1xx_hal_tim.o(i.HAL_TIM_ConfigClockSource)
    HAL_TIM_IC_CaptureCallback               0x08002b01   Thumb Code     2  stm32f1xx_hal_tim.o(i.HAL_TIM_IC_CaptureCallback)
    HAL_TIM_IRQHandler                       0x08002b03   Thumb Code   304  stm32f1xx_hal_tim.o(i.HAL_TIM_IRQHandler)
    HAL_TIM_MspPostInit                      0x08002c35   Thumb Code    62  tim.o(i.HAL_TIM_MspPostInit)
    HAL_TIM_OC_DelayElapsedCallback          0x08002c81   Thumb Code     2  stm32f1xx_hal_tim.o(i.HAL_TIM_OC_DelayElapsedCallback)
    HAL_TIM_PWM_ConfigChannel                0x08002c83   Thumb Code   204  stm32f1xx_hal_tim.o(i.HAL_TIM_PWM_ConfigChannel)
    HAL_TIM_PWM_Init                         0x08002d4f   Thumb Code    90  stm32f1xx_hal_tim.o(i.HAL_TIM_PWM_Init)
    HAL_TIM_PWM_MspInit                      0x08002da9   Thumb Code     2  stm32f1xx_hal_tim.o(i.HAL_TIM_PWM_MspInit)
    HAL_TIM_PWM_PulseFinishedCallback        0x08002dab   Thumb Code     2  stm32f1xx_hal_tim.o(i.HAL_TIM_PWM_PulseFinishedCallback)
    HAL_TIM_PWM_Start                        0x08002dad   Thumb Code   144  stm32f1xx_hal_tim.o(i.HAL_TIM_PWM_Start)
    HAL_TIM_PeriodElapsedCallback            0x08002e49   Thumb Code     2  stm32f1xx_hal_tim.o(i.HAL_TIM_PeriodElapsedCallback)
    HAL_TIM_TriggerCallback                  0x08002e4b   Thumb Code     2  stm32f1xx_hal_tim.o(i.HAL_TIM_TriggerCallback)
    HAL_UART_Init                            0x08002e4d   Thumb Code   100  stm32f1xx_hal_uart.o(i.HAL_UART_Init)
    HAL_UART_MspInit                         0x08002eb1   Thumb Code   100  usart.o(i.HAL_UART_MspInit)
    HardFault_Handler                        0x08002f21   Thumb Code     2  stm32f1xx_it.o(i.HardFault_Handler)
    IR_FireData                              0x080031e9   Thumb Code    22  ir.o(i.IR_FireData)
    IR_Init                                  0x08003205   Thumb Code    50  ir.o(i.IR_Init)
    JSQ_Init                                 0x08003241   Thumb Code    78  jsq.o(i.JSQ_Init)
    L9110_Init                               0x08003299   Thumb Code   160  l9110.o(i.L9110_Init)
    MQ2_GetData                              0x0800333d   Thumb Code    22  mq2.o(i.MQ2_GetData)
    MX_GPIO_Init                             0x08003359   Thumb Code   202  gpio.o(i.MX_GPIO_Init)
    MX_I2C1_Init                             0x08003435   Thumb Code    50  i2c.o(i.MX_I2C1_Init)
    MX_TIM1_Init                             0x08003475   Thumb Code    96  tim.o(i.MX_TIM1_Init)
    MX_TIM2_Init                             0x080034dd   Thumb Code    96  tim.o(i.MX_TIM2_Init)
    MX_TIM3_Init                             0x08003541   Thumb Code   144  tim.o(i.MX_TIM3_Init)
    MX_TIM4_Init                             0x080035d9   Thumb Code    94  tim.o(i.MX_TIM4_Init)
    MX_USART1_UART_Init                      0x08003641   Thumb Code    48  usart.o(i.MX_USART1_UART_Init)
    MemManage_Handler                        0x08003679   Thumb Code     2  stm32f1xx_it.o(i.MemManage_Handler)
    NMI_Handler                              0x0800367b   Thumb Code     2  stm32f1xx_it.o(i.NMI_Handler)
    OLED_draw_point                          0x0800367d   Thumb Code    66  oled.o(i.OLED_draw_point)
    OLED_init                                0x080036c5   Thumb Code   230  oled.o(i.OLED_init)
    OLED_printf                              0x080037ad   Thumb Code    58  oled.o(i.OLED_printf)
    OLED_refresh_gram                        0x080037f1   Thumb Code    46  oled.o(i.OLED_refresh_gram)
    OLED_set_pos                             0x08003825   Thumb Code    40  oled.o(i.OLED_set_pos)
    OLED_show_char                           0x0800384d   Thumb Code   116  oled.o(i.OLED_show_char)
    OLED_show_string                         0x080038c5   Thumb Code    46  oled.o(i.OLED_show_string)
    PTC_Init                                 0x080038f5   Thumb Code    78  ptc.o(i.PTC_Init)
    PendSV_Handler                           0x0800394d   Thumb Code     2  stm32f1xx_it.o(i.PendSV_Handler)
    SVC_Handler                              0x0800394f   Thumb Code     2  stm32f1xx_it.o(i.SVC_Handler)
    Set_Pin_Input                            0x08003951   Thumb Code    22  dht11.o(i.Set_Pin_Input)
    Set_Pin_Output                           0x08003967   Thumb Code    24  dht11.o(i.Set_Pin_Output)
    SysTick_Handler                          0x0800397f   Thumb Code     4  stm32f1xx_it.o(i.SysTick_Handler)
    SystemClock_Config                       0x08003983   Thumb Code    94  main.o(i.SystemClock_Config)
    SystemInit                               0x080039e1   Thumb Code     2  system_stm32f1xx.o(i.SystemInit)
    TIM4_IRQHandler                          0x080039e5   Thumb Code     6  stm32f1xx_it.o(i.TIM4_IRQHandler)
    TIM_Base_SetConfig                       0x080039f1   Thumb Code   108  stm32f1xx_hal_tim.o(i.TIM_Base_SetConfig)
    TIM_CCxChannelCmd                        0x08003a69   Thumb Code    26  stm32f1xx_hal_tim.o(i.TIM_CCxChannelCmd)
    TIM_ETR_SetConfig                        0x08003a83   Thumb Code    20  stm32f1xx_hal_tim.o(i.TIM_ETR_SetConfig)
    TIM_OC2_SetConfig                        0x08003af9   Thumb Code    84  stm32f1xx_hal_tim.o(i.TIM_OC2_SetConfig)
    UsageFault_Handler                       0x08003ced   Thumb Code     2  stm32f1xx_it.o(i.UsageFault_Handler)
    __ARM_fpclassify                         0x08003cef   Thumb Code    40  fpclassify.o(i.__ARM_fpclassify)
    _is_digit                                0x08003d37   Thumb Code    14  __printf_wp.o(i._is_digit)
    delay                                    0x08003d45   Thumb Code    18  dht11.o(i.delay)
    humi_balance                             0x08003d5d   Thumb Code    24  humi_balance.o(i.humi_balance)
    humi_pid_init                            0x08003d7d   Thumb Code    32  humi_balance.o(i.humi_pid_init)
    humi_updata_cal                          0x08003db1   Thumb Code    22  humi_balance.o(i.humi_updata_cal)
    irmq2                                    0x08003dd5   Thumb Code    64  main.o(i.irmq2)
    main                                     0x08003e2d   Thumb Code   164  main.o(i.main)
    oled_write_byte                          0x08003ef5   Thumb Code    30  oled.o(i.oled_write_byte)
    pid_cal                                  0x08003f1d   Thumb Code   156  pid.o(i.pid_cal)
    pid_set                                  0x08003fbd   Thumb Code    16  pid.o(i.pid_set)
    revolve                                  0x08003fcd   Thumb Code    42  l9110.o(i.revolve)
    stop                                     0x08004001   Thumb Code    42  l9110.o(i.stop)
    tem_balance                              0x08004039   Thumb Code    46  tem_balance.o(i.tem_balance)
    temp_pid_init                            0x08004071   Thumb Code    32  tem_balance.o(i.temp_pid_init)
    temp_updata_cal                          0x080040a5   Thumb Code    22  tem_balance.o(i.temp_updata_cal)
    _get_lc_numeric                          0x080040c9   Thumb Code    44  lc_numeric_c.o(locale$$code)
    _get_lc_ctype                            0x080040f5   Thumb Code    44  lc_ctype_c.o(locale$$code)
    __fpl_dretinf                            0x08004121   Thumb Code    12  dretinf.o(x$fpl$dretinf)
    __aeabi_f2d                              0x0800412d   Thumb Code     0  f2d.o(x$fpl$f2d)
    _f2d                                     0x0800412d   Thumb Code    86  f2d.o(x$fpl$f2d)
    __aeabi_fadd                             0x08004185   Thumb Code     0  faddsub_clz.o(x$fpl$fadd)
    _fadd                                    0x08004185   Thumb Code   196  faddsub_clz.o(x$fpl$fadd)
    __fpl_fcmp_Inf                           0x08004249   Thumb Code    24  fcmpi.o(x$fpl$fcmpinf)
    __aeabi_ui2f                             0x08004261   Thumb Code     0  fflt_clz.o(x$fpl$ffltu)
    _ffltu                                   0x08004261   Thumb Code    38  fflt_clz.o(x$fpl$ffltu)
    __aeabi_cfcmple                          0x08004289   Thumb Code     0  fleqf.o(x$fpl$fleqf)
    _fcmple                                  0x08004289   Thumb Code   104  fleqf.o(x$fpl$fleqf)
    __fpl_fcmple_InfNaN                      0x080042db   Thumb Code     0  fleqf.o(x$fpl$fleqf)
    __aeabi_fmul                             0x080042f1   Thumb Code     0  fmul.o(x$fpl$fmul)
    _fmul                                    0x080042f1   Thumb Code   258  fmul.o(x$fpl$fmul)
    __fpl_fnaninf                            0x080043f3   Thumb Code   140  fnaninf.o(x$fpl$fnaninf)
    __fpl_fretinf                            0x0800447f   Thumb Code    10  fretinf.o(x$fpl$fretinf)
    __aeabi_cfrcmple                         0x08004489   Thumb Code     0  frleqf.o(x$fpl$frleqf)
    _frcmple                                 0x08004489   Thumb Code    98  frleqf.o(x$fpl$frleqf)
    __aeabi_fsub                             0x080044ed   Thumb Code     0  faddsub_clz.o(x$fpl$fsub)
    _fsub                                    0x080044ed   Thumb Code   234  faddsub_clz.o(x$fpl$fsub)
    _printf_fp_dec                           0x080045d7   Thumb Code     4  printf1.o(x$fpl$printf1)
    _printf_fp_hex                           0x080045db   Thumb Code     4  printf2.o(x$fpl$printf2)
    __I$use$fp                               0x080045de   Number         0  usenofp.o(x$fpl$usenofp)
    AHBPrescTable                            0x080045f0   Data          16  system_stm32f1xx.o(.constdata)
    APBPrescTable                            0x08004600   Data           8  system_stm32f1xx.o(.constdata)
    Region$$Table$$Base                      0x08004b78   Number         0  anon$$obj.o(Region$$Table)
    Region$$Table$$Limit                     0x08004b98   Number         0  anon$$obj.o(Region$$Table)
    __ctype                                  0x08004bc1   Data           0  lc_ctype_c.o(locale$$data)
    ir                                       0x20000000   Data           2  main.o(.data)
    mq2                                      0x20000002   Data           2  main.o(.data)
    value                                    0x20000004   Data           4  main.o(.data)
    uwTickFreq                               0x20000008   Data           1  stm32f1xx_hal.o(.data)
    uwTickPrio                               0x2000000c   Data           4  stm32f1xx_hal.o(.data)
    uwTick                                   0x20000010   Data           4  stm32f1xx_hal.o(.data)
    SystemCoreClock                          0x20000014   Data           4  system_stm32f1xx.o(.data)
    Presence                                 0x20000018   Data           1  dht11.o(.data)
    Rh_byte1                                 0x20000019   Data           1  dht11.o(.data)
    Rh_byte2                                 0x2000001a   Data           1  dht11.o(.data)
    Temp_byte1                               0x2000001b   Data           1  dht11.o(.data)
    Temp_byte2                               0x2000001c   Data           1  dht11.o(.data)
    SUM                                      0x2000001e   Data           2  dht11.o(.data)
    RH                                       0x20000020   Data           2  dht11.o(.data)
    TEMP                                     0x20000022   Data           2  dht11.o(.data)
    Temperature                              0x20000024   Data           4  dht11.o(.data)
    Humidity                                 0x20000028   Data           4  dht11.o(.data)
    temp_target                              0x20000034   Data           4  tem_balance.o(.data)
    temp_now                                 0x20000038   Data           4  tem_balance.o(.data)
    out_put_t                                0x2000003c   Data           4  tem_balance.o(.data)
    humi_target                              0x20000040   Data           4  humi_balance.o(.data)
    humi_now                                 0x20000044   Data           4  humi_balance.o(.data)
    out_put                                  0x20000048   Data           4  humi_balance.o(.data)
    hi2c1                                    0x2000004c   Data          84  i2c.o(.bss)
    htim1                                    0x200000a0   Data          72  tim.o(.bss)
    htim2                                    0x200000e8   Data          72  tim.o(.bss)
    htim3                                    0x20000130   Data          72  tim.o(.bss)
    htim4                                    0x20000178   Data          72  tim.o(.bss)
    huart1                                   0x200001c0   Data          72  usart.o(.bss)
    temp_location_pid                        0x20000688   Data          60  tem_balance.o(.bss)
    humi_location_pid                        0x200006c4   Data          60  humi_balance.o(.bss)
    __libspace_start                         0x20000700   Data          96  libspace.o(.bss)
    __temporary_stack_top$libspace           0x20000760   Data           0  libspace.o(.bss)



==============================================================================

Memory Map of the image

  Image Entry point : 0x080000ed

  Load Region LR_IROM1 (Base: 0x08000000, Size: 0x00004d10, Max: 0x00010000, ABSOLUTE)

    Execution Region ER_IROM1 (Exec base: 0x08000000, Load base: 0x08000000, Size: 0x00004cc4, Max: 0x00010000, ABSOLUTE)

    Exec Addr    Load Addr    Size         Type   Attr      Idx    E Section Name        Object

    0x08000000   0x08000000   0x000000ec   Data   RO            3    RESET               startup_stm32f103xb.o
    0x080000ec   0x080000ec   0x00000008   Code   RO         3978  * !!!main             c_w.l(__main.o)
    0x080000f4   0x080000f4   0x00000034   Code   RO         4337    !!!scatter          c_w.l(__scatter.o)
    0x08000128   0x08000128   0x0000001a   Code   RO         4339    !!handler_copy      c_w.l(__scatter_copy.o)
    0x08000142   0x08000142   0x00000002   PAD
    0x08000144   0x08000144   0x0000001c   Code   RO         4341    !!handler_zi        c_w.l(__scatter_zi.o)
    0x08000160   0x08000160   0x00000000   Code   RO         4088    .ARM.Collect$$_printf_percent$$00000000  c_w.l(_printf_percent.o)
    0x08000160   0x08000160   0x00000006   Code   RO         4077    .ARM.Collect$$_printf_percent$$00000001  c_w.l(_printf_n.o)
    0x08000166   0x08000166   0x00000006   Code   RO         4079    .ARM.Collect$$_printf_percent$$00000002  c_w.l(_printf_p.o)
    0x0800016c   0x0800016c   0x00000006   Code   RO         4084    .ARM.Collect$$_printf_percent$$00000003  c_w.l(_printf_f.o)
    0x08000172   0x08000172   0x00000006   Code   RO         4085    .ARM.Collect$$_printf_percent$$00000004  c_w.l(_printf_e.o)
    0x08000178   0x08000178   0x00000006   Code   RO         4086    .ARM.Collect$$_printf_percent$$00000005  c_w.l(_printf_g.o)
    0x0800017e   0x0800017e   0x00000006   Code   RO         4087    .ARM.Collect$$_printf_percent$$00000006  c_w.l(_printf_a.o)
    0x08000184   0x08000184   0x0000000a   Code   RO         4092    .ARM.Collect$$_printf_percent$$00000007  c_w.l(_printf_ll.o)
    0x0800018e   0x0800018e   0x00000006   Code   RO         4081    .ARM.Collect$$_printf_percent$$00000008  c_w.l(_printf_i.o)
    0x08000194   0x08000194   0x00000006   Code   RO         4082    .ARM.Collect$$_printf_percent$$00000009  c_w.l(_printf_d.o)
    0x0800019a   0x0800019a   0x00000006   Code   RO         4083    .ARM.Collect$$_printf_percent$$0000000A  c_w.l(_printf_u.o)
    0x080001a0   0x080001a0   0x00000006   Code   RO         4080    .ARM.Collect$$_printf_percent$$0000000B  c_w.l(_printf_o.o)
    0x080001a6   0x080001a6   0x00000006   Code   RO         4078    .ARM.Collect$$_printf_percent$$0000000C  c_w.l(_printf_x.o)
    0x080001ac   0x080001ac   0x00000006   Code   RO         4089    .ARM.Collect$$_printf_percent$$0000000D  c_w.l(_printf_lli.o)
    0x080001b2   0x080001b2   0x00000006   Code   RO         4090    .ARM.Collect$$_printf_percent$$0000000E  c_w.l(_printf_lld.o)
    0x080001b8   0x080001b8   0x00000006   Code   RO         4091    .ARM.Collect$$_printf_percent$$0000000F  c_w.l(_printf_llu.o)
    0x080001be   0x080001be   0x00000006   Code   RO         4096    .ARM.Collect$$_printf_percent$$00000010  c_w.l(_printf_llo.o)
    0x080001c4   0x080001c4   0x00000006   Code   RO         4097    .ARM.Collect$$_printf_percent$$00000011  c_w.l(_printf_llx.o)
    0x080001ca   0x080001ca   0x0000000a   Code   RO         4093    .ARM.Collect$$_printf_percent$$00000012  c_w.l(_printf_l.o)
    0x080001d4   0x080001d4   0x00000006   Code   RO         4075    .ARM.Collect$$_printf_percent$$00000013  c_w.l(_printf_c.o)
    0x080001da   0x080001da   0x00000006   Code   RO         4076    .ARM.Collect$$_printf_percent$$00000014  c_w.l(_printf_s.o)
    0x080001e0   0x080001e0   0x00000006   Code   RO         4094    .ARM.Collect$$_printf_percent$$00000015  c_w.l(_printf_lc.o)
    0x080001e6   0x080001e6   0x00000006   Code   RO         4095    .ARM.Collect$$_printf_percent$$00000016  c_w.l(_printf_ls.o)
    0x080001ec   0x080001ec   0x00000004   Code   RO         4145    .ARM.Collect$$_printf_percent$$00000017  c_w.l(_printf_percent_end.o)
    0x080001f0   0x080001f0   0x00000002   Code   RO         4196    .ARM.Collect$$libinit$$00000000  c_w.l(libinit.o)
    0x080001f2   0x080001f2   0x00000000   Code   RO         4212    .ARM.Collect$$libinit$$00000002  c_w.l(libinit2.o)
    0x080001f2   0x080001f2   0x00000000   Code   RO         4214    .ARM.Collect$$libinit$$00000004  c_w.l(libinit2.o)
    0x080001f2   0x080001f2   0x00000000   Code   RO         4217    .ARM.Collect$$libinit$$0000000A  c_w.l(libinit2.o)
    0x080001f2   0x080001f2   0x00000000   Code   RO         4219    .ARM.Collect$$libinit$$0000000C  c_w.l(libinit2.o)
    0x080001f2   0x080001f2   0x00000000   Code   RO         4221    .ARM.Collect$$libinit$$0000000E  c_w.l(libinit2.o)
    0x080001f2   0x080001f2   0x00000006   Code   RO         4222    .ARM.Collect$$libinit$$0000000F  c_w.l(libinit2.o)
    0x080001f8   0x080001f8   0x00000000   Code   RO         4224    .ARM.Collect$$libinit$$00000011  c_w.l(libinit2.o)
    0x080001f8   0x080001f8   0x0000000c   Code   RO         4225    .ARM.Collect$$libinit$$00000012  c_w.l(libinit2.o)
    0x08000204   0x08000204   0x00000000   Code   RO         4226    .ARM.Collect$$libinit$$00000013  c_w.l(libinit2.o)
    0x08000204   0x08000204   0x00000000   Code   RO         4228    .ARM.Collect$$libinit$$00000015  c_w.l(libinit2.o)
    0x08000204   0x08000204   0x0000000a   Code   RO         4229    .ARM.Collect$$libinit$$00000016  c_w.l(libinit2.o)
    0x0800020e   0x0800020e   0x00000000   Code   RO         4230    .ARM.Collect$$libinit$$00000017  c_w.l(libinit2.o)
    0x0800020e   0x0800020e   0x00000000   Code   RO         4232    .ARM.Collect$$libinit$$00000019  c_w.l(libinit2.o)
    0x0800020e   0x0800020e   0x00000000   Code   RO         4234    .ARM.Collect$$libinit$$0000001B  c_w.l(libinit2.o)
    0x0800020e   0x0800020e   0x00000000   Code   RO         4236    .ARM.Collect$$libinit$$0000001D  c_w.l(libinit2.o)
    0x0800020e   0x0800020e   0x00000000   Code   RO         4238    .ARM.Collect$$libinit$$0000001F  c_w.l(libinit2.o)
    0x0800020e   0x0800020e   0x00000000   Code   RO         4240    .ARM.Collect$$libinit$$00000021  c_w.l(libinit2.o)
    0x0800020e   0x0800020e   0x00000000   Code   RO         4242    .ARM.Collect$$libinit$$00000023  c_w.l(libinit2.o)
    0x0800020e   0x0800020e   0x00000000   Code   RO         4244    .ARM.Collect$$libinit$$00000025  c_w.l(libinit2.o)
    0x0800020e   0x0800020e   0x00000000   Code   RO         4248    .ARM.Collect$$libinit$$0000002C  c_w.l(libinit2.o)
    0x0800020e   0x0800020e   0x00000000   Code   RO         4250    .ARM.Collect$$libinit$$0000002E  c_w.l(libinit2.o)
    0x0800020e   0x0800020e   0x00000000   Code   RO         4252    .ARM.Collect$$libinit$$00000030  c_w.l(libinit2.o)
    0x0800020e   0x0800020e   0x00000000   Code   RO         4254    .ARM.Collect$$libinit$$00000032  c_w.l(libinit2.o)
    0x0800020e   0x0800020e   0x00000002   Code   RO         4255    .ARM.Collect$$libinit$$00000033  c_w.l(libinit2.o)
    0x08000210   0x08000210   0x00000002   Code   RO         4275    .ARM.Collect$$libshutdown$$00000000  c_w.l(libshutdown.o)
    0x08000212   0x08000212   0x00000000   Code   RO         4288    .ARM.Collect$$libshutdown$$00000002  c_w.l(libshutdown2.o)
    0x08000212   0x08000212   0x00000000   Code   RO         4290    .ARM.Collect$$libshutdown$$00000004  c_w.l(libshutdown2.o)
    0x08000212   0x08000212   0x00000000   Code   RO         4292    .ARM.Collect$$libshutdown$$00000006  c_w.l(libshutdown2.o)
    0x08000212   0x08000212   0x00000000   Code   RO         4295    .ARM.Collect$$libshutdown$$00000009  c_w.l(libshutdown2.o)
    0x08000212   0x08000212   0x00000000   Code   RO         4298    .ARM.Collect$$libshutdown$$0000000C  c_w.l(libshutdown2.o)
    0x08000212   0x08000212   0x00000000   Code   RO         4300    .ARM.Collect$$libshutdown$$0000000E  c_w.l(libshutdown2.o)
    0x08000212   0x08000212   0x00000000   Code   RO         4303    .ARM.Collect$$libshutdown$$00000011  c_w.l(libshutdown2.o)
    0x08000212   0x08000212   0x00000002   Code   RO         4304    .ARM.Collect$$libshutdown$$00000012  c_w.l(libshutdown2.o)
    0x08000214   0x08000214   0x00000000   Code   RO         4006    .ARM.Collect$$rtentry$$00000000  c_w.l(__rtentry.o)
    0x08000214   0x08000214   0x00000000   Code   RO         4116    .ARM.Collect$$rtentry$$00000002  c_w.l(__rtentry2.o)
    0x08000214   0x08000214   0x00000006   Code   RO         4128    .ARM.Collect$$rtentry$$00000004  c_w.l(__rtentry4.o)
    0x0800021a   0x0800021a   0x00000000   Code   RO         4118    .ARM.Collect$$rtentry$$00000009  c_w.l(__rtentry2.o)
    0x0800021a   0x0800021a   0x00000004   Code   RO         4119    .ARM.Collect$$rtentry$$0000000A  c_w.l(__rtentry2.o)
    0x0800021e   0x0800021e   0x00000000   Code   RO         4121    .ARM.Collect$$rtentry$$0000000C  c_w.l(__rtentry2.o)
    0x0800021e   0x0800021e   0x00000008   Code   RO         4122    .ARM.Collect$$rtentry$$0000000D  c_w.l(__rtentry2.o)
    0x08000226   0x08000226   0x00000002   Code   RO         4204    .ARM.Collect$$rtexit$$00000000  c_w.l(rtexit.o)
    0x08000228   0x08000228   0x00000000   Code   RO         4257    .ARM.Collect$$rtexit$$00000002  c_w.l(rtexit2.o)
    0x08000228   0x08000228   0x00000004   Code   RO         4258    .ARM.Collect$$rtexit$$00000003  c_w.l(rtexit2.o)
    0x0800022c   0x0800022c   0x00000006   Code   RO         4259    .ARM.Collect$$rtexit$$00000004  c_w.l(rtexit2.o)
    0x08000232   0x08000232   0x00000002   PAD
    0x08000234   0x08000234   0x00000040   Code   RO            4    .text               startup_stm32f103xb.o
    0x08000274   0x08000274   0x00000024   Code   RO         3972    .text               c_w.l(vsprintf.o)
    0x08000298   0x08000298   0x0000004e   Code   RO         3974    .text               c_w.l(rt_memclr_w.o)
    0x080002e6   0x080002e6   0x00000006   Code   RO         3976    .text               c_w.l(heapauxi.o)
    0x080002ec   0x080002ec   0x0000004e   Code   RO         4009    .text               c_w.l(_printf_pad.o)
    0x0800033a   0x0800033a   0x00000024   Code   RO         4011    .text               c_w.l(_printf_truncate.o)
    0x0800035e   0x0800035e   0x00000052   Code   RO         4013    .text               c_w.l(_printf_str.o)
    0x080003b0   0x080003b0   0x00000078   Code   RO         4015    .text               c_w.l(_printf_dec.o)
    0x08000428   0x08000428   0x00000028   Code   RO         4017    .text               c_w.l(_printf_charcount.o)
    0x08000450   0x08000450   0x00000030   Code   RO         4019    .text               c_w.l(_printf_char_common.o)
    0x08000480   0x08000480   0x0000000a   Code   RO         4021    .text               c_w.l(_sputc.o)
    0x0800048a   0x0800048a   0x00000002   PAD
    0x0800048c   0x0800048c   0x000000bc   Code   RO         4023    .text               c_w.l(_printf_wctomb.o)
    0x08000548   0x08000548   0x0000007c   Code   RO         4026    .text               c_w.l(_printf_longlong_dec.o)
    0x080005c4   0x080005c4   0x00000070   Code   RO         4032    .text               c_w.l(_printf_oct_int_ll.o)
    0x08000634   0x08000634   0x00000094   Code   RO         4052    .text               c_w.l(_printf_hex_int_ll_ptr.o)
    0x080006c8   0x080006c8   0x00000188   Code   RO         4072    .text               c_w.l(__printf_flags_ss_wp.o)
    0x08000850   0x08000850   0x0000008a   Code   RO         4130    .text               c_w.l(lludiv10.o)
    0x080008da   0x080008da   0x000000b2   Code   RO         4132    .text               c_w.l(_printf_intcommon.o)
    0x0800098c   0x0800098c   0x0000041e   Code   RO         4134    .text               c_w.l(_printf_fp_dec.o)
    0x08000daa   0x08000daa   0x00000002   PAD
    0x08000dac   0x08000dac   0x000002fc   Code   RO         4136    .text               c_w.l(_printf_fp_hex.o)
    0x080010a8   0x080010a8   0x0000002c   Code   RO         4141    .text               c_w.l(_printf_char.o)
    0x080010d4   0x080010d4   0x0000002c   Code   RO         4143    .text               c_w.l(_printf_wchar.o)
    0x08001100   0x08001100   0x00000040   Code   RO         4146    .text               c_w.l(_wcrtomb.o)
    0x08001140   0x08001140   0x0000004a   Code   RO         4150    .text               c_w.l(sys_stackheap_outer.o)
    0x0800118a   0x0800118a   0x00000002   PAD
    0x0800118c   0x0800118c   0x00000010   Code   RO         4152    .text               c_w.l(rt_ctype_table.o)
    0x0800119c   0x0800119c   0x00000008   Code   RO         4157    .text               c_w.l(rt_locale_intlibspace.o)
    0x080011a4   0x080011a4   0x00000080   Code   RO         4159    .text               c_w.l(_printf_fp_infnan.o)
    0x08001224   0x08001224   0x000000e4   Code   RO         4161    .text               c_w.l(bigflt0.o)
    0x08001308   0x08001308   0x00000012   Code   RO         4189    .text               c_w.l(exit.o)
    0x0800131a   0x0800131a   0x00000002   PAD
    0x0800131c   0x0800131c   0x00000008   Code   RO         4201    .text               c_w.l(libspace.o)
    0x08001324   0x08001324   0x00000080   Code   RO         4209    .text               c_w.l(strcmpv7m.o)
    0x080013a4   0x080013a4   0x0000000c   Code   RO         4267    .text               c_w.l(sys_exit.o)
    0x080013b0   0x080013b0   0x00000002   Code   RO         4278    .text               c_w.l(use_no_semi.o)
    0x080013b2   0x080013b2   0x00000000   Code   RO         4280    .text               c_w.l(indicate_semi.o)
    0x080013b2   0x080013b2   0x0000003e   Code   RO         4164    CL$$btod_d2e        c_w.l(btod.o)
    0x080013f0   0x080013f0   0x00000046   Code   RO         4166    CL$$btod_d2e_denorm_low  c_w.l(btod.o)
    0x08001436   0x08001436   0x00000060   Code   RO         4165    CL$$btod_d2e_norm_op1  c_w.l(btod.o)
    0x08001496   0x08001496   0x00000338   Code   RO         4174    CL$$btod_div_common  c_w.l(btod.o)
    0x080017ce   0x080017ce   0x000000dc   Code   RO         4171    CL$$btod_e2e        c_w.l(btod.o)
    0x080018aa   0x080018aa   0x0000002a   Code   RO         4168    CL$$btod_ediv       c_w.l(btod.o)
    0x080018d4   0x080018d4   0x0000002a   Code   RO         4167    CL$$btod_emul       c_w.l(btod.o)
    0x080018fe   0x080018fe   0x00000244   Code   RO         4173    CL$$btod_mult_common  c_w.l(btod.o)
    0x08001b42   0x08001b42   0x00000002   PAD
    0x08001b44   0x08001b44   0x0000002c   Code   RO         3570    i.BEEP_Init         beep.o
    0x08001b70   0x08001b70   0x0000000c   Code   RO         3597    i.BODY_HW_GetData   hc-sr501.o
    0x08001b7c   0x08001b7c   0x00000038   Code   RO         3598    i.BODY_HW_Init      hc-sr501.o
    0x08001bb4   0x08001bb4   0x00000050   Code   RO           13    i.Body_hc           main.o
    0x08001c04   0x08001c04   0x00000002   Code   RO          478    i.BusFault_Handler  stm32f1xx_it.o
    0x08001c06   0x08001c06   0x00000002   PAD
    0x08001c08   0x08001c08   0x00000040   Code   RO         3408    i.Check_Response    dht11.o
    0x08001c48   0x08001c48   0x0000005c   Code   RO         3409    i.DHT11_Read        dht11.o
    0x08001ca4   0x08001ca4   0x00000048   Code   RO         3410    i.DHT11_Read_Data   dht11.o
    0x08001cec   0x08001cec   0x00000030   Code   RO         3411    i.DHT11_Start       dht11.o
    0x08001d1c   0x08001d1c   0x00000002   Code   RO          479    i.DebugMon_Handler  stm32f1xx_it.o
    0x08001d1e   0x08001d1e   0x00000004   Code   RO           14    i.Error_Handler     main.o
    0x08001d22   0x08001d22   0x00000002   PAD
    0x08001d24   0x08001d24   0x00000024   Code   RO         1064    i.HAL_Delay         stm32f1xx_hal.o
    0x08001d48   0x08001d48   0x000001e0   Code   RO         1374    i.HAL_GPIO_Init     stm32f1xx_hal_gpio.o
    0x08001f28   0x08001f28   0x0000000a   Code   RO         1376    i.HAL_GPIO_ReadPin  stm32f1xx_hal_gpio.o
    0x08001f32   0x08001f32   0x0000000a   Code   RO         1378    i.HAL_GPIO_WritePin  stm32f1xx_hal_gpio.o
    0x08001f3c   0x08001f3c   0x0000000c   Code   RO         1068    i.HAL_GetTick       stm32f1xx_hal.o
    0x08001f48   0x08001f48   0x00000188   Code   RO          631    i.HAL_I2C_Init      stm32f1xx_hal_i2c.o
    0x080020d0   0x080020d0   0x0000012c   Code   RO          644    i.HAL_I2C_Master_Transmit  stm32f1xx_hal_i2c.o
    0x080021fc   0x080021fc   0x0000005c   Code   RO          329    i.HAL_I2C_MspInit   i2c.o
    0x08002258   0x08002258   0x00000010   Code   RO         1074    i.HAL_IncTick       stm32f1xx_hal.o
    0x08002268   0x08002268   0x00000024   Code   RO         1075    i.HAL_Init          stm32f1xx_hal.o
    0x0800228c   0x0800228c   0x00000040   Code   RO         1076    i.HAL_InitTick      stm32f1xx_hal.o
    0x080022cc   0x080022cc   0x0000003c   Code   RO          560    i.HAL_MspInit       stm32f1xx_hal_msp.o
    0x08002308   0x08002308   0x0000001a   Code   RO         1534    i.HAL_NVIC_EnableIRQ  stm32f1xx_hal_cortex.o
    0x08002322   0x08002322   0x00000002   PAD
    0x08002324   0x08002324   0x00000040   Code   RO         1540    i.HAL_NVIC_SetPriority  stm32f1xx_hal_cortex.o
    0x08002364   0x08002364   0x00000024   Code   RO         1541    i.HAL_NVIC_SetPriorityGrouping  stm32f1xx_hal_cortex.o
    0x08002388   0x08002388   0x0000012c   Code   RO         1232    i.HAL_RCC_ClockConfig  stm32f1xx_hal_rcc.o
    0x080024b4   0x080024b4   0x00000020   Code   RO         1239    i.HAL_RCC_GetPCLK1Freq  stm32f1xx_hal_rcc.o
    0x080024d4   0x080024d4   0x00000020   Code   RO         1240    i.HAL_RCC_GetPCLK2Freq  stm32f1xx_hal_rcc.o
    0x080024f4   0x080024f4   0x0000004c   Code   RO         1241    i.HAL_RCC_GetSysClockFreq  stm32f1xx_hal_rcc.o
    0x08002540   0x08002540   0x00000320   Code   RO         1244    i.HAL_RCC_OscConfig  stm32f1xx_hal_rcc.o
    0x08002860   0x08002860   0x00000028   Code   RO         1545    i.HAL_SYSTICK_Config  stm32f1xx_hal_cortex.o
    0x08002888   0x08002888   0x00000002   Code   RO         2740    i.HAL_TIMEx_BreakCallback  stm32f1xx_hal_tim_ex.o
    0x0800288a   0x0800288a   0x00000002   Code   RO         2741    i.HAL_TIMEx_CommutCallback  stm32f1xx_hal_tim_ex.o
    0x0800288c   0x0800288c   0x00000068   Code   RO         2759    i.HAL_TIMEx_MasterConfigSynchronization  stm32f1xx_hal_tim_ex.o
    0x080028f4   0x080028f4   0x0000005a   Code   RO         2036    i.HAL_TIM_Base_Init  stm32f1xx_hal_tim.o
    0x0800294e   0x0800294e   0x00000002   PAD
    0x08002950   0x08002950   0x00000084   Code   RO          371    i.HAL_TIM_Base_MspInit  tim.o
    0x080029d4   0x080029d4   0x00000050   Code   RO         2039    i.HAL_TIM_Base_Start  stm32f1xx_hal_tim.o
    0x08002a24   0x08002a24   0x000000dc   Code   RO         2045    i.HAL_TIM_ConfigClockSource  stm32f1xx_hal_tim.o
    0x08002b00   0x08002b00   0x00000002   Code   RO         2070    i.HAL_TIM_IC_CaptureCallback  stm32f1xx_hal_tim.o
    0x08002b02   0x08002b02   0x00000130   Code   RO         2084    i.HAL_TIM_IRQHandler  stm32f1xx_hal_tim.o
    0x08002c32   0x08002c32   0x00000002   PAD
    0x08002c34   0x08002c34   0x0000004c   Code   RO          372    i.HAL_TIM_MspPostInit  tim.o
    0x08002c80   0x08002c80   0x00000002   Code   RO         2087    i.HAL_TIM_OC_DelayElapsedCallback  stm32f1xx_hal_tim.o
    0x08002c82   0x08002c82   0x000000cc   Code   RO         2108    i.HAL_TIM_PWM_ConfigChannel  stm32f1xx_hal_tim.o
    0x08002d4e   0x08002d4e   0x0000005a   Code   RO         2111    i.HAL_TIM_PWM_Init  stm32f1xx_hal_tim.o
    0x08002da8   0x08002da8   0x00000002   Code   RO         2113    i.HAL_TIM_PWM_MspInit  stm32f1xx_hal_tim.o
    0x08002daa   0x08002daa   0x00000002   Code   RO         2114    i.HAL_TIM_PWM_PulseFinishedCallback  stm32f1xx_hal_tim.o
    0x08002dac   0x08002dac   0x0000009c   Code   RO         2116    i.HAL_TIM_PWM_Start  stm32f1xx_hal_tim.o
    0x08002e48   0x08002e48   0x00000002   Code   RO         2122    i.HAL_TIM_PeriodElapsedCallback  stm32f1xx_hal_tim.o
    0x08002e4a   0x08002e4a   0x00000002   Code   RO         2127    i.HAL_TIM_TriggerCallback  stm32f1xx_hal_tim.o
    0x08002e4c   0x08002e4c   0x00000064   Code   RO         3037    i.HAL_UART_Init     stm32f1xx_hal_uart.o
    0x08002eb0   0x08002eb0   0x00000070   Code   RO          437    i.HAL_UART_MspInit  usart.o
    0x08002f20   0x08002f20   0x00000002   Code   RO          480    i.HardFault_Handler  stm32f1xx_it.o
    0x08002f22   0x08002f22   0x0000002e   Code   RO          674    i.I2C_IsAcknowledgeFailed  stm32f1xx_hal_i2c.o
    0x08002f50   0x08002f50   0x0000009c   Code   RO          678    i.I2C_MasterRequestWrite  stm32f1xx_hal_i2c.o
    0x08002fec   0x08002fec   0x00000056   Code   RO          689    i.I2C_WaitOnBTFFlagUntilTimeout  stm32f1xx_hal_i2c.o
    0x08003042   0x08003042   0x00000002   PAD
    0x08003044   0x08003044   0x00000090   Code   RO          690    i.I2C_WaitOnFlagUntilTimeout  stm32f1xx_hal_i2c.o
    0x080030d4   0x080030d4   0x000000bc   Code   RO          691    i.I2C_WaitOnMasterAddressFlagUntilTimeout  stm32f1xx_hal_i2c.o
    0x08003190   0x08003190   0x00000056   Code   RO          693    i.I2C_WaitOnTXEFlagUntilTimeout  stm32f1xx_hal_i2c.o
    0x080031e6   0x080031e6   0x00000002   PAD
    0x080031e8   0x080031e8   0x0000001c   Code   RO         3630    i.IR_FireData       ir.o
    0x08003204   0x08003204   0x0000003c   Code   RO         3631    i.IR_Init           ir.o
    0x08003240   0x08003240   0x00000058   Code   RO         3471    i.JSQ_Init          jsq.o
    0x08003298   0x08003298   0x000000a4   Code   RO         3525    i.L9110_Init        l9110.o
    0x0800333c   0x0800333c   0x0000001c   Code   RO         3663    i.MQ2_GetData       mq2.o
    0x08003358   0x08003358   0x000000dc   Code   RO          217    i.MX_GPIO_Init      gpio.o
    0x08003434   0x08003434   0x00000040   Code   RO          330    i.MX_I2C1_Init      i2c.o
    0x08003474   0x08003474   0x00000068   Code   RO          373    i.MX_TIM1_Init      tim.o
    0x080034dc   0x080034dc   0x00000064   Code   RO          374    i.MX_TIM2_Init      tim.o
    0x08003540   0x08003540   0x00000098   Code   RO          375    i.MX_TIM3_Init      tim.o
    0x080035d8   0x080035d8   0x00000068   Code   RO          376    i.MX_TIM4_Init      tim.o
    0x08003640   0x08003640   0x00000038   Code   RO          438    i.MX_USART1_UART_Init  usart.o
    0x08003678   0x08003678   0x00000002   Code   RO          481    i.MemManage_Handler  stm32f1xx_it.o
    0x0800367a   0x0800367a   0x00000002   Code   RO          482    i.NMI_Handler       stm32f1xx_it.o
    0x0800367c   0x0800367c   0x00000048   Code   RO         3699    i.OLED_draw_point   oled.o
    0x080036c4   0x080036c4   0x000000e6   Code   RO         3700    i.OLED_init         oled.o
    0x080037aa   0x080037aa   0x00000002   PAD
    0x080037ac   0x080037ac   0x00000044   Code   RO         3702    i.OLED_printf       oled.o
    0x080037f0   0x080037f0   0x00000034   Code   RO         3703    i.OLED_refresh_gram  oled.o
    0x08003824   0x08003824   0x00000028   Code   RO         3704    i.OLED_set_pos      oled.o
    0x0800384c   0x0800384c   0x00000078   Code   RO         3705    i.OLED_show_char    oled.o
    0x080038c4   0x080038c4   0x0000002e   Code   RO         3706    i.OLED_show_string  oled.o
    0x080038f2   0x080038f2   0x00000002   PAD
    0x080038f4   0x080038f4   0x00000058   Code   RO         3498    i.PTC_Init          ptc.o
    0x0800394c   0x0800394c   0x00000002   Code   RO          483    i.PendSV_Handler    stm32f1xx_it.o
    0x0800394e   0x0800394e   0x00000002   Code   RO          484    i.SVC_Handler       stm32f1xx_it.o
    0x08003950   0x08003950   0x00000016   Code   RO         3412    i.Set_Pin_Input     dht11.o
    0x08003966   0x08003966   0x00000018   Code   RO         3413    i.Set_Pin_Output    dht11.o
    0x0800397e   0x0800397e   0x00000004   Code   RO          485    i.SysTick_Handler   stm32f1xx_it.o
    0x08003982   0x08003982   0x0000005e   Code   RO           15    i.SystemClock_Config  main.o
    0x080039e0   0x080039e0   0x00000002   Code   RO         3371    i.SystemInit        system_stm32f1xx.o
    0x080039e2   0x080039e2   0x00000002   PAD
    0x080039e4   0x080039e4   0x0000000c   Code   RO          486    i.TIM4_IRQHandler   stm32f1xx_it.o
    0x080039f0   0x080039f0   0x00000078   Code   RO         2129    i.TIM_Base_SetConfig  stm32f1xx_hal_tim.o
    0x08003a68   0x08003a68   0x0000001a   Code   RO         2130    i.TIM_CCxChannelCmd  stm32f1xx_hal_tim.o
    0x08003a82   0x08003a82   0x00000014   Code   RO         2140    i.TIM_ETR_SetConfig  stm32f1xx_hal_tim.o
    0x08003a96   0x08003a96   0x00000010   Code   RO         2141    i.TIM_ITRx_SetConfig  stm32f1xx_hal_tim.o
    0x08003aa6   0x08003aa6   0x00000002   PAD
    0x08003aa8   0x08003aa8   0x00000050   Code   RO         2142    i.TIM_OC1_SetConfig  stm32f1xx_hal_tim.o
    0x08003af8   0x08003af8   0x00000058   Code   RO         2143    i.TIM_OC2_SetConfig  stm32f1xx_hal_tim.o
    0x08003b50   0x08003b50   0x00000058   Code   RO         2144    i.TIM_OC3_SetConfig  stm32f1xx_hal_tim.o
    0x08003ba8   0x08003ba8   0x00000044   Code   RO         2145    i.TIM_OC4_SetConfig  stm32f1xx_hal_tim.o
    0x08003bec   0x08003bec   0x00000022   Code   RO         2147    i.TIM_TI1_ConfigInputStage  stm32f1xx_hal_tim.o
    0x08003c0e   0x08003c0e   0x00000024   Code   RO         2149    i.TIM_TI2_ConfigInputStage  stm32f1xx_hal_tim.o
    0x08003c32   0x08003c32   0x00000002   PAD
    0x08003c34   0x08003c34   0x000000b8   Code   RO         3063    i.UART_SetConfig    stm32f1xx_hal_uart.o
    0x08003cec   0x08003cec   0x00000002   Code   RO          487    i.UsageFault_Handler  stm32f1xx_it.o
    0x08003cee   0x08003cee   0x00000028   Code   RO         4199    i.__ARM_fpclassify  m_ws.l(fpclassify.o)
    0x08003d16   0x08003d16   0x00000020   Code   RO         1547    i.__NVIC_SetPriority  stm32f1xx_hal_cortex.o
    0x08003d36   0x08003d36   0x0000000e   Code   RO         4065    i._is_digit         c_w.l(__printf_wp.o)
    0x08003d44   0x08003d44   0x00000018   Code   RO         3414    i.delay             dht11.o
    0x08003d5c   0x08003d5c   0x00000020   Code   RO         3928    i.humi_balance      humi_balance.o
    0x08003d7c   0x08003d7c   0x00000034   Code   RO         3929    i.humi_pid_init     humi_balance.o
    0x08003db0   0x08003db0   0x00000024   Code   RO         3930    i.humi_updata_cal   humi_balance.o
    0x08003dd4   0x08003dd4   0x00000058   Code   RO           16    i.irmq2             main.o
    0x08003e2c   0x08003e2c   0x000000c8   Code   RO           17    i.main              main.o
    0x08003ef4   0x08003ef4   0x00000028   Code   RO         3707    i.oled_write_byte   oled.o
    0x08003f1c   0x08003f1c   0x000000a0   Code   RO         3860    i.pid_cal           pid.o
    0x08003fbc   0x08003fbc   0x00000010   Code   RO         3861    i.pid_set           pid.o
    0x08003fcc   0x08003fcc   0x00000034   Code   RO         3527    i.revolve           l9110.o
    0x08004000   0x08004000   0x00000038   Code   RO         3528    i.stop              l9110.o
    0x08004038   0x08004038   0x00000038   Code   RO         3883    i.tem_balance       tem_balance.o
    0x08004070   0x08004070   0x00000034   Code   RO         3884    i.temp_pid_init     tem_balance.o
    0x080040a4   0x080040a4   0x00000024   Code   RO         3885    i.temp_updata_cal   tem_balance.o
    0x080040c8   0x080040c8   0x0000002c   Code   RO         4187    locale$$code        c_w.l(lc_numeric_c.o)
    0x080040f4   0x080040f4   0x0000002c   Code   RO         4207    locale$$code        c_w.l(lc_ctype_c.o)
    0x08004120   0x08004120   0x0000000c   Code   RO         4098    x$fpl$dretinf       fz_ws.l(dretinf.o)
    0x0800412c   0x0800412c   0x00000056   Code   RO         3980    x$fpl$f2d           fz_ws.l(f2d.o)
    0x08004182   0x08004182   0x00000002   PAD
    0x08004184   0x08004184   0x000000c4   Code   RO         3982    x$fpl$fadd          fz_ws.l(faddsub_clz.o)
    0x08004248   0x08004248   0x00000018   Code   RO         4148    x$fpl$fcmpinf       fz_ws.l(fcmpi.o)
    0x08004260   0x08004260   0x00000026   Code   RO         3996    x$fpl$ffltu         fz_ws.l(fflt_clz.o)
    0x08004286   0x08004286   0x00000002   PAD
    0x08004288   0x08004288   0x00000068   Code   RO         4100    x$fpl$fleqf         fz_ws.l(fleqf.o)
    0x080042f0   0x080042f0   0x00000102   Code   RO         4002    x$fpl$fmul          fz_ws.l(fmul.o)
    0x080043f2   0x080043f2   0x0000008c   Code   RO         4102    x$fpl$fnaninf       fz_ws.l(fnaninf.o)
    0x0800447e   0x0800447e   0x0000000a   Code   RO         4104    x$fpl$fretinf       fz_ws.l(fretinf.o)
    0x08004488   0x08004488   0x00000062   Code   RO         4004    x$fpl$frleqf        fz_ws.l(frleqf.o)
    0x080044ea   0x080044ea   0x00000002   PAD
    0x080044ec   0x080044ec   0x000000ea   Code   RO         3984    x$fpl$fsub          fz_ws.l(faddsub_clz.o)
    0x080045d6   0x080045d6   0x00000004   Code   RO         4106    x$fpl$printf1       fz_ws.l(printf1.o)
    0x080045da   0x080045da   0x00000004   Code   RO         4108    x$fpl$printf2       fz_ws.l(printf2.o)
    0x080045de   0x080045de   0x00000000   Code   RO         4114    x$fpl$usenofp       fz_ws.l(usenofp.o)
    0x080045de   0x080045de   0x00000012   Data   RO         1245    .constdata          stm32f1xx_hal_rcc.o
    0x080045f0   0x080045f0   0x00000010   Data   RO         3372    .constdata          system_stm32f1xx.o
    0x08004600   0x08004600   0x00000008   Data   RO         3373    .constdata          system_stm32f1xx.o
    0x08004608   0x08004608   0x00000474   Data   RO         3709    .constdata          oled.o
    0x08004a7c   0x08004a7c   0x00000008   Data   RO         4024    .constdata          c_w.l(_printf_wctomb.o)
    0x08004a84   0x08004a84   0x00000028   Data   RO         4053    .constdata          c_w.l(_printf_hex_int_ll_ptr.o)
    0x08004aac   0x08004aac   0x00000011   Data   RO         4073    .constdata          c_w.l(__printf_flags_ss_wp.o)
    0x08004abd   0x08004abd   0x00000026   Data   RO         4137    .constdata          c_w.l(_printf_fp_hex.o)
    0x08004ae3   0x08004ae3   0x00000001   PAD
    0x08004ae4   0x08004ae4   0x00000094   Data   RO         4162    .constdata          c_w.l(bigflt0.o)
    0x08004b78   0x08004b78   0x00000020   Data   RO         4335    Region$$Table       anon$$obj.o
    0x08004b98   0x08004b98   0x0000001c   Data   RO         4186    locale$$data        c_w.l(lc_numeric_c.o)
    0x08004bb4   0x08004bb4   0x00000110   Data   RO         4206    locale$$data        c_w.l(lc_ctype_c.o)


    Execution Region RW_IRAM1 (Exec base: 0x20000000, Load base: 0x08004cc4, Size: 0x00000d60, Max: 0x00005000, ABSOLUTE)

    Exec Addr    Load Addr    Size         Type   Attr      Idx    E Section Name        Object

    0x20000000   0x08004cc4   0x00000008   Data   RW           19    .data               main.o
    0x20000008   0x08004ccc   0x0000000c   Data   RW         1082    .data               stm32f1xx_hal.o
    0x20000014   0x08004cd8   0x00000004   Data   RW         3374    .data               system_stm32f1xx.o
    0x20000018   0x08004cdc   0x00000014   Data   RW         3415    .data               dht11.o
    0x2000002c   0x08004cf0   0x00000008   Data   RW         3710    .data               oled.o
    0x20000034   0x08004cf8   0x0000000c   Data   RW         3887    .data               tem_balance.o
    0x20000040   0x08004d04   0x0000000c   Data   RW         3932    .data               humi_balance.o
    0x2000004c        -       0x00000054   Zero   RW          331    .bss                i2c.o
    0x200000a0        -       0x00000120   Zero   RW          377    .bss                tim.o
    0x200001c0        -       0x00000048   Zero   RW          439    .bss                usart.o
    0x20000208        -       0x00000480   Zero   RW         3708    .bss                oled.o
    0x20000688        -       0x0000003c   Zero   RW         3886    .bss                tem_balance.o
    0x200006c4        -       0x0000003c   Zero   RW         3931    .bss                humi_balance.o
    0x20000700        -       0x00000060   Zero   RW         4202    .bss                c_w.l(libspace.o)
    0x20000760        -       0x00000200   Zero   RW            2    HEAP                startup_stm32f103xb.o
    0x20000960        -       0x00000400   Zero   RW            1    STACK               startup_stm32f103xb.o


==============================================================================

Image component sizes


      Code (inc. data)   RO Data    RW Data    ZI Data      Debug   Object Name

        44          4          0          0          0        460   beep.o
       346         24          0         20          0       4437   dht11.o
       220         18          0          0          0     429859   gpio.o
        68         12          0          0          0       1241   hc-sr501.o
       120         42          0         12         60       1718   humi_balance.o
       156         26          0          0         84       1569   i2c.o
        88         16          0          0          0       1252   ir.o
        88         10          0          0          0        859   jsq.o
       272         28          0          0          0       1606   l9110.o
       466         86          0          8          0     417556   main.o
        28          6          0          0          0        486   mq2.o
       668         36       1140          8       1152     357167   oled.o
       176          4          0          0          0       1936   pid.o
        88         10          0          0          0        855   ptc.o
        64         26        236          0       1536        808   startup_stm32f103xb.o
       164         28          0         12          0       5793   stm32f1xx_hal.o
       198         14          0          0          0      28855   stm32f1xx_hal_cortex.o
       500         34          0          0          0       3455   stm32f1xx_hal_gpio.o
      1398         32          0          0          0       8981   stm32f1xx_hal_i2c.o
        60          8          0          0          0        846   stm32f1xx_hal_msp.o
      1240         84         18          0          0       5028   stm32f1xx_hal_rcc.o
      1732         58          0          0          0      16307   stm32f1xx_hal_tim.o
       108         12          0          0          0       2345   stm32f1xx_hal_tim_ex.o
       284          6          0          0          0       1888   stm32f1xx_hal_uart.o
        32          6          0          0          0       4296   stm32f1xx_it.o
         2          0         24          4          0       1071   system_stm32f1xx.o
       144         44          0         12         60       2243   tem_balance.o
       668         60          0          0        288       4335   tim.o
       168         20          0          0         72       1626   usart.o

    ----------------------------------------------------------------------
      9614        754       1450         76       3252    1308878   Object Totals
         0          0         32          0          0          0   (incl. Generated)
        24          0          0          0          0          0   (incl. Padding)

    ----------------------------------------------------------------------

      Code (inc. data)   RO Data    RW Data    ZI Data      Debug   Library Member Name

         8          0          0          0          0         68   __main.o
       392          4         17          0          0         92   __printf_flags_ss_wp.o
        14          0          0          0          0         68   __printf_wp.o
         0          0          0          0          0          0   __rtentry.o
        12          0          0          0          0          0   __rtentry2.o
         6          0          0          0          0          0   __rtentry4.o
        52          8          0          0          0          0   __scatter.o
        26          0          0          0          0          0   __scatter_copy.o
        28          0          0          0          0          0   __scatter_zi.o
         6          0          0          0          0          0   _printf_a.o
         6          0          0          0          0          0   _printf_c.o
        44          0          0          0          0        108   _printf_char.o
        48          6          0          0          0         96   _printf_char_common.o
        40          0          0          0          0         68   _printf_charcount.o
         6          0          0          0          0          0   _printf_d.o
       120         16          0          0          0         92   _printf_dec.o
         6          0          0          0          0          0   _printf_e.o
         6          0          0          0          0          0   _printf_f.o
      1054          0          0          0          0        216   _printf_fp_dec.o
       764          8         38          0          0        100   _printf_fp_hex.o
       128         16          0          0          0         84   _printf_fp_infnan.o
         6          0          0          0          0          0   _printf_g.o
       148          4         40          0          0        160   _printf_hex_int_ll_ptr.o
         6          0          0          0          0          0   _printf_i.o
       178          0          0          0          0         88   _printf_intcommon.o
        10          0          0          0          0          0   _printf_l.o
         6          0          0          0          0          0   _printf_lc.o
        10          0          0          0          0          0   _printf_ll.o
         6          0          0          0          0          0   _printf_lld.o
         6          0          0          0          0          0   _printf_lli.o
         6          0          0          0          0          0   _printf_llo.o
         6          0          0          0          0          0   _printf_llu.o
         6          0          0          0          0          0   _printf_llx.o
       124         16          0          0          0         92   _printf_longlong_dec.o
         6          0          0          0          0          0   _printf_ls.o
         6          0          0          0          0          0   _printf_n.o
         6          0          0          0          0          0   _printf_o.o
       112         10          0          0          0        124   _printf_oct_int_ll.o
         6          0          0          0          0          0   _printf_p.o
        78          0          0          0          0        108   _printf_pad.o
         0          0          0          0          0          0   _printf_percent.o
         4          0          0          0          0          0   _printf_percent_end.o
         6          0          0          0          0          0   _printf_s.o
        82          0          0          0          0         80   _printf_str.o
        36          0          0          0          0         84   _printf_truncate.o
         6          0          0          0          0          0   _printf_u.o
        44          0          0          0          0        108   _printf_wchar.o
       188          6          8          0          0         92   _printf_wctomb.o
         6          0          0          0          0          0   _printf_x.o
        10          0          0          0          0         68   _sputc.o
        64          0          0          0          0         92   _wcrtomb.o
       228          4        148          0          0         96   bigflt0.o
      1936        128          0          0          0        672   btod.o
        18          0          0          0          0         80   exit.o
         6          0          0          0          0        152   heapauxi.o
         0          0          0          0          0          0   indicate_semi.o
        44         10        272          0          0         76   lc_ctype_c.o
        44         10         28          0          0         76   lc_numeric_c.o
         2          0          0          0          0          0   libinit.o
        30          0          0          0          0          0   libinit2.o
         2          0          0          0          0          0   libshutdown.o
         2          0          0          0          0          0   libshutdown2.o
         8          4          0          0         96         68   libspace.o
       138          0          0          0          0         80   lludiv10.o
        16          4          0          0          0         76   rt_ctype_table.o
         8          4          0          0          0         68   rt_locale_intlibspace.o
        78          0          0          0          0         80   rt_memclr_w.o
         2          0          0          0          0          0   rtexit.o
        10          0          0          0          0          0   rtexit2.o
       128          0          0          0          0         68   strcmpv7m.o
        12          4          0          0          0         68   sys_exit.o
        74          0          0          0          0         80   sys_stackheap_outer.o
         2          0          0          0          0         68   use_no_semi.o
        36          4          0          0          0         76   vsprintf.o
        12          0          0          0          0         68   dretinf.o
        86          4          0          0          0         84   f2d.o
       430          8          0          0          0        168   faddsub_clz.o
        24          0          0          0          0         68   fcmpi.o
        38          0          0          0          0         68   fflt_clz.o
       104          4          0          0          0         84   fleqf.o
       258          4          0          0          0         84   fmul.o
       140          4          0          0          0         84   fnaninf.o
        10          0          0          0          0         68   fretinf.o
        98          0          0          0          0         68   frleqf.o
         4          0          0          0          0         68   printf1.o
         4          0          0          0          0         68   printf2.o
         0          0          0          0          0          0   usenofp.o
        40          0          0          0          0         68   fpclassify.o

    ----------------------------------------------------------------------
      8036        290        552          0         96       5020   Library Totals
        20          0          1          0          0          0   (incl. Padding)

    ----------------------------------------------------------------------

      Code (inc. data)   RO Data    RW Data    ZI Data      Debug   Library Name

      6768        266        551          0         96       3972   c_w.l
      1208         24          0          0          0        980   fz_ws.l
        40          0          0          0          0         68   m_ws.l

    ----------------------------------------------------------------------
      8036        290        552          0         96       5020   Library Totals

    ----------------------------------------------------------------------

==============================================================================


      Code (inc. data)   RO Data    RW Data    ZI Data      Debug   

     17650       1044       2002         76       3348    1305262   Grand Totals
     17650       1044       2002         76       3348    1305262   ELF Image Totals
     17650       1044       2002         76          0          0   ROM Totals

==============================================================================

    Total RO  Size (Code + RO Data)                19652 (  19.19kB)
    Total RW  Size (RW Data + ZI Data)              3424 (   3.34kB)
    Total ROM Size (Code + RO Data + RW Data)      19728 (  19.27kB)

==============================================================================

